Component: ARM Compiler 5.06 update 6 (build 750) Tool: armlink [4d35ed]

==============================================================================

Section Cross References

    startup_stm32f103xb.o(STACK) refers (Special) to heapauxi.o(.text) for __use_two_region_memory
    startup_stm32f103xb.o(HEAP) refers (Special) to heapauxi.o(.text) for __use_two_region_memory
    startup_stm32f103xb.o(RESET) refers (Special) to heapauxi.o(.text) for __use_two_region_memory
    startup_stm32f103xb.o(RESET) refers to startup_stm32f103xb.o(STACK) for __initial_sp
    startup_stm32f103xb.o(RESET) refers to startup_stm32f103xb.o(.text) for Reset_Handler
    startup_stm32f103xb.o(RESET) refers to stm32f1xx_it.o(i.NMI_Handler) for NMI_Handler
    startup_stm32f103xb.o(RESET) refers to stm32f1xx_it.o(i.HardFault_Handler) for HardFault_Handler
    startup_stm32f103xb.o(RESET) refers to stm32f1xx_it.o(i.MemManage_Handler) for MemManage_Handler
    startup_stm32f103xb.o(RESET) refers to stm32f1xx_it.o(i.BusFault_Handler) for BusFault_Handler
    startup_stm32f103xb.o(RESET) refers to stm32f1xx_it.o(i.UsageFault_Handler) for UsageFault_Handler
    startup_stm32f103xb.o(RESET) refers to stm32f1xx_it.o(i.SVC_Handler) for SVC_Handler
    startup_stm32f103xb.o(RESET) refers to stm32f1xx_it.o(i.DebugMon_Handler) for DebugMon_Handler
    startup_stm32f103xb.o(RESET) refers to stm32f1xx_it.o(i.PendSV_Handler) for PendSV_Handler
    startup_stm32f103xb.o(RESET) refers to stm32f1xx_it.o(i.SysTick_Handler) for SysTick_Handler
    startup_stm32f103xb.o(RESET) refers to stm32f1xx_it.o(i.USART1_IRQHandler) for USART1_IRQHandler
    startup_stm32f103xb.o(.text) refers (Special) to heapauxi.o(.text) for __use_two_region_memory
    startup_stm32f103xb.o(.text) refers to system_stm32f1xx.o(i.SystemInit) for SystemInit
    startup_stm32f103xb.o(.text) refers to __main.o(!!!main) for __main
    startup_stm32f103xb.o(.text) refers to startup_stm32f103xb.o(HEAP) for Heap_Mem
    startup_stm32f103xb.o(.text) refers to startup_stm32f103xb.o(STACK) for Stack_Mem
    main.o(i.HAL_UART_RxCpltCallback) refers to stm32f1xx_hal_uart.o(i.HAL_UART_Receive_IT) for HAL_UART_Receive_IT
    main.o(i.HAL_UART_RxCpltCallback) refers to main.o(.bss) for .bss
    main.o(i.HAL_UART_RxCpltCallback) refers to main.o(.data) for .data
    main.o(i.MX_ADC1_Init) refers to stm32f1xx_hal_adc.o(i.HAL_ADC_Init) for HAL_ADC_Init
    main.o(i.MX_ADC1_Init) refers to stm32f1xx_hal_adc.o(i.HAL_ADC_ConfigChannel) for HAL_ADC_ConfigChannel
    main.o(i.MX_ADC1_Init) refers to main.o(.bss) for .bss
    main.o(i.MX_GPIO_Init) refers to stm32f1xx_hal_gpio.o(i.HAL_GPIO_WritePin) for HAL_GPIO_WritePin
    main.o(i.MX_GPIO_Init) refers to stm32f1xx_hal_gpio.o(i.HAL_GPIO_Init) for HAL_GPIO_Init
    main.o(i.MX_TIM1_Init) refers to stm32f1xx_hal_tim.o(i.HAL_TIM_Base_Init) for HAL_TIM_Base_Init
    main.o(i.MX_TIM1_Init) refers to stm32f1xx_hal_tim.o(i.HAL_TIM_ConfigClockSource) for HAL_TIM_ConfigClockSource
    main.o(i.MX_TIM1_Init) refers to stm32f1xx_hal_tim_ex.o(i.HAL_TIMEx_MasterConfigSynchronization) for HAL_TIMEx_MasterConfigSynchronization
    main.o(i.MX_TIM1_Init) refers to main.o(.bss) for .bss
    main.o(i.SystemClock_Config) refers to rt_memclr_w.o(.text) for __aeabi_memclr4
    main.o(i.SystemClock_Config) refers to stm32f1xx_hal_rcc.o(i.HAL_RCC_OscConfig) for HAL_RCC_OscConfig
    main.o(i.SystemClock_Config) refers to stm32f1xx_hal_rcc.o(i.HAL_RCC_ClockConfig) for HAL_RCC_ClockConfig
    main.o(i.SystemClock_Config) refers to stm32f1xx_hal_rcc_ex.o(i.HAL_RCCEx_PeriphCLKConfig) for HAL_RCCEx_PeriphCLKConfig
    main.o(i.btn_pressing_callback) refers to clcd_i2c.o(i.CLCD_I2C_Clear) for CLCD_I2C_Clear
    main.o(i.btn_pressing_callback) refers to clcd_i2c.o(i.CLCD_I2C_SetCursor) for CLCD_I2C_SetCursor
    main.o(i.btn_pressing_callback) refers to clcd_i2c.o(i.CLCD_I2C_WriteString) for CLCD_I2C_WriteString
    main.o(i.btn_pressing_callback) refers to main.o(.bss) for .bss
    main.o(i.btn_pressing_callback) refers to main.o(.data) for .data
    main.o(i.get_adc_channel) refers to stm32f1xx_hal_adc.o(i.HAL_ADC_ConfigChannel) for HAL_ADC_ConfigChannel
    main.o(i.get_adc_channel) refers to stm32f1xx_hal_adc.o(i.HAL_ADC_Start) for HAL_ADC_Start
    main.o(i.get_adc_channel) refers to stm32f1xx_hal_adc.o(i.HAL_ADC_PollForConversion) for HAL_ADC_PollForConversion
    main.o(i.get_adc_channel) refers to stm32f1xx_hal_adc.o(i.HAL_ADC_GetValue) for HAL_ADC_GetValue
    main.o(i.get_adc_channel) refers to stm32f1xx_hal_adc.o(i.HAL_ADC_Stop) for HAL_ADC_Stop
    main.o(i.get_adc_channel) refers to main.o(.bss) for .bss
    main.o(i.main) refers to stm32f1xx_hal.o(i.HAL_Init) for HAL_Init
    main.o(i.main) refers to main.o(i.SystemClock_Config) for SystemClock_Config
    main.o(i.main) refers to main.o(i.MX_GPIO_Init) for MX_GPIO_Init
    main.o(i.main) refers to stm32f1xx_hal_i2c.o(i.HAL_I2C_Init) for HAL_I2C_Init
[...]
    .ARM.Collect$$libshutdown$$0000000F      0x08000182   Section        0  libshutdown2.o(.ARM.Collect$$libshutdown$$0000000F)
    .ARM.Collect$$libshutdown$$00000010      0x08000182   Section        2  libshutdown2.o(.ARM.Collect$$libshutdown$$00000010)
    .ARM.Collect$$rtentry$$00000000          0x08000184   Section        0  __rtentry.o(.ARM.Collect$$rtentry$$00000000)
    .ARM.Collect$$rtentry$$00000002          0x08000184   Section        0  __rtentry2.o(.ARM.Collect$$rtentry$$00000002)
    .ARM.Collect$$rtentry$$00000004          0x08000184   Section        6  __rtentry4.o(.ARM.Collect$$rtentry$$00000004)
    .ARM.Collect$$rtentry$$00000009          0x0800018a   Section        0  __rtentry2.o(.ARM.Collect$$rtentry$$00000009)
    .ARM.Collect$$rtentry$$0000000A          0x0800018a   Section        4  __rtentry2.o(.ARM.Collect$$rtentry$$0000000A)
    .ARM.Collect$$rtentry$$0000000C          0x0800018e   Section        0  __rtentry2.o(.ARM.Collect$$rtentry$$0000000C)
    .ARM.Collect$$rtentry$$0000000D          0x0800018e   Section        8  __rtentry2.o(.ARM.Collect$$rtentry$$0000000D)
    .ARM.Collect$$rtexit$$00000000           0x08000196   Section        2  rtexit.o(.ARM.Collect$$rtexit$$00000000)
    .ARM.Collect$$rtexit$$00000002           0x08000198   Section        0  rtexit2.o(.ARM.Collect$$rtexit$$00000002)
    .ARM.Collect$$rtexit$$00000003           0x08000198   Section        4  rtexit2.o(.ARM.Collect$$rtexit$$00000003)
    .ARM.Collect$$rtexit$$00000004           0x0800019c   Section        6  rtexit2.o(.ARM.Collect$$rtexit$$00000004)
    .text                                    0x080001a4   Section       64  startup_stm32f103xb.o(.text)
    .text                                    0x080001e4   Section        0  noretval__2sprintf.o(.text)
    .text                                    0x0800020c   Section        0  __printf.o(.text)
    .text                                    0x08000274   Section        0  _printf_dec.o(.text)
    .text                                    0x080002ec   Section        0  atoi.o(.text)
    .text                                    0x08000306   Section        0  strstr.o(.text)
    .text                                    0x0800032a   Section        0  strcpy.o(.text)
    .text                                    0x08000372   Section        0  strlen.o(.text)
    .text                                    0x080003b0   Section        0  strcat.o(.text)
    .text                                    0x080003c8   Section      100  rt_memcpy_w.o(.text)
    .text                                    0x0800042c   Section       78  rt_memclr_w.o(.text)
    .text                                    0x0800047a   Section        0  heapauxi.o(.text)
    .text                                    0x08000480   Section        8  rt_errno_addr_intlibspace.o(.text)
    .text                                    0x08000488   Section        0  _printf_intcommon.o(.text)
    .text                                    0x0800053c   Section        0  _printf_char_common.o(.text)
    _printf_input_char                       0x0800053d   Thumb Code    10  _printf_char_common.o(.text)
    .text                                    0x0800056c   Section        0  _sputc.o(.text)
    .text                                    0x08000576   Section        0  strtol.o(.text)
    .text                                    0x080005e8   Section        8  libspace.o(.text)
    .text                                    0x080005f0   Section       16  rt_ctype_table.o(.text)
    .text                                    0x08000600   Section        0  _strtoul.o(.text)
    .text                                    0x0800069e   Section       74  sys_stackheap_outer.o(.text)
    .text                                    0x080006e8   Section        8  rt_locale_intlibspace.o(.text)
    .text                                    0x080006f0   Section        0  _chval.o(.text)
    .text                                    0x0800070c   Section        0  exit.o(.text)
    .text                                    0x08000720   Section      128  strcmpv7m.o(.text)
    .text                                    0x080007a0   Section        0  sys_exit.o(.text)
    .text                                    0x080007ac   Section        2  use_no_semi.o(.text)
    .text                                    0x080007ae   Section        0  indicate_semi.o(.text)
    i.ADC_ConversionStop_Disable             0x080007b0   Section        0  stm32f1xx_hal_adc.o(i.ADC_ConversionStop_Disable)
    i.ADC_Enable                             0x08000808   Section        0  stm32f1xx_hal_adc.o(i.ADC_Enable)
    i.BusFault_Handler                       0x08000884   Section        0  stm32f1xx_it.o(i.BusFault_Handler)
    i.CLCD_I2C_Clear                         0x08000886   Section        0  clcd_i2c.o(i.CLCD_I2C_Clear)
    i.CLCD_I2C_Init                          0x0800089a   Section        0  clcd_i2c.o(i.CLCD_I2C_Init)
    i.CLCD_I2C_SetCursor                     0x0800093c   Section        0  clcd_i2c.o(i.CLCD_I2C_SetCursor)
    i.CLCD_I2C_WriteChar                     0x08000980   Section        0  clcd_i2c.o(i.CLCD_I2C_WriteChar)
    i.CLCD_I2C_WriteString                   0x08000986   Section        0  clcd_i2c.o(i.CLCD_I2C_WriteString)
    i.CLCD_WriteI2C                          0x0800099e   Section        0  clcd_i2c.o(i.CLCD_WriteI2C)
    CLCD_WriteI2C                            0x0800099f   Thumb Code   106  clcd_i2c.o(i.CLCD_WriteI2C)
    i.DHT11_Read                             0x08000a08   Section        0  dht11_lib.o(i.DHT11_Read)
    i.DHT11_Start                            0x08000a98   Section        0  dht11_lib.o(i.DHT11_Start)
    i.DebugMon_Handler                       0x08000b44   Section        0  stm32f1xx_it.o(i.DebugMon_Handler)
    i.HAL_ADCEx_Calibration_Start            0x08000b48   Section        0  stm32f1xx_hal_adc_ex.o(i.HAL_ADCEx_Calibration_Start)
    i.HAL_ADC_ConfigChannel                  0x08000c20   Section        0  stm32f1xx_hal_adc.o(i.HAL_ADC_ConfigChannel)
    i.HAL_ADC_GetValue                       0x08000d1c   Section        0  stm32f1xx_hal_adc.o(i.HAL_ADC_GetValue)
    i.HAL_ADC_Init                           0x08000d24   Section        0  stm32f1xx_hal_adc.o(i.HAL_ADC_Init)
    i.HAL_ADC_MspInit                        0x08000e40   Section        0  stm32f1xx_hal_msp.o(i.HAL_ADC_MspInit)
    i.HAL_ADC_PollForConversion              0x08000e98   Section        0  stm32f1xx_hal_adc.o(i.HAL_ADC_PollForConversion)
    i.HAL_ADC_Start                          0x08000fd4   Section        0  stm32f1xx_hal_adc.o(i.HAL_ADC_Start)
    i.HAL_ADC_Stop                           0x08001094   Section        0  stm32f1xx_hal_adc.o(i.HAL_ADC_Stop)
    i.HAL_DMA_Abort                          0x080010c8   Section        0  stm32f1xx_hal_dma.o(i.HAL_DMA_Abort)
    i.HAL_DMA_Abort_IT                       0x08001110   Section        0  stm32f1xx_hal_dma.o(i.HAL_DMA_Abort_IT)
    i.HAL_Delay                              0x080011a8   Section        0  stm32f1xx_hal.o(i.HAL_Delay)
    i.HAL_GPIO_Init                          0x080011cc   Section        0  stm32f1xx_hal_gpio.o(i.HAL_GPIO_Init)
    i.HAL_GPIO_ReadPin                       0x080013ac   Section        0  stm32f1xx_hal_gpio.o(i.HAL_GPIO_ReadPin)
    i.HAL_GPIO_WritePin                      0x080013b6   Section        0  stm32f1xx_hal_gpio.o(i.HAL_GPIO_WritePin)
    i.HAL_GetTick                            0x080013c0   Section        0  stm32f1xx_hal.o(i.HAL_GetTick)
    i.HAL_I2C_Init                           0x080013cc   Section        0  stm32f1xx_hal_i2c.o(i.HAL_I2C_Init)
    i.HAL_I2C_Master_Transmit                0x08001554   Section        0  stm32f1xx_hal_i2c.o(i.HAL_I2C_Master_Transmit)
    i.HAL_I2C_MspInit                        0x08001680   Section        0  stm32f1xx_hal_msp.o(i.HAL_I2C_MspInit)
    i.HAL_IncTick                            0x080016dc   Section        0  stm32f1xx_hal.o(i.HAL_IncTick)
    i.HAL_Init                               0x080016ec   Section        0  stm32f1xx_hal.o(i.HAL_Init)
    i.HAL_InitTick                           0x08001710   Section        0  stm32f1xx_hal.o(i.HAL_InitTick)
    i.HAL_MspInit                            0x08001750   Section        0  stm32f1xx_hal_msp.o(i.HAL_MspInit)
    i.HAL_NVIC_EnableIRQ                     0x0800178c   Section        0  stm32f1xx_hal_cortex.o(i.HAL_NVIC_EnableIRQ)
    i.HAL_NVIC_SetPriority                   0x080017a8   Section        0  stm32f1xx_hal_cortex.o(i.HAL_NVIC_SetPriority)
    i.HAL_NVIC_SetPriorityGrouping           0x080017e8   Section        0  stm32f1xx_hal_cortex.o(i.HAL_NVIC_SetPriorityGrouping)
    i.HAL_RCCEx_GetPeriphCLKFreq             0x0800180c   Section        0  stm32f1xx_hal_rcc_ex.o(i.HAL_RCCEx_GetPeriphCLKFreq)
    i.HAL_RCCEx_PeriphCLKConfig              0x080018d4   Section        0  stm32f1xx_hal_rcc_ex.o(i.HAL_RCCEx_PeriphCLKConfig)
    i.HAL_RCC_ClockConfig                    0x080019c0   Section        0  stm32f1xx_hal_rcc.o(i.HAL_RCC_ClockConfig)
    i.HAL_RCC_GetPCLK1Freq                   0x08001aec   Section        0  stm32f1xx_hal_rcc.o(i.HAL_RCC_GetPCLK1Freq)
    i.HAL_RCC_GetPCLK2Freq                   0x08001b0c   Section        0  stm32f1xx_hal_rcc.o(i.HAL_RCC_GetPCLK2Freq)
    i.HAL_RCC_GetSysClockFreq                0x08001b2c   Section        0  stm32f1xx_hal_rcc.o(i.HAL_RCC_GetSysClockFreq)
    i.HAL_RCC_OscConfig                      0x08001b98   Section        0  stm32f1xx_hal_rcc.o(i.HAL_RCC_OscConfig)
    i.HAL_SYSTICK_Config                     0x08001eb8   Section        0  stm32f1xx_hal_cortex.o(i.HAL_SYSTICK_Config)
    i.HAL_TIMEx_MasterConfigSynchronization  0x08001ee0   Section        0  stm32f1xx_hal_tim_ex.o(i.HAL_TIMEx_MasterConfigSynchronization)
    i.HAL_TIM_Base_Init                      0x08001f48   Section        0  stm32f1xx_hal_tim.o(i.HAL_TIM_Base_Init)
    i.HAL_TIM_Base_MspInit                   0x08001fa4   Section        0  stm32f1xx_hal_msp.o(i.HAL_TIM_Base_MspInit)
    i.HAL_TIM_Base_Start                     0x08001fcc   Section        0  stm32f1xx_hal_tim.o(i.HAL_TIM_Base_Start)
    i.HAL_TIM_Base_Stop                      0x0800201c   Section        0  stm32f1xx_hal_tim.o(i.HAL_TIM_Base_Stop)
    i.HAL_TIM_ConfigClockSource              0x08002042   Section        0  stm32f1xx_hal_tim.o(i.HAL_TIM_ConfigClockSource)
    i.HAL_UARTEx_RxEventCallback             0x08002118   Section        0  stm32f1xx_hal_uart.o(i.HAL_UARTEx_RxEventCallback)
    i.HAL_UART_ErrorCallback                 0x0800211a   Section        0  stm32f1xx_hal_uart.o(i.HAL_UART_ErrorCallback)
    i.HAL_UART_IRQHandler                    0x0800211c   Section        0  stm32f1xx_hal_uart.o(i.HAL_UART_IRQHandler)
    i.HAL_UART_Init                          0x08002328   Section        0  stm32f1xx_hal_uart.o(i.HAL_UART_Init)
    i.HAL_UART_MspInit                       0x0800238c   Section        0  stm32f1xx_hal_msp.o(i.HAL_UART_MspInit)
    i.HAL_UART_Receive_IT                    0x0800240c   Section        0  stm32f1xx_hal_uart.o(i.HAL_UART_Receive_IT)
    i.HAL_UART_RxCpltCallback                0x08002438   Section        0  main.o(i.HAL_UART_RxCpltCallback)
    i.HAL_UART_Transmit                      0x08002488   Section        0  stm32f1xx_hal_uart.o(i.HAL_UART_Transmit)
    i.HAL_UART_TxCpltCallback                0x0800253a   Section        0  stm32f1xx_hal_uart.o(i.HAL_UART_TxCpltCallback)
    i.HardFault_Handler                      0x0800253c   Section        0  stm32f1xx_it.o(i.HardFault_Handler)
    i.I2C_IsAcknowledgeFailed                0x0800253e   Section        0  stm32f1xx_hal_i2c.o(i.I2C_IsAcknowledgeFailed)
    I2C_IsAcknowledgeFailed                  0x0800253f   Thumb Code    46  stm32f1xx_hal_i2c.o(i.I2C_IsAcknowledgeFailed)
    i.I2C_MasterRequestWrite                 0x0800256c   Section        0  stm32f1xx_hal_i2c.o(i.I2C_MasterRequestWrite)
    I2C_MasterRequestWrite                   0x0800256d   Thumb Code   150  stm32f1xx_hal_i2c.o(i.I2C_MasterRequestWrite)
    i.I2C_WaitOnBTFFlagUntilTimeout          0x08002608   Section        0  stm32f1xx_hal_i2c.o(i.I2C_WaitOnBTFFlagUntilTimeout)
    I2C_WaitOnBTFFlagUntilTimeout            0x08002609   Thumb Code    76  stm32f1xx_hal_i2c.o(i.I2C_WaitOnBTFFlagUntilTimeout)
    i.I2C_WaitOnFlagUntilTimeout             0x08002654   Section        0  stm32f1xx_hal_i2c.o(i.I2C_WaitOnFlagUntilTimeout)
    I2C_WaitOnFlagUntilTimeout               0x08002655   Thumb Code   104  stm32f1xx_hal_i2c.o(i.I2C_WaitOnFlagUntilTimeout)
    i.I2C_WaitOnMasterAddressFlagUntilTimeout 0x080026bc   Section        0  stm32f1xx_hal_i2c.o(i.I2C_WaitOnMasterAddressFlagUntilTimeout)
    I2C_WaitOnMasterAddressFlagUntilTimeout  0x080026bd   Thumb Code   150  stm32f1xx_hal_i2c.o(i.I2C_WaitOnMasterAddressFlagUntilTimeout)
    i.I2C_WaitOnTXEFlagUntilTimeout          0x08002752   Section        0  stm32f1xx_hal_i2c.o(i.I2C_WaitOnTXEFlagUntilTimeout)
    I2C_WaitOnTXEFlagUntilTimeout            0x08002753   Thumb Code    76  stm32f1xx_hal_i2c.o(i.I2C_WaitOnTXEFlagUntilTimeout)
    i.MX_ADC1_Init                           0x080027a0   Section        0  main.o(i.MX_ADC1_Init)
    MX_ADC1_Init                             0x080027a1   Thumb Code    68  main.o(i.MX_ADC1_Init)
    i.MX_GPIO_Init                           0x080027ec   Section        0  main.o(i.MX_GPIO_Init)
    MX_GPIO_Init                             0x080027ed   Thumb Code   118  main.o(i.MX_GPIO_Init)
    i.MX_TIM1_Init                           0x08002870   Section        0  main.o(i.MX_TIM1_Init)
    MX_TIM1_Init                             0x08002871   Thumb Code    96  main.o(i.MX_TIM1_Init)
    i.MemManage_Handler                      0x080028d8   Section        0  stm32f1xx_it.o(i.MemManage_Handler)
    i.NMI_Handler                            0x080028da   Section        0  stm32f1xx_it.o(i.NMI_Handler)
    i.PendSV_Handler                         0x080028dc   Section        0  stm32f1xx_it.o(i.PendSV_Handler)
    i.SVC_Handler                            0x080028de   Section        0  stm32f1xx_it.o(i.SVC_Handler)
    i.SysTick_Handler                        0x080028e0   Section        0  stm32f1xx_it.o(i.SysTick_Handler)
    i.SystemClock_Config                     0x080028e4   Section        0  main.o(i.SystemClock_Config)
    i.SystemInit                             0x0800295c   Section        0  system_stm32f1xx.o(i.SystemInit)
    i.TIM_Base_SetConfig                     0x08002960   Section        0  stm32f1xx_hal_tim.o(i.TIM_Base_SetConfig)
    i.TIM_ETR_SetConfig                      0x080029cc   Section        0  stm32f1xx_hal_tim.o(i.TIM_ETR_SetConfig)
    i.TIM_ITRx_SetConfig                     0x080029e0   Section        0  stm32f1xx_hal_tim.o(i.TIM_ITRx_SetConfig)
    TIM_ITRx_SetConfig                       0x080029e1   Thumb Code    16  stm32f1xx_hal_tim.o(i.TIM_ITRx_SetConfig)
    i.TIM_TI1_ConfigInputStage               0x080029f0   Section        0  stm32f1xx_hal_tim.o(i.TIM_TI1_ConfigInputStage)
    TIM_TI1_ConfigInputStage                 0x080029f1   Thumb Code    34  stm32f1xx_hal_tim.o(i.TIM_TI1_ConfigInputStage)
    i.TIM_TI2_ConfigInputStage               0x08002a12   Section        0  stm32f1xx_hal_tim.o(i.TIM_TI2_ConfigInputStage)
    TIM_TI2_ConfigInputStage                 0x08002a13   Thumb Code    36  stm32f1xx_hal_tim.o(i.TIM_TI2_ConfigInputStage)
    i.UART_DMAAbortOnError                   0x08002a36   Section        0  stm32f1xx_hal_uart.o(i.UART_DMAAbortOnError)
    UART_DMAAbortOnError                     0x08002a37   Thumb Code    16  stm32f1xx_hal_uart.o(i.UART_DMAAbortOnError)
    i.UART_EndRxTransfer                     0x08002a46   Section        0  stm32f1xx_hal_uart.o(i.UART_EndRxTransfer)
    UART_EndRxTransfer                       0x08002a47   Thumb Code    48  stm32f1xx_hal_uart.o(i.UART_EndRxTransfer)
    i.UART_Receive_IT                        0x08002a76   Section        0  stm32f1xx_hal_uart.o(i.UART_Receive_IT)
    UART_Receive_IT                          0x08002a77   Thumb Code   182  stm32f1xx_hal_uart.o(i.UART_Receive_IT)
    i.UART_SetConfig                         0x08002b2c   Section        0  stm32f1xx_hal_uart.o(i.UART_SetConfig)
    UART_SetConfig                           0x08002b2d   Thumb Code   178  stm32f1xx_hal_uart.o(i.UART_SetConfig)
    i.UART_Start_Receive_IT                  0x08002be4   Section        0  stm32f1xx_hal_uart.o(i.UART_Start_Receive_IT)
    i.UART_WaitOnFlagUntilTimeout            0x08002c1a   Section        0  stm32f1xx_hal_uart.o(i.UART_WaitOnFlagUntilTimeout)
    UART_WaitOnFlagUntilTimeout              0x08002c1b   Thumb Code   100  stm32f1xx_hal_uart.o(i.UART_WaitOnFlagUntilTimeout)
    i.USART1_IRQHandler                      0x08002c80   Section        0  stm32f1xx_it.o(i.USART1_IRQHandler)
    i.UsageFault_Handler                     0x08002c8c   Section        0  stm32f1xx_it.o(i.UsageFault_Handler)
    i.__NVIC_SetPriority                     0x08002c8e   Section        0  stm32f1xx_hal_cortex.o(i.__NVIC_SetPriority)
    __NVIC_SetPriority                       0x08002c8f   Thumb Code    32  stm32f1xx_hal_cortex.o(i.__NVIC_SetPriority)
    i.btn_press_short_callback               0x08002cae   Section        0  button.o(i.btn_press_short_callback)
    i.btn_press_timeout_callback             0x08002cb0   Section        0  button.o(i.btn_press_timeout_callback)
    i.btn_pressing_callback                  0x08002cb4   Section        0  main.o(i.btn_pressing_callback)
    i.btn_release_callback                   0x08002e04   Section        0  button.o(i.btn_release_callback)
    i.button_handle                          0x08002e06   Section        0  button.o(i.button_handle)
    i.button_init                            0x08002e96   Section        0  button.o(i.button_init)
    i.check_number                           0x08002ea4   Section        0  uart_lib.o(i.check_number)
    i.float_to_string                        0x08002ecc   Section        0  uart_lib.o(i.float_to_string)
    i.get_adc_channel                        0x08002f58   Section        0  main.o(i.get_adc_channel)
    i.get_gas                                0x08002f98   Section        0  uart_lib.o(i.get_gas)
    i.get_humidity                           0x08002fe0   Section        0  uart_lib.o(i.get_humidity)
    i.get_temperature                        0x08003024   Section        0  uart_lib.o(i.get_temperature)
    i.main                                   0x08003068   Section        0  main.o(i.main)
    i.microDelay                             0x08003264   Section        0  dht11_lib.o(i.microDelay)
    i.read_3_dht11                           0x08003294   Section        0  dht11_lib.o(i.read_3_dht11)
    i.send_message_to_LCD                    0x08003360   Section        0  uart_lib.o(i.send_message_to_LCD)
    i.send_message_to_computer               0x0800348c   Section        0  uart_lib.o(i.send_message_to_computer)
    i.tem_string_handle                      0x08003590   Section        0  uart_lib.o(i.tem_string_handle)
    i.threshold_handle                       0x08003a80   Section        0  uart_lib.o(i.threshold_handle)
    i.uart_receive_handle                    0x08003af8   Section        0  uart_lib.o(i.uart_receive_handle)
    locale$$code                             0x08003c64   Section       44  lc_ctype_c.o(locale$$code)
    x$fpl$d2f                                0x08003c90   Section       98  d2f.o(x$fpl$d2f)
    x$fpl$ddiv                               0x08003cf4   Section      688  ddiv.o(x$fpl$ddiv)
    ddiv_entry                               0x08003cfb   Thumb Code     0  ddiv.o(x$fpl$ddiv)
    x$fpl$dfltu                              0x08003fa4   Section       38  dflt_clz.o(x$fpl$dfltu)
    x$fpl$dnaninf                            0x08003fca   Section      156  dnaninf.o(x$fpl$dnaninf)
    x$fpl$dretinf                            0x08004066   Section       12  dretinf.o(x$fpl$dretinf)
    x$fpl$fadd                               0x08004074   Section      196  faddsub_clz.o(x$fpl$fadd)
    _fadd1                                   0x08004083   Thumb Code     0  faddsub_clz.o(x$fpl$fadd)
    x$fpl$fcmpinf                            0x08004138   Section       24  fcmpi.o(x$fpl$fcmpinf)
    x$fpl$fdiv                               0x08004150   Section      388  fdiv.o(x$fpl$fdiv)
    _fdiv1                                   0x08004151   Thumb Code     0  fdiv.o(x$fpl$fdiv)
    x$fpl$ffix                               0x080042d4   Section       54  ffix.o(x$fpl$ffix)
    x$fpl$fflt                               0x0800430c   Section       48  fflt_clz.o(x$fpl$fflt)
    x$fpl$ffltu                              0x0800433c   Section       38  fflt_clz.o(x$fpl$ffltu)
    x$fpl$fleqf                              0x08004364   Section      104  fleqf.o(x$fpl$fleqf)
    x$fpl$fmul                               0x080043cc   Section      258  fmul.o(x$fpl$fmul)
    x$fpl$fnaninf                            0x080044ce   Section      140  fnaninf.o(x$fpl$fnaninf)
    x$fpl$fretinf                            0x0800455a   Section       10  fretinf.o(x$fpl$fretinf)
    x$fpl$frsb                               0x08004564   Section       20  faddsub_clz.o(x$fpl$frsb)
    x$fpl$fsub                               0x08004578   Section      234  faddsub_clz.o(x$fpl$fsub)
    _fsub1                                   0x08004587   Thumb Code     0  faddsub_clz.o(x$fpl$fsub)
    .constdata                               0x08004662   Section       16  system_stm32f1xx.o(.constdata)
    x$fpl$usenofp                            0x08004662   Section        0  usenofp.o(x$fpl$usenofp)
    .constdata                               0x08004672   Section        8  system_stm32f1xx.o(.constdata)
    .constdata                               0x0800467c   Section       12  dht11_lib.o(.constdata)
    .constdata                               0x08004688   Section      810  uart_lib.o(.constdata)
    locale$$data                             0x080049d4   Section      272  lc_ctype_c.o(locale$$data)
    __lcctype_c_name                         0x080049d8   Data           2  lc_ctype_c.o(locale$$data)
    __lcctype_c_start                        0x080049e0   Data           0  lc_ctype_c.o(locale$$data)
    __lcctype_c_end                          0x08004ae4   Data           0  lc_ctype_c.o(locale$$data)
    .data                                    0x20000000   Section       36  main.o(.data)
    .data                                    0x20000024   Section        1  main.o(.data)
    .data                                    0x20000025   Section        1  main.o(.data)
    .data                                    0x20000026   Section        2  main.o(.data)
    .data                                    0x20000028   Section        1  main.o(.data)
    .data                                    0x2000002c   Section       12  stm32f1xx_hal.o(.data)
    .data                                    0x20000038   Section        4  system_stm32f1xx.o(.data)
    .data                                    0x2000003c   Section        8  dht11_lib.o(.data)
    .bss                                     0x20000044   Section      468  main.o(.bss)
    .bss                                     0x20000218   Section       96  libspace.o(.bss)
    HEAP                                     0x20000278   Section      512  startup_stm32f103xb.o(HEAP)
    Heap_Mem                                 0x20000278   Data         512  startup_stm32f103xb.o(HEAP)
    STACK                                    0x20000478   Section     1024  startup_stm32f103xb.o(STACK)
    Stack_Mem                                0x20000478   Data        1024  startup_stm32f103xb.o(STACK)
    __initial_sp                             0x20000878   Data           0  startup_stm32f103xb.o(STACK)

    Global Symbols

    Symbol Name                              Value     Ov Type        Size  Object(Section)

    BuildAttributes$$THM_ISAv4$P$D$K$B$S$PE$A:L22UL41UL21$X:L11$S22US41US21$IEEE1$IW$USESV6$~STKCKD$USESV7$~SHL$OSPACE$ROPI$EBA8$UX$STANDARDLIB$REQ8$PRES8$EABIv2 0x00000000   Number         0  anon$$obj.o ABSOLUTE
    __ARM_use_no_argv                        0x00000000   Number         0  main.o ABSOLUTE
    __ARM_exceptions_init                     - Undefined Weak Reference
    __alloca_initialize                       - Undefined Weak Reference
    __arm_preinit_                            - Undefined Weak Reference
    __cpp_initialize__aeabi_                  - Undefined Weak Reference
    __cxa_finalize                            - Undefined Weak Reference
    __sigvec_lookup                           - Undefined Weak Reference
    _atexit_init                              - Undefined Weak Reference
    _call_atexit_fns                          - Undefined Weak Reference
    _clock_init                               - Undefined Weak Reference
    _fp_trap_init                             - Undefined Weak Reference
    _fp_trap_shutdown                         - Undefined Weak Reference
    _get_lc_collate                           - Undefined Weak Reference
    _get_lc_monetary                          - Undefined Weak Reference
    _get_lc_numeric                           - Undefined Weak Reference
    _get_lc_time                              - Undefined Weak Reference
    _getenv_init                              - Undefined Weak Reference
    _handle_redirection                       - Undefined Weak Reference
    _init_alloc                               - Undefined Weak Reference
    _init_user_alloc                          - Undefined Weak Reference
    _initio                                   - Undefined Weak Reference
    _printf_post_padding                      - Undefined Weak Reference
    _printf_pre_padding                       - Undefined Weak Reference
    _printf_truncate_signed                   - Undefined Weak Reference
    _printf_truncate_unsigned                 - Undefined Weak Reference
    _rand_init                                - Undefined Weak Reference
    _signal_finish                            - Undefined Weak Reference
    _signal_init                              - Undefined Weak Reference
    _terminate_alloc                          - Undefined Weak Reference
    _terminate_user_alloc                     - Undefined Weak Reference
    _terminateio                              - Undefined Weak Reference
    __Vectors_Size                           0x000000ec   Number         0  startup_stm32f103xb.o ABSOLUTE
    __Vectors                                0x08000000   Data           4  startup_stm32f103xb.o(RESET)
    __Vectors_End                            0x080000ec   Data           0  startup_stm32f103xb.o(RESET)
    __main                                   0x080000ed   Thumb Code     8  __main.o(!!!main)
    __scatterload                            0x080000f5   Thumb Code     0  __scatter.o(!!!scatter)
    __scatterload_rt2                        0x080000f5   Thumb Code    44  __scatter.o(!!!scatter)
    __scatterload_rt2_thumb_only             0x080000f5   Thumb Code     0  __scatter.o(!!!scatter)
    __scatterload_null                       0x08000103   Thumb Code     0  __scatter.o(!!!scatter)
    __scatterload_copy                       0x08000129   Thumb Code    26  __scatter_copy.o(!!handler_copy)
    __scatterload_zeroinit                   0x08000145   Thumb Code    28  __scatter_zi.o(!!handler_zi)
    _printf_d                                0x08000161   Thumb Code     0  _printf_d.o(.ARM.Collect$$_printf_percent$$00000009)
    _printf_percent                          0x08000161   Thumb Code     0  _printf_percent.o(.ARM.Collect$$_printf_percent$$00000000)
    _printf_percent_end                      0x08000167   Thumb Code     0  _printf_percent_end.o(.ARM.Collect$$_printf_percent$$00000017)
    __rt_lib_init                            0x0800016b   Thumb Code     0  libinit.o(.ARM.Collect$$libinit$$00000000)
    __rt_lib_init_fp_1                       0x0800016d   Thumb Code     0  libinit2.o(.ARM.Collect$$libinit$$00000002)
    __rt_lib_init_heap_1                     0x0800016d   Thumb Code     0  libinit2.o(.ARM.Collect$$libinit$$0000000A)
    __rt_lib_init_lc_common                  0x0800016d   Thumb Code     0  libinit2.o(.ARM.Collect$$libinit$$0000000F)
    __rt_lib_init_preinit_1                  0x0800016d   Thumb Code     0  libinit2.o(.ARM.Collect$$libinit$$00000004)
    __rt_lib_init_rand_1                     0x0800016d   Thumb Code     0  libinit2.o(.ARM.Collect$$libinit$$0000000E)
    __rt_lib_init_user_alloc_1               0x0800016d   Thumb Code     0  libinit2.o(.ARM.Collect$$libinit$$0000000C)
    __rt_lib_init_lc_collate_1               0x08000173   Thumb Code     0  libinit2.o(.ARM.Collect$$libinit$$00000011)
    __rt_lib_init_lc_ctype_2                 0x08000173   Thumb Code     0  libinit2.o(.ARM.Collect$$libinit$$00000012)
    __rt_lib_init_alloca_1                   0x0800017f   Thumb Code     0  libinit2.o(.ARM.Collect$$libinit$$0000002E)
    __rt_lib_init_argv_1                     0x0800017f   Thumb Code     0  libinit2.o(.ARM.Collect$$libinit$$0000002C)
    __rt_lib_init_atexit_1                   0x0800017f   Thumb Code     0  libinit2.o(.ARM.Collect$$libinit$$0000001B)
    __rt_lib_init_clock_1                    0x0800017f   Thumb Code     0  libinit2.o(.ARM.Collect$$libinit$$00000021)
    __rt_lib_init_cpp_1                      0x0800017f   Thumb Code     0  libinit2.o(.ARM.Collect$$libinit$$00000032)
    __rt_lib_init_exceptions_1               0x0800017f   Thumb Code     0  libinit2.o(.ARM.Collect$$libinit$$00000030)
    __rt_lib_init_fp_trap_1                  0x0800017f   Thumb Code     0  libinit2.o(.ARM.Collect$$libinit$$0000001F)
    __rt_lib_init_getenv_1                   0x0800017f   Thumb Code     0  libinit2.o(.ARM.Collect$$libinit$$00000023)
    __rt_lib_init_lc_ctype_1                 0x0800017f   Thumb Code     0  libinit2.o(.ARM.Collect$$libinit$$00000013)
    __rt_lib_init_lc_monetary_1              0x0800017f   Thumb Code     0  libinit2.o(.ARM.Collect$$libinit$$00000015)
    __rt_lib_init_lc_numeric_1               0x0800017f   Thumb Code     0  libinit2.o(.ARM.Collect$$libinit$$00000017)
    __rt_lib_init_lc_time_1                  0x0800017f   Thumb Code     0  libinit2.o(.ARM.Collect$$libinit$$00000019)
    __rt_lib_init_return                     0x0800017f   Thumb Code     0  libinit2.o(.ARM.Collect$$libinit$$00000033)
    __rt_lib_init_signal_1                   0x0800017f   Thumb Code     0  libinit2.o(.ARM.Collect$$libinit$$0000001D)
    __rt_lib_init_stdio_1                    0x0800017f   Thumb Code     0  libinit2.o(.ARM.Collect$$libinit$$00000025)
    __rt_lib_shutdown                        0x08000181   Thumb Code     0  libshutdown.o(.ARM.Collect$$libshutdown$$00000000)
    __rt_lib_shutdown_cpp_1                  0x08000183   Thumb Code     0  libshutdown2.o(.ARM.Collect$$libshutdown$$00000002)
    __rt_lib_shutdown_fp_trap_1              0x08000183   Thumb Code     0  libshutdown2.o(.ARM.Collect$$libshutdown$$00000007)
    __rt_lib_shutdown_heap_1                 0x08000183   Thumb Code     0  libshutdown2.o(.ARM.Collect$$libshutdown$$0000000F)
    __rt_lib_shutdown_return                 0x08000183   Thumb Code     0  libshutdown2.o(.ARM.Collect$$libshutdown$$00000010)
    __rt_lib_shutdown_signal_1               0x08000183   Thumb Code     0  libshutdown2.o(.ARM.Collect$$libshutdown$$0000000A)
    __rt_lib_shutdown_stdio_1                0x08000183   Thumb Code     0  libshutdown2.o(.ARM.Collect$$libshutdown$$00000004)
    __rt_lib_shutdown_user_alloc_1           0x08000183   Thumb Code     0  libshutdown2.o(.ARM.Collect$$libshutdown$$0000000C)
    __rt_entry                               0x08000185   Thumb Code     0  __rtentry.o(.ARM.Collect$$rtentry$$00000000)
    __rt_entry_presh_1                       0x08000185   Thumb Code     0  __rtentry2.o(.ARM.Collect$$rtentry$$00000002)
    __rt_entry_sh                            0x08000185   Thumb Code     0  __rtentry4.o(.ARM.Collect$$rtentry$$00000004)
    __rt_entry_li                            0x0800018b   Thumb Code     0  __rtentry2.o(.ARM.Collect$$rtentry$$0000000A)
    __rt_entry_postsh_1                      0x0800018b   Thumb Code     0  __rtentry2.o(.ARM.Collect$$rtentry$$00000009)
    __rt_entry_main                          0x0800018f   Thumb Code     0  __rtentry2.o(.ARM.Collect$$rtentry$$0000000D)
    __rt_entry_postli_1                      0x0800018f   Thumb Code     0  __rtentry2.o(.ARM.Collect$$rtentry$$0000000C)
    __rt_exit                                0x08000197   Thumb Code     0  rtexit.o(.ARM.Collect$$rtexit$$00000000)
    __rt_exit_ls                             0x08000199   Thumb Code     0  rtexit2.o(.ARM.Collect$$rtexit$$00000003)
    __rt_exit_prels_1                        0x08000199   Thumb Code     0  rtexit2.o(.ARM.Collect$$rtexit$$00000002)
    __rt_exit_exit                           0x0800019d   Thumb Code     0  rtexit2.o(.ARM.Collect$$rtexit$$00000004)
    Reset_Handler                            0x080001a5   Thumb Code     8  startup_stm32f103xb.o(.text)
    ADC1_2_IRQHandler                        0x080001bf   Thumb Code     0  startup_stm32f103xb.o(.text)
    CAN1_RX1_IRQHandler                      0x080001bf   Thumb Code     0  startup_stm32f103xb.o(.text)
    CAN1_SCE_IRQHandler                      0x080001bf   Thumb Code     0  startup_stm32f103xb.o(.text)
    DMA1_Channel1_IRQHandler                 0x080001bf   Thumb Code     0  startup_stm32f103xb.o(.text)
    DMA1_Channel2_IRQHandler                 0x080001bf   Thumb Code     0  startup_stm32f103xb.o(.text)
    DMA1_Channel3_IRQHandler                 0x080001bf   Thumb Code     0  startup_stm32f103xb.o(.text)
    DMA1_Channel4_IRQHandler                 0x080001bf   Thumb Code     0  startup_stm32f103xb.o(.text)
    DMA1_Channel5_IRQHandler                 0x080001bf   Thumb Code     0  startup_stm32f103xb.o(.text)
    DMA1_Channel6_IRQHandler                 0x080001bf   Thumb Code     0  startup_stm32f103xb.o(.text)
    DMA1_Channel7_IRQHandler                 0x080001bf   Thumb Code     0  startup_stm32f103xb.o(.text)
    EXTI0_IRQHandler                         0x080001bf   Thumb Code     0  startup_stm32f103xb.o(.text)
    EXTI15_10_IRQHandler                     0x080001bf   Thumb Code     0  startup_stm32f103xb.o(.text)
    EXTI1_IRQHandler                         0x080001bf   Thumb Code     0  startup_stm32f103xb.o(.text)
    EXTI2_IRQHandler                         0x080001bf   Thumb Code     0  startup_stm32f103xb.o(.text)
    EXTI3_IRQHandler                         0x080001bf   Thumb Code     0  startup_stm32f103xb.o(.text)
    EXTI4_IRQHandler                         0x080001bf   Thumb Code     0  startup_stm32f103xb.o(.text)
    EXTI9_5_IRQHandler                       0x080001bf   Thumb Code     0  startup_stm32f103xb.o(.text)
    FLASH_IRQHandler                         0x080001bf   Thumb Code     0  startup_stm32f103xb.o(.text)
    I2C1_ER_IRQHandler                       0x080001bf   Thumb Code     0  startup_stm32f103xb.o(.text)
    I2C1_EV_IRQHandler                       0x080001bf   Thumb Code     0  startup_stm32f103xb.o(.text)
    I2C2_ER_IRQHandler                       0x080001bf   Thumb Code     0  startup_stm32f103xb.o(.text)
    I2C2_EV_IRQHandler                       0x080001bf   Thumb Code     0  startup_stm32f103xb.o(.text)
    PVD_IRQHandler                           0x080001bf   Thumb Code     0  startup_stm32f103xb.o(.text)
    RCC_IRQHandler                           0x080001bf   Thumb Code     0  startup_stm32f103xb.o(.text)
    RTC_Alarm_IRQHandler                     0x080001bf   Thumb Code     0  startup_stm32f103xb.o(.text)
    RTC_IRQHandler                           0x080001bf   Thumb Code     0  startup_stm32f103xb.o(.text)
    SPI1_IRQHandler                          0x080001bf   Thumb Code     0  startup_stm32f103xb.o(.text)
    SPI2_IRQHandler                          0x080001bf   Thumb Code     0  startup_stm32f103xb.o(.text)
    TAMPER_IRQHandler                        0x080001bf   Thumb Code     0  startup_stm32f103xb.o(.text)
    TIM1_BRK_IRQHandler                      0x080001bf   Thumb Code     0  startup_stm32f103xb.o(.text)
    TIM1_CC_IRQHandler                       0x080001bf   Thumb Code     0  startup_stm32f103xb.o(.text)
    TIM1_TRG_COM_IRQHandler                  0x080001bf   Thumb Code     0  startup_stm32f103xb.o(.text)
    TIM1_UP_IRQHandler                       0x080001bf   Thumb Code     0  startup_stm32f103xb.o(.text)
    TIM2_IRQHandler                          0x080001bf   Thumb Code     0  startup_stm32f103xb.o(.text)
    TIM3_IRQHandler                          0x080001bf   Thumb Code     0  startup_stm32f103xb.o(.text)
    TIM4_IRQHandler                          0x080001bf   Thumb Code     0  startup_stm32f103xb.o(.text)
    USART2_IRQHandler                        0x080001bf   Thumb Code     0  startup_stm32f103xb.o(.text)
    USART3_IRQHandler                        0x080001bf   Thumb Code     0  startup_stm32f103xb.o(.text)
    USBWakeUp_IRQHandler                     0x080001bf   Thumb Code     0  startup_stm32f103xb.o(.text)
    USB_HP_CAN1_TX_IRQHandler                0x080001bf   Thumb Code     0  startup_stm32f103xb.o(.text)
    USB_LP_CAN1_RX0_IRQHandler               0x080001bf   Thumb Code     0  startup_stm32f103xb.o(.text)
    WWDG_IRQHandler                          0x080001bf   Thumb Code     0  startup_stm32f103xb.o(.text)
    __user_initial_stackheap                 0x080001c1   Thumb Code     0  startup_stm32f103xb.o(.text)
    __2sprintf                               0x080001e5   Thumb Code    34  noretval__2sprintf.o(.text)
    __printf                                 0x0800020d   Thumb Code   104  __printf.o(.text)
    _printf_int_dec                          0x08000275   Thumb Code   104  _printf_dec.o(.text)
    atoi                                     0x080002ed   Thumb Code    26  atoi.o(.text)
    strstr                                   0x08000307   Thumb Code    36  strstr.o(.text)
    strcpy                                   0x0800032b   Thumb Code    72  strcpy.o(.text)
    strlen                                   0x08000373   Thumb Code    62  strlen.o(.text)
    strcat                                   0x080003b1   Thumb Code    24  strcat.o(.text)
    __aeabi_memcpy4                          0x080003c9   Thumb Code     0  rt_memcpy_w.o(.text)
    __aeabi_memcpy8                          0x080003c9   Thumb Code     0  rt_memcpy_w.o(.text)
    __rt_memcpy_w                            0x080003c9   Thumb Code   100  rt_memcpy_w.o(.text)
    _memcpy_lastbytes_aligned                0x08000411   Thumb Code     0  rt_memcpy_w.o(.text)
    __aeabi_memclr4                          0x0800042d   Thumb Code     0  rt_memclr_w.o(.text)
    __aeabi_memclr8                          0x0800042d   Thumb Code     0  rt_memclr_w.o(.text)
    __rt_memclr_w                            0x0800042d   Thumb Code    78  rt_memclr_w.o(.text)
    _memset_w                                0x08000431   Thumb Code     0  rt_memclr_w.o(.text)
    __use_two_region_memory                  0x0800047b   Thumb Code     2  heapauxi.o(.text)
    __rt_heap_escrow$2region                 0x0800047d   Thumb Code     2  heapauxi.o(.text)
    __rt_heap_expand$2region                 0x0800047f   Thumb Code     2  heapauxi.o(.text)
    __aeabi_errno_addr                       0x08000481   Thumb Code     8  rt_errno_addr_intlibspace.o(.text)
    __errno$intlibspace                      0x08000481   Thumb Code     0  rt_errno_addr_intlibspace.o(.text)
    __rt_errno_addr$intlibspace              0x08000481   Thumb Code     0  rt_errno_addr_intlibspace.o(.text)
    _printf_int_common                       0x08000489   Thumb Code   178  _printf_intcommon.o(.text)
    _printf_char_common                      0x08000547   Thumb Code    32  _printf_char_common.o(.text)
    _sputc                                   0x0800056d   Thumb Code    10  _sputc.o(.text)
    strtol                                   0x08000577   Thumb Code   112  strtol.o(.text)
    __user_libspace                          0x080005e9   Thumb Code     8  libspace.o(.text)
    __user_perproc_libspace                  0x080005e9   Thumb Code     0  libspace.o(.text)
    __user_perthread_libspace                0x080005e9   Thumb Code     0  libspace.o(.text)
    __rt_ctype_table                         0x080005f1   Thumb Code    16  rt_ctype_table.o(.text)
    _strtoul                                 0x08000601   Thumb Code   158  _strtoul.o(.text)
    __user_setup_stackheap                   0x0800069f   Thumb Code    74  sys_stackheap_outer.o(.text)
    __rt_locale                              0x080006e9   Thumb Code     8  rt_locale_intlibspace.o(.text)
    _chval                                   0x080006f1   Thumb Code    28  _chval.o(.text)
    exit                                     0x0800070d   Thumb Code    18  exit.o(.text)
    strcmp                                   0x08000721   Thumb Code   128  strcmpv7m.o(.text)
    _sys_exit                                0x080007a1   Thumb Code     8  sys_exit.o(.text)
    __I$use$semihosting                      0x080007ad   Thumb Code     0  use_no_semi.o(.text)
    __use_no_semihosting_swi                 0x080007ad   Thumb Code     2  use_no_semi.o(.text)
    __semihosting_library_function           0x080007af   Thumb Code     0  indicate_semi.o(.text)
    ADC_ConversionStop_Disable               0x080007b1   Thumb Code    86  stm32f1xx_hal_adc.o(i.ADC_ConversionStop_Disable)
    ADC_Enable                               0x08000809   Thumb Code   114  stm32f1xx_hal_adc.o(i.ADC_Enable)
    BusFault_Handler                         0x08000885   Thumb Code     2  stm32f1xx_it.o(i.BusFault_Handler)
    CLCD_I2C_Clear                           0x08000887   Thumb Code    20  clcd_i2c.o(i.CLCD_I2C_Clear)
    CLCD_I2C_Init                            0x0800089b   Thumb Code   162  clcd_i2c.o(i.CLCD_I2C_Init)
    CLCD_I2C_SetCursor                       0x0800093d   Thumb Code    68  clcd_i2c.o(i.CLCD_I2C_SetCursor)
    CLCD_I2C_WriteChar                       0x08000981   Thumb Code     6  clcd_i2c.o(i.CLCD_I2C_WriteChar)
    CLCD_I2C_WriteString                     0x08000987   Thumb Code    24  clcd_i2c.o(i.CLCD_I2C_WriteString)
    DHT11_Read                               0x08000a09   Thumb Code   140  dht11_lib.o(i.DHT11_Read)
    DHT11_Start                              0x08000a99   Thumb Code   166  dht11_lib.o(i.DHT11_Start)
    DebugMon_Handler                         0x08000b45   Thumb Code     2  stm32f1xx_it.o(i.DebugMon_Handler)
    HAL_ADCEx_Calibration_Start              0x08000b49   Thumb Code   210  stm32f1xx_hal_adc_ex.o(i.HAL_ADCEx_Calibration_Start)
    HAL_ADC_ConfigChannel                    0x08000c21   Thumb Code   240  stm32f1xx_hal_adc.o(i.HAL_ADC_ConfigChannel)
    HAL_ADC_GetValue                         0x08000d1d   Thumb Code     6  stm32f1xx_hal_adc.o(i.HAL_ADC_GetValue)
    HAL_ADC_Init                             0x08000d25   Thumb Code   272  stm32f1xx_hal_adc.o(i.HAL_ADC_Init)
    HAL_ADC_MspInit                          0x08000e41   Thumb Code    76  stm32f1xx_hal_msp.o(i.HAL_ADC_MspInit)
    HAL_ADC_PollForConversion                0x08000e99   Thumb Code   304  stm32f1xx_hal_adc.o(i.HAL_ADC_PollForConversion)
    HAL_ADC_Start                            0x08000fd5   Thumb Code   184  stm32f1xx_hal_adc.o(i.HAL_ADC_Start)
    HAL_ADC_Stop                             0x08001095   Thumb Code    52  stm32f1xx_hal_adc.o(i.HAL_ADC_Stop)
    HAL_DMA_Abort                            0x080010c9   Thumb Code    70  stm32f1xx_hal_dma.o(i.HAL_DMA_Abort)
    HAL_DMA_Abort_IT                         0x08001111   Thumb Code   148  stm32f1xx_hal_dma.o(i.HAL_DMA_Abort_IT)
    HAL_Delay                                0x080011a9   Thumb Code    32  stm32f1xx_hal.o(i.HAL_Delay)
    HAL_GPIO_Init                            0x080011cd   Thumb Code   446  stm32f1xx_hal_gpio.o(i.HAL_GPIO_Init)
    HAL_GPIO_ReadPin                         0x080013ad   Thumb Code    10  stm32f1xx_hal_gpio.o(i.HAL_GPIO_ReadPin)
    HAL_GPIO_WritePin                        0x080013b7   Thumb Code    10  stm32f1xx_hal_gpio.o(i.HAL_GPIO_WritePin)
    HAL_GetTick                              0x080013c1   Thumb Code     6  stm32f1xx_hal.o(i.HAL_GetTick)
    HAL_I2C_Init                             0x080013cd   Thumb Code   376  stm32f1xx_hal_i2c.o(i.HAL_I2C_Init)
    HAL_I2C_Master_Transmit                  0x08001555   Thumb Code   290  stm32f1xx_hal_i2c.o(i.HAL_I2C_Master_Transmit)
    HAL_I2C_MspInit                          0x08001681   Thumb Code    80  stm32f1xx_hal_msp.o(i.HAL_I2C_MspInit)
    HAL_IncTick                              0x080016dd   Thumb Code    12  stm32f1xx_hal.o(i.HAL_IncTick)
    HAL_Init                                 0x080016ed   Thumb Code    32  stm32f1xx_hal.o(i.HAL_Init)
    HAL_InitTick                             0x08001711   Thumb Code    54  stm32f1xx_hal.o(i.HAL_InitTick)
    HAL_MspInit                              0x08001751   Thumb Code    52  stm32f1xx_hal_msp.o(i.HAL_MspInit)
    HAL_NVIC_EnableIRQ                       0x0800178d   Thumb Code    26  stm32f1xx_hal_cortex.o(i.HAL_NVIC_EnableIRQ)
    HAL_NVIC_SetPriority                     0x080017a9   Thumb Code    60  stm32f1xx_hal_cortex.o(i.HAL_NVIC_SetPriority)
    HAL_NVIC_SetPriorityGrouping             0x080017e9   Thumb Code    26  stm32f1xx_hal_cortex.o(i.HAL_NVIC_SetPriorityGrouping)
    HAL_RCCEx_GetPeriphCLKFreq               0x0800180d   Thumb Code   166  stm32f1xx_hal_rcc_ex.o(i.HAL_RCCEx_GetPeriphCLKFreq)
    HAL_RCCEx_PeriphCLKConfig                0x080018d5   Thumb Code   224  stm32f1xx_hal_rcc_ex.o(i.HAL_RCCEx_PeriphCLKConfig)
    HAL_RCC_ClockConfig                      0x080019c1   Thumb Code   280  stm32f1xx_hal_rcc.o(i.HAL_RCC_ClockConfig)
    HAL_RCC_GetPCLK1Freq                     0x08001aed   Thumb Code    20  stm32f1xx_hal_rcc.o(i.HAL_RCC_GetPCLK1Freq)
    HAL_RCC_GetPCLK2Freq                     0x08001b0d   Thumb Code    20  stm32f1xx_hal_rcc.o(i.HAL_RCC_GetPCLK2Freq)
    HAL_RCC_GetSysClockFreq                  0x08001b2d   Thumb Code    74  stm32f1xx_hal_rcc.o(i.HAL_RCC_GetSysClockFreq)
    HAL_RCC_OscConfig                        0x08001b99   Thumb Code   778  stm32f1xx_hal_rcc.o(i.HAL_RCC_OscConfig)
    HAL_SYSTICK_Config                       0x08001eb9   Thumb Code    40  stm32f1xx_hal_cortex.o(i.HAL_SYSTICK_Config)
    HAL_TIMEx_MasterConfigSynchronization    0x08001ee1   Thumb Code    92  stm32f1xx_hal_tim_ex.o(i.HAL_TIMEx_MasterConfigSynchronization)
    HAL_TIM_Base_Init                        0x08001f49   Thumb Code    90  stm32f1xx_hal_tim.o(i.HAL_TIM_Base_Init)
    HAL_TIM_Base_MspInit                     0x08001fa5   Thumb Code    30  stm32f1xx_hal_msp.o(i.HAL_TIM_Base_MspInit)
    HAL_TIM_Base_Start                       0x08001fcd   Thumb Code    66  stm32f1xx_hal_tim.o(i.HAL_TIM_Base_Start)
    HAL_TIM_Base_Stop                        0x0800201d   Thumb Code    38  stm32f1xx_hal_tim.o(i.HAL_TIM_Base_Stop)
    HAL_TIM_ConfigClockSource                0x08002043   Thumb Code   214  stm32f1xx_hal_tim.o(i.HAL_TIM_ConfigClockSource)
    HAL_UARTEx_RxEventCallback               0x08002119   Thumb Code     2  stm32f1xx_hal_uart.o(i.HAL_UARTEx_RxEventCallback)
    HAL_UART_ErrorCallback                   0x0800211b   Thumb Code     2  stm32f1xx_hal_uart.o(i.HAL_UART_ErrorCallback)
    HAL_UART_IRQHandler                      0x0800211d   Thumb Code   520  stm32f1xx_hal_uart.o(i.HAL_UART_IRQHandler)
    HAL_UART_Init                            0x08002329   Thumb Code    98  stm32f1xx_hal_uart.o(i.HAL_UART_Init)
    HAL_UART_MspInit                         0x0800238d   Thumb Code   116  stm32f1xx_hal_msp.o(i.HAL_UART_MspInit)
    HAL_UART_Receive_IT                      0x0800240d   Thumb Code    42  stm32f1xx_hal_uart.o(i.HAL_UART_Receive_IT)
    HAL_UART_RxCpltCallback                  0x08002439   Thumb Code    70  main.o(i.HAL_UART_RxCpltCallback)
    HAL_UART_Transmit                        0x08002489   Thumb Code   178  stm32f1xx_hal_uart.o(i.HAL_UART_Transmit)
    HAL_UART_TxCpltCallback                  0x0800253b   Thumb Code     2  stm32f1xx_hal_uart.o(i.HAL_UART_TxCpltCallback)
    HardFault_Handler                        0x0800253d   Thumb Code     2  stm32f1xx_it.o(i.HardFault_Handler)
    MemManage_Handler                        0x080028d9   Thumb Code     2  stm32f1xx_it.o(i.MemManage_Handler)
    NMI_Handler                              0x080028db   Thumb Code     2  stm32f1xx_it.o(i.NMI_Handler)
    PendSV_Handler                           0x080028dd   Thumb Code     2  stm32f1xx_it.o(i.PendSV_Handler)
    SVC_Handler                              0x080028df   Thumb Code     2  stm32f1xx_it.o(i.SVC_Handler)
    SysTick_Handler                          0x080028e1   Thumb Code     4  stm32f1xx_it.o(i.SysTick_Handler)
    SystemClock_Config                       0x080028e5   Thumb Code   120  main.o(i.SystemClock_Config)
    SystemInit                               0x0800295d   Thumb Code     2  system_stm32f1xx.o(i.SystemInit)
    TIM_Base_SetConfig                       0x08002961   Thumb Code    94  stm32f1xx_hal_tim.o(i.TIM_Base_SetConfig)
    TIM_ETR_SetConfig                        0x080029cd   Thumb Code    20  stm32f1xx_hal_tim.o(i.TIM_ETR_SetConfig)
    UART_Start_Receive_IT                    0x08002be5   Thumb Code    54  stm32f1xx_hal_uart.o(i.UART_Start_Receive_IT)
    USART1_IRQHandler                        0x08002c81   Thumb Code     6  stm32f1xx_it.o(i.USART1_IRQHandler)
    UsageFault_Handler                       0x08002c8d   Thumb Code     2  stm32f1xx_it.o(i.UsageFault_Handler)
    btn_press_short_callback                 0x08002caf   Thumb Code     2  button.o(i.btn_press_short_callback)
    btn_press_timeout_callback               0x08002cb1   Thumb Code     2  button.o(i.btn_press_timeout_callback)
    btn_pressing_callback                    0x08002cb5   Thumb Code   270  main.o(i.btn_pressing_callback)
    btn_release_callback                     0x08002e05   Thumb Code     2  button.o(i.btn_release_callback)
    button_handle                            0x08002e07   Thumb Code   144  button.o(i.button_handle)
    button_init                              0x08002e97   Thumb Code    14  button.o(i.button_init)
    check_number                             0x08002ea5   Thumb Code    40  uart_lib.o(i.check_number)
    float_to_string                          0x08002ecd   Thumb Code   116  uart_lib.o(i.float_to_string)
    get_adc_channel                          0x08002f59   Thumb Code    60  main.o(i.get_adc_channel)
    get_gas                                  0x08002f99   Thumb Code    58  uart_lib.o(i.get_gas)
    get_humidity                             0x08002fe1   Thumb Code    54  uart_lib.o(i.get_humidity)
    get_temperature                          0x08003025   Thumb Code    54  uart_lib.o(i.get_temperature)
    main                                     0x08003069   Thumb Code   450  main.o(i.main)
    microDelay                               0x08003265   Thumb Code    46  dht11_lib.o(i.microDelay)
    read_3_dht11                             0x08003295   Thumb Code   188  dht11_lib.o(i.read_3_dht11)
    send_message_to_LCD                      0x08003361   Thumb Code   268  uart_lib.o(i.send_message_to_LCD)
    send_message_to_computer                 0x0800348d   Thumb Code    90  uart_lib.o(i.send_message_to_computer)
    tem_string_handle                        0x08003591   Thumb Code   692  uart_lib.o(i.tem_string_handle)
    threshold_handle                         0x08003a81   Thumb Code    96  uart_lib.o(i.threshold_handle)
    uart_receive_handle                      0x08003af9   Thumb Code   352  uart_lib.o(i.uart_receive_handle)
    _get_lc_ctype                            0x08003c65   Thumb Code    44  lc_ctype_c.o(locale$$code)
    __aeabi_d2f                              0x08003c91   Thumb Code     0  d2f.o(x$fpl$d2f)
    _d2f                                     0x08003c91   Thumb Code    98  d2f.o(x$fpl$d2f)
    __aeabi_ddiv                             0x08003cf5   Thumb Code     0  ddiv.o(x$fpl$ddiv)
    _ddiv                                    0x08003cf5   Thumb Code   552  ddiv.o(x$fpl$ddiv)
    __aeabi_ui2d                             0x08003fa5   Thumb Code     0  dflt_clz.o(x$fpl$dfltu)
    _dfltu                                   0x08003fa5   Thumb Code    38  dflt_clz.o(x$fpl$dfltu)
    __fpl_dnaninf                            0x08003fcb   Thumb Code   156  dnaninf.o(x$fpl$dnaninf)
    __fpl_dretinf                            0x08004067   Thumb Code    12  dretinf.o(x$fpl$dretinf)
    __aeabi_fadd                             0x08004075   Thumb Code     0  faddsub_clz.o(x$fpl$fadd)
    _fadd                                    0x08004075   Thumb Code   196  faddsub_clz.o(x$fpl$fadd)
    __fpl_fcmp_Inf                           0x08004139   Thumb Code    24  fcmpi.o(x$fpl$fcmpinf)
    __aeabi_fdiv                             0x08004151   Thumb Code     0  fdiv.o(x$fpl$fdiv)
    _fdiv                                    0x08004151   Thumb Code   384  fdiv.o(x$fpl$fdiv)
    __aeabi_f2iz                             0x080042d5   Thumb Code     0  ffix.o(x$fpl$ffix)
    _ffix                                    0x080042d5   Thumb Code    54  ffix.o(x$fpl$ffix)
    __aeabi_i2f                              0x0800430d   Thumb Code     0  fflt_clz.o(x$fpl$fflt)
    _fflt                                    0x0800430d   Thumb Code    48  fflt_clz.o(x$fpl$fflt)
    __aeabi_ui2f                             0x0800433d   Thumb Code     0  fflt_clz.o(x$fpl$ffltu)
    _ffltu                                   0x0800433d   Thumb Code    38  fflt_clz.o(x$fpl$ffltu)
    __aeabi_cfcmple                          0x08004365   Thumb Code     0  fleqf.o(x$fpl$fleqf)
    _fcmple                                  0x08004365   Thumb Code   104  fleqf.o(x$fpl$fleqf)
    __fpl_fcmple_InfNaN                      0x080043b7   Thumb Code     0  fleqf.o(x$fpl$fleqf)
    __aeabi_fmul                             0x080043cd   Thumb Code     0  fmul.o(x$fpl$fmul)
    _fmul                                    0x080043cd   Thumb Code   258  fmul.o(x$fpl$fmul)
    __fpl_fnaninf                            0x080044cf   Thumb Code   140  fnaninf.o(x$fpl$fnaninf)
    __fpl_fretinf                            0x0800455b   Thumb Code    10  fretinf.o(x$fpl$fretinf)
    __aeabi_frsub                            0x08004565   Thumb Code     0  faddsub_clz.o(x$fpl$frsb)
    _frsb                                    0x08004565   Thumb Code    20  faddsub_clz.o(x$fpl$frsb)
    __aeabi_fsub                             0x08004579   Thumb Code     0  faddsub_clz.o(x$fpl$fsub)
    _fsub                                    0x08004579   Thumb Code   234  faddsub_clz.o(x$fpl$fsub)
    AHBPrescTable                            0x08004662   Data          16  system_stm32f1xx.o(.constdata)
    __I$use$fp                               0x08004662   Number         0  usenofp.o(x$fpl$usenofp)
    APBPrescTable                            0x08004672   Data           8  system_stm32f1xx.o(.constdata)
    Region$$Table$$Base                      0x080049b4   Number         0  anon$$obj.o(Region$$Table)
    Region$$Table$$Limit                     0x080049d4   Number         0  anon$$obj.o(Region$$Table)
    __ctype                                  0x080049e1   Data           0  lc_ctype_c.o(locale$$data)
    data_index                               0x20000000   Data           1  main.o(.data)
    mode_bt                                  0x20000001   Data           1  main.o(.data)
    mode_computer                            0x20000002   Data           1  main.o(.data)
    data_rx                                  0x20000003   Data           1  main.o(.data)
    uart_state                               0x20000004   Data           1  main.o(.data)
    adc_mq2_index                            0x20000006   Data           2  main.o(.data)
    time_delay_dht                           0x20000008   Data           4  main.o(.data)
    time_delay_gas                           0x2000000c   Data           4  main.o(.data)
    time_delay_LCD                           0x20000010   Data           4  main.o(.data)
    last_time_dht                            0x20000014   Data           4  main.o(.data)
    last_time_gas                            0x20000018   Data           4  main.o(.data)
    last_time_LCD                            0x2000001c   Data           4  main.o(.data)
    last_time_sending                        0x20000020   Data           4  main.o(.data)
    tem_threshold                            0x20000024   Data           1  main.o(.data)
    hum_threshold                            0x20000025   Data           1  main.o(.data)
    gas_threshold                            0x20000026   Data           2  main.o(.data)
    string_handle                            0x20000028   Data           1  main.o(.data)
    uwTickFreq                               0x2000002c   Data           1  stm32f1xx_hal.o(.data)
    uwTickPrio                               0x20000030   Data           4  stm32f1xx_hal.o(.data)
    uwTick                                   0x20000034   Data           4  stm32f1xx_hal.o(.data)
    SystemCoreClock                          0x20000038   Data           4  system_stm32f1xx.o(.data)
    pMillis                                  0x2000003c   Data           4  dht11_lib.o(.data)
    cMillis                                  0x20000040   Data           4  dht11_lib.o(.data)
    hadc1                                    0x20000044   Data          48  main.o(.bss)
    hi2c1                                    0x20000074   Data          84  main.o(.bss)
    htim1                                    0x200000c8   Data          72  main.o(.bss)
    huart1                                   0x20000110   Data          68  main.o(.bss)
    index11                                  0x20000154   Data          12  main.o(.bss)
    LCD1                                     0x20000160   Data          12  main.o(.bss)
    data                                     0x2000016c   Data         100  main.o(.bss)
    button1                                  0x200001d0   Data          24  main.o(.bss)
    button2                                  0x200001e8   Data          24  main.o(.bss)
    button3                                  0x20000200   Data          24  main.o(.bss)
    __libspace_start                         0x20000218   Data          96  libspace.o(.bss)
    __temporary_stack_top$libspace           0x20000278   Data           0  libspace.o(.bss)



==============================================================================

Memory Map of the image

  Image Entry point : 0x080000ed

  Load Region LR_IROM1 (Base: 0x08000000, Size: 0x00004b28, Max: 0x00010000, ABSOLUTE)

    Execution Region ER_IROM1 (Exec base: 0x08000000, Load base: 0x08000000, Size: 0x00004ae4, Max: 0x00010000, ABSOLUTE)

    Exec Addr    Load Addr    Size         Type   Attr      Idx    E Section Name        Object

    0x08000000   0x08000000   0x000000ec   Data   RO            3    RESET               startup_stm32f103xb.o
    0x080000ec   0x080000ec   0x00000008   Code   RO         3771  * !!!main             c_w.l(__main.o)
    0x080000f4   0x080000f4   0x00000034   Code   RO         4007    !!!scatter          c_w.l(__scatter.o)
    0x08000128   0x08000128   0x0000001a   Code   RO         4009    !!handler_copy      c_w.l(__scatter_copy.o)
    0x08000142   0x08000142   0x00000002   PAD
    0x08000144   0x08000144   0x0000001c   Code   RO         4011    !!handler_zi        c_w.l(__scatter_zi.o)
    0x08000160   0x08000160   0x00000000   Code   RO         3754    .ARM.Collect$$_printf_percent$$00000000  c_w.l(_printf_percent.o)
    0x08000160   0x08000160   0x00000006   Code   RO         3753    .ARM.Collect$$_printf_percent$$00000009  c_w.l(_printf_d.o)
    0x08000166   0x08000166   0x00000004   Code   RO         3821    .ARM.Collect$$_printf_percent$$00000017  c_w.l(_printf_percent_end.o)
    0x0800016a   0x0800016a   0x00000002   Code   RO         3878    .ARM.Collect$$libinit$$00000000  c_w.l(libinit.o)
    0x0800016c   0x0800016c   0x00000000   Code   RO         3884    .ARM.Collect$$libinit$$00000002  c_w.l(libinit2.o)
    0x0800016c   0x0800016c   0x00000000   Code   RO         3886    .ARM.Collect$$libinit$$00000004  c_w.l(libinit2.o)
    0x0800016c   0x0800016c   0x00000000   Code   RO         3889    .ARM.Collect$$libinit$$0000000A  c_w.l(libinit2.o)
    0x0800016c   0x0800016c   0x00000000   Code   RO         3891    .ARM.Collect$$libinit$$0000000C  c_w.l(libinit2.o)
    0x0800016c   0x0800016c   0x00000000   Code   RO         3893    .ARM.Collect$$libinit$$0000000E  c_w.l(libinit2.o)
    0x0800016c   0x0800016c   0x00000006   Code   RO         3894    .ARM.Collect$$libinit$$0000000F  c_w.l(libinit2.o)
    0x08000172   0x08000172   0x00000000   Code   RO         3896    .ARM.Collect$$libinit$$00000011  c_w.l(libinit2.o)
    0x08000172   0x08000172   0x0000000c   Code   RO         3897    .ARM.Collect$$libinit$$00000012  c_w.l(libinit2.o)
    0x0800017e   0x0800017e   0x00000000   Code   RO         3898    .ARM.Collect$$libinit$$00000013  c_w.l(libinit2.o)
    0x0800017e   0x0800017e   0x00000000   Code   RO         3900    .ARM.Collect$$libinit$$00000015  c_w.l(libinit2.o)
    0x0800017e   0x0800017e   0x00000000   Code   RO         3902    .ARM.Collect$$libinit$$00000017  c_w.l(libinit2.o)
    0x0800017e   0x0800017e   0x00000000   Code   RO         3904    .ARM.Collect$$libinit$$00000019  c_w.l(libinit2.o)
    0x0800017e   0x0800017e   0x00000000   Code   RO         3906    .ARM.Collect$$libinit$$0000001B  c_w.l(libinit2.o)
    0x0800017e   0x0800017e   0x00000000   Code   RO         3908    .ARM.Collect$$libinit$$0000001D  c_w.l(libinit2.o)
    0x0800017e   0x0800017e   0x00000000   Code   RO         3910    .ARM.Collect$$libinit$$0000001F  c_w.l(libinit2.o)
    0x0800017e   0x0800017e   0x00000000   Code   RO         3912    .ARM.Collect$$libinit$$00000021  c_w.l(libinit2.o)
    0x0800017e   0x0800017e   0x00000000   Code   RO         3914    .ARM.Collect$$libinit$$00000023  c_w.l(libinit2.o)
    0x0800017e   0x0800017e   0x00000000   Code   RO         3916    .ARM.Collect$$libinit$$00000025  c_w.l(libinit2.o)
    0x0800017e   0x0800017e   0x00000000   Code   RO         3920    .ARM.Collect$$libinit$$0000002C  c_w.l(libinit2.o)
    0x0800017e   0x0800017e   0x00000000   Code   RO         3922    .ARM.Collect$$libinit$$0000002E  c_w.l(libinit2.o)
    0x0800017e   0x0800017e   0x00000000   Code   RO         3924    .ARM.Collect$$libinit$$00000030  c_w.l(libinit2.o)
    0x0800017e   0x0800017e   0x00000000   Code   RO         3926    .ARM.Collect$$libinit$$00000032  c_w.l(libinit2.o)
    0x0800017e   0x0800017e   0x00000002   Code   RO         3927    .ARM.Collect$$libinit$$00000033  c_w.l(libinit2.o)
    0x08000180   0x08000180   0x00000002   Code   RO         3947    .ARM.Collect$$libshutdown$$00000000  c_w.l(libshutdown.o)
    0x08000182   0x08000182   0x00000000   Code   RO         3960    .ARM.Collect$$libshutdown$$00000002  c_w.l(libshutdown2.o)
    0x08000182   0x08000182   0x00000000   Code   RO         3962    .ARM.Collect$$libshutdown$$00000004  c_w.l(libshutdown2.o)
    0x08000182   0x08000182   0x00000000   Code   RO         3965    .ARM.Collect$$libshutdown$$00000007  c_w.l(libshutdown2.o)
    0x08000182   0x08000182   0x00000000   Code   RO         3968    .ARM.Collect$$libshutdown$$0000000A  c_w.l(libshutdown2.o)
    0x08000182   0x08000182   0x00000000   Code   RO         3970    .ARM.Collect$$libshutdown$$0000000C  c_w.l(libshutdown2.o)
    0x08000182   0x08000182   0x00000000   Code   RO         3973    .ARM.Collect$$libshutdown$$0000000F  c_w.l(libshutdown2.o)
    0x08000182   0x08000182   0x00000002   Code   RO         3974    .ARM.Collect$$libshutdown$$00000010  c_w.l(libshutdown2.o)
    0x08000184   0x08000184   0x00000000   Code   RO         3809    .ARM.Collect$$rtentry$$00000000  c_w.l(__rtentry.o)
    0x08000184   0x08000184   0x00000000   Code   RO         3839    .ARM.Collect$$rtentry$$00000002  c_w.l(__rtentry2.o)
    0x08000184   0x08000184   0x00000006   Code   RO         3851    .ARM.Collect$$rtentry$$00000004  c_w.l(__rtentry4.o)
    0x0800018a   0x0800018a   0x00000000   Code   RO         3841    .ARM.Collect$$rtentry$$00000009  c_w.l(__rtentry2.o)
    0x0800018a   0x0800018a   0x00000004   Code   RO         3842    .ARM.Collect$$rtentry$$0000000A  c_w.l(__rtentry2.o)
    0x0800018e   0x0800018e   0x00000000   Code   RO         3844    .ARM.Collect$$rtentry$$0000000C  c_w.l(__rtentry2.o)
    0x0800018e   0x0800018e   0x00000008   Code   RO         3845    .ARM.Collect$$rtentry$$0000000D  c_w.l(__rtentry2.o)
    0x08000196   0x08000196   0x00000002   Code   RO         3879    .ARM.Collect$$rtexit$$00000000  c_w.l(rtexit.o)
    0x08000198   0x08000198   0x00000000   Code   RO         3929    .ARM.Collect$$rtexit$$00000002  c_w.l(rtexit2.o)
    0x08000198   0x08000198   0x00000004   Code   RO         3930    .ARM.Collect$$rtexit$$00000003  c_w.l(rtexit2.o)
    0x0800019c   0x0800019c   0x00000006   Code   RO         3931    .ARM.Collect$$rtexit$$00000004  c_w.l(rtexit2.o)
    0x080001a2   0x080001a2   0x00000002   PAD
    0x080001a4   0x080001a4   0x00000040   Code   RO            4    .text               startup_stm32f103xb.o
    0x080001e4   0x080001e4   0x00000028   Code   RO         3727    .text               c_w.l(noretval__2sprintf.o)
    0x0800020c   0x0800020c   0x00000068   Code   RO         3729    .text               c_w.l(__printf.o)
    0x08000274   0x08000274   0x00000078   Code   RO         3731    .text               c_w.l(_printf_dec.o)
    0x080002ec   0x080002ec   0x0000001a   Code   RO         3755    .text               c_w.l(atoi.o)
    0x08000306   0x08000306   0x00000024   Code   RO         3757    .text               c_w.l(strstr.o)
    0x0800032a   0x0800032a   0x00000048   Code   RO         3759    .text               c_w.l(strcpy.o)
    0x08000372   0x08000372   0x0000003e   Code   RO         3761    .text               c_w.l(strlen.o)
    0x080003b0   0x080003b0   0x00000018   Code   RO         3763    .text               c_w.l(strcat.o)
    0x080003c8   0x080003c8   0x00000064   Code   RO         3765    .text               c_w.l(rt_memcpy_w.o)
    0x0800042c   0x0800042c   0x0000004e   Code   RO         3767    .text               c_w.l(rt_memclr_w.o)
    0x0800047a   0x0800047a   0x00000006   Code   RO         3769    .text               c_w.l(heapauxi.o)
    0x08000480   0x08000480   0x00000008   Code   RO         3813    .text               c_w.l(rt_errno_addr_intlibspace.o)
    0x08000488   0x08000488   0x000000b2   Code   RO         3815    .text               c_w.l(_printf_intcommon.o)
    0x0800053a   0x0800053a   0x00000002   PAD
    0x0800053c   0x0800053c   0x00000030   Code   RO         3817    .text               c_w.l(_printf_char_common.o)
    0x0800056c   0x0800056c   0x0000000a   Code   RO         3819    .text               c_w.l(_sputc.o)
    0x08000576   0x08000576   0x00000070   Code   RO         3822    .text               c_w.l(strtol.o)
    0x080005e6   0x080005e6   0x00000002   PAD
    0x080005e8   0x080005e8   0x00000008   Code   RO         3835    .text               c_w.l(libspace.o)
    0x080005f0   0x080005f0   0x00000010   Code   RO         3853    .text               c_w.l(rt_ctype_table.o)
    0x08000600   0x08000600   0x0000009e   Code   RO         3857    .text               c_w.l(_strtoul.o)
    0x0800069e   0x0800069e   0x0000004a   Code   RO         3859    .text               c_w.l(sys_stackheap_outer.o)
    0x080006e8   0x080006e8   0x00000008   Code   RO         3864    .text               c_w.l(rt_locale_intlibspace.o)
    0x080006f0   0x080006f0   0x0000001c   Code   RO         3866    .text               c_w.l(_chval.o)
    0x0800070c   0x0800070c   0x00000012   Code   RO         3871    .text               c_w.l(exit.o)
    0x0800071e   0x0800071e   0x00000002   PAD
    0x08000720   0x08000720   0x00000080   Code   RO         3881    .text               c_w.l(strcmpv7m.o)
    0x080007a0   0x080007a0   0x0000000c   Code   RO         3939    .text               c_w.l(sys_exit.o)
    0x080007ac   0x080007ac   0x00000002   Code   RO         3950    .text               c_w.l(use_no_semi.o)
    0x080007ae   0x080007ae   0x00000000   Code   RO         3952    .text               c_w.l(indicate_semi.o)
    0x080007ae   0x080007ae   0x00000002   PAD
    0x080007b0   0x080007b0   0x00000056   Code   RO          399    i.ADC_ConversionStop_Disable  stm32f1xx_hal_adc.o
    0x08000806   0x08000806   0x00000002   PAD
    0x08000808   0x08000808   0x0000007c   Code   RO          403    i.ADC_Enable        stm32f1xx_hal_adc.o
    0x08000884   0x08000884   0x00000002   Code   RO          209    i.BusFault_Handler  stm32f1xx_it.o
    0x08000886   0x08000886   0x00000014   Code   RO         3452    i.CLCD_I2C_Clear    clcd_i2c.o
    0x0800089a   0x0800089a   0x000000a2   Code   RO         3455    i.CLCD_I2C_Init     clcd_i2c.o
    0x0800093c   0x0800093c   0x00000044   Code   RO         3457    i.CLCD_I2C_SetCursor  clcd_i2c.o
    0x08000980   0x08000980   0x00000006   Code   RO         3458    i.CLCD_I2C_WriteChar  clcd_i2c.o
    0x08000986   0x08000986   0x00000018   Code   RO         3459    i.CLCD_I2C_WriteString  clcd_i2c.o
    0x0800099e   0x0800099e   0x0000006a   Code   RO         3460    i.CLCD_WriteI2C     clcd_i2c.o
    0x08000a08   0x08000a08   0x00000090   Code   RO         3536    i.DHT11_Read        dht11_lib.o
    0x08000a98   0x08000a98   0x000000ac   Code   RO         3537    i.DHT11_Start       dht11_lib.o
    0x08000b44   0x08000b44   0x00000002   Code   RO          210    i.DebugMon_Handler  stm32f1xx_it.o
    0x08000b46   0x08000b46   0x00000002   PAD
    0x08000b48   0x08000b48   0x000000d8   Code   RO          579    i.HAL_ADCEx_Calibration_Start  stm32f1xx_hal_adc_ex.o
    0x08000c20   0x08000c20   0x000000fc   Code   RO          405    i.HAL_ADC_ConfigChannel  stm32f1xx_hal_adc.o
    0x08000d1c   0x08000d1c   0x00000006   Code   RO          412    i.HAL_ADC_GetValue  stm32f1xx_hal_adc.o
    0x08000d22   0x08000d22   0x00000002   PAD
    0x08000d24   0x08000d24   0x0000011c   Code   RO          414    i.HAL_ADC_Init      stm32f1xx_hal_adc.o
    0x08000e40   0x08000e40   0x00000058   Code   RO          292    i.HAL_ADC_MspInit   stm32f1xx_hal_msp.o
    0x08000e98   0x08000e98   0x0000013c   Code   RO          418    i.HAL_ADC_PollForConversion  stm32f1xx_hal_adc.o
    0x08000fd4   0x08000fd4   0x000000c0   Code   RO          420    i.HAL_ADC_Start     stm32f1xx_hal_adc.o
    0x08001094   0x08001094   0x00000034   Code   RO          423    i.HAL_ADC_Stop      stm32f1xx_hal_adc.o
    0x080010c8   0x080010c8   0x00000046   Code   RO         1054    i.HAL_DMA_Abort     stm32f1xx_hal_dma.o
    0x0800110e   0x0800110e   0x00000002   PAD
    0x08001110   0x08001110   0x00000098   Code   RO         1055    i.HAL_DMA_Abort_IT  stm32f1xx_hal_dma.o
    0x080011a8   0x080011a8   0x00000024   Code   RO          682    i.HAL_Delay         stm32f1xx_hal.o
    0x080011cc   0x080011cc   0x000001e0   Code   RO          990    i.HAL_GPIO_Init     stm32f1xx_hal_gpio.o
    0x080013ac   0x080013ac   0x0000000a   Code   RO          992    i.HAL_GPIO_ReadPin  stm32f1xx_hal_gpio.o
    0x080013b6   0x080013b6   0x0000000a   Code   RO          994    i.HAL_GPIO_WritePin  stm32f1xx_hal_gpio.o
    0x080013c0   0x080013c0   0x0000000c   Code   RO          686    i.HAL_GetTick       stm32f1xx_hal.o
    0x080013cc   0x080013cc   0x00000188   Code   RO         1661    i.HAL_I2C_Init      stm32f1xx_hal_i2c.o
    0x08001554   0x08001554   0x0000012c   Code   RO         1674    i.HAL_I2C_Master_Transmit  stm32f1xx_hal_i2c.o
    0x08001680   0x08001680   0x0000005c   Code   RO          294    i.HAL_I2C_MspInit   stm32f1xx_hal_msp.o
    0x080016dc   0x080016dc   0x00000010   Code   RO          692    i.HAL_IncTick       stm32f1xx_hal.o
    0x080016ec   0x080016ec   0x00000024   Code   RO          693    i.HAL_Init          stm32f1xx_hal.o
    0x08001710   0x08001710   0x00000040   Code   RO          694    i.HAL_InitTick      stm32f1xx_hal.o
    0x08001750   0x08001750   0x0000003c   Code   RO          295    i.HAL_MspInit       stm32f1xx_hal_msp.o
    0x0800178c   0x0800178c   0x0000001a   Code   RO         1150    i.HAL_NVIC_EnableIRQ  stm32f1xx_hal_cortex.o
    0x080017a6   0x080017a6   0x00000002   PAD
    0x080017a8   0x080017a8   0x00000040   Code   RO         1156    i.HAL_NVIC_SetPriority  stm32f1xx_hal_cortex.o
    0x080017e8   0x080017e8   0x00000024   Code   RO         1157    i.HAL_NVIC_SetPriorityGrouping  stm32f1xx_hal_cortex.o
    0x0800180c   0x0800180c   0x000000c8   Code   RO          952    i.HAL_RCCEx_GetPeriphCLKFreq  stm32f1xx_hal_rcc_ex.o
    0x080018d4   0x080018d4   0x000000ec   Code   RO          953    i.HAL_RCCEx_PeriphCLKConfig  stm32f1xx_hal_rcc_ex.o
    0x080019c0   0x080019c0   0x0000012c   Code   RO          850    i.HAL_RCC_ClockConfig  stm32f1xx_hal_rcc.o
    0x08001aec   0x08001aec   0x00000020   Code   RO          857    i.HAL_RCC_GetPCLK1Freq  stm32f1xx_hal_rcc.o
    0x08001b0c   0x08001b0c   0x00000020   Code   RO          858    i.HAL_RCC_GetPCLK2Freq  stm32f1xx_hal_rcc.o
    0x08001b2c   0x08001b2c   0x0000006c   Code   RO          859    i.HAL_RCC_GetSysClockFreq  stm32f1xx_hal_rcc.o
    0x08001b98   0x08001b98   0x00000320   Code   RO          862    i.HAL_RCC_OscConfig  stm32f1xx_hal_rcc.o
    0x08001eb8   0x08001eb8   0x00000028   Code   RO         1161    i.HAL_SYSTICK_Config  stm32f1xx_hal_cortex.o
    0x08001ee0   0x08001ee0   0x00000068   Code   RO         2807    i.HAL_TIMEx_MasterConfigSynchronization  stm32f1xx_hal_tim_ex.o
    0x08001f48   0x08001f48   0x0000005a   Code   RO         2084    i.HAL_TIM_Base_Init  stm32f1xx_hal_tim.o
    0x08001fa2   0x08001fa2   0x00000002   PAD
    0x08001fa4   0x08001fa4   0x00000028   Code   RO          297    i.HAL_TIM_Base_MspInit  stm32f1xx_hal_msp.o
    0x08001fcc   0x08001fcc   0x00000050   Code   RO         2087    i.HAL_TIM_Base_Start  stm32f1xx_hal_tim.o
    0x0800201c   0x0800201c   0x00000026   Code   RO         2090    i.HAL_TIM_Base_Stop  stm32f1xx_hal_tim.o
    0x08002042   0x08002042   0x000000d6   Code   RO         2093    i.HAL_TIM_ConfigClockSource  stm32f1xx_hal_tim.o
    0x08002118   0x08002118   0x00000002   Code   RO         3066    i.HAL_UARTEx_RxEventCallback  stm32f1xx_hal_uart.o
    0x0800211a   0x0800211a   0x00000002   Code   RO         3080    i.HAL_UART_ErrorCallback  stm32f1xx_hal_uart.o
    0x0800211c   0x0800211c   0x0000020c   Code   RO         3083    i.HAL_UART_IRQHandler  stm32f1xx_hal_uart.o
    0x08002328   0x08002328   0x00000062   Code   RO         3084    i.HAL_UART_Init     stm32f1xx_hal_uart.o
    0x0800238a   0x0800238a   0x00000002   PAD
    0x0800238c   0x0800238c   0x00000080   Code   RO          299    i.HAL_UART_MspInit  stm32f1xx_hal_msp.o
    0x0800240c   0x0800240c   0x0000002a   Code   RO         3089    i.HAL_UART_Receive_IT  stm32f1xx_hal_uart.o
    0x08002436   0x08002436   0x00000002   PAD
    0x08002438   0x08002438   0x00000050   Code   RO           14    i.HAL_UART_RxCpltCallback  main.o
    0x08002488   0x08002488   0x000000b2   Code   RO         3092    i.HAL_UART_Transmit  stm32f1xx_hal_uart.o
    0x0800253a   0x0800253a   0x00000002   Code   RO         3095    i.HAL_UART_TxCpltCallback  stm32f1xx_hal_uart.o
    0x0800253c   0x0800253c   0x00000002   Code   RO          211    i.HardFault_Handler  stm32f1xx_it.o
    0x0800253e   0x0800253e   0x0000002e   Code   RO         1703    i.I2C_IsAcknowledgeFailed  stm32f1xx_hal_i2c.o
    0x0800256c   0x0800256c   0x0000009c   Code   RO         1707    i.I2C_MasterRequestWrite  stm32f1xx_hal_i2c.o
    0x08002608   0x08002608   0x0000004c   Code   RO         1718    i.I2C_WaitOnBTFFlagUntilTimeout  stm32f1xx_hal_i2c.o
    0x08002654   0x08002654   0x00000068   Code   RO         1719    i.I2C_WaitOnFlagUntilTimeout  stm32f1xx_hal_i2c.o
    0x080026bc   0x080026bc   0x00000096   Code   RO         1720    i.I2C_WaitOnMasterAddressFlagUntilTimeout  stm32f1xx_hal_i2c.o
    0x08002752   0x08002752   0x0000004c   Code   RO         1722    i.I2C_WaitOnTXEFlagUntilTimeout  stm32f1xx_hal_i2c.o
    0x0800279e   0x0800279e   0x00000002   PAD
    0x080027a0   0x080027a0   0x0000004c   Code   RO           15    i.MX_ADC1_Init      main.o
    0x080027ec   0x080027ec   0x00000084   Code   RO           16    i.MX_GPIO_Init      main.o
    0x08002870   0x08002870   0x00000068   Code   RO           17    i.MX_TIM1_Init      main.o
    0x080028d8   0x080028d8   0x00000002   Code   RO          212    i.MemManage_Handler  stm32f1xx_it.o
    0x080028da   0x080028da   0x00000002   Code   RO          213    i.NMI_Handler       stm32f1xx_it.o
    0x080028dc   0x080028dc   0x00000002   Code   RO          214    i.PendSV_Handler    stm32f1xx_it.o
    0x080028de   0x080028de   0x00000002   Code   RO          215    i.SVC_Handler       stm32f1xx_it.o
    0x080028e0   0x080028e0   0x00000004   Code   RO          216    i.SysTick_Handler   stm32f1xx_it.o
    0x080028e4   0x080028e4   0x00000078   Code   RO           18    i.SystemClock_Config  main.o
    0x0800295c   0x0800295c   0x00000002   Code   RO         3413    i.SystemInit        system_stm32f1xx.o
    0x0800295e   0x0800295e   0x00000002   PAD
    0x08002960   0x08002960   0x0000006c   Code   RO         2177    i.TIM_Base_SetConfig  stm32f1xx_hal_tim.o
    0x080029cc   0x080029cc   0x00000014   Code   RO         2188    i.TIM_ETR_SetConfig  stm32f1xx_hal_tim.o
    0x080029e0   0x080029e0   0x00000010   Code   RO         2189    i.TIM_ITRx_SetConfig  stm32f1xx_hal_tim.o
    0x080029f0   0x080029f0   0x00000022   Code   RO         2195    i.TIM_TI1_ConfigInputStage  stm32f1xx_hal_tim.o
    0x08002a12   0x08002a12   0x00000024   Code   RO         2197    i.TIM_TI2_ConfigInputStage  stm32f1xx_hal_tim.o
    0x08002a36   0x08002a36   0x00000010   Code   RO         3097    i.UART_DMAAbortOnError  stm32f1xx_hal_uart.o
    0x08002a46   0x08002a46   0x00000030   Code   RO         3107    i.UART_EndRxTransfer  stm32f1xx_hal_uart.o
    0x08002a76   0x08002a76   0x000000b6   Code   RO         3109    i.UART_Receive_IT   stm32f1xx_hal_uart.o
    0x08002b2c   0x08002b2c   0x000000b8   Code   RO         3110    i.UART_SetConfig    stm32f1xx_hal_uart.o
    0x08002be4   0x08002be4   0x00000036   Code   RO         3112    i.UART_Start_Receive_IT  stm32f1xx_hal_uart.o
    0x08002c1a   0x08002c1a   0x00000064   Code   RO         3113    i.UART_WaitOnFlagUntilTimeout  stm32f1xx_hal_uart.o
    0x08002c7e   0x08002c7e   0x00000002   PAD
    0x08002c80   0x08002c80   0x0000000c   Code   RO          217    i.USART1_IRQHandler  stm32f1xx_it.o
    0x08002c8c   0x08002c8c   0x00000002   Code   RO          218    i.UsageFault_Handler  stm32f1xx_it.o
    0x08002c8e   0x08002c8e   0x00000020   Code   RO         1163    i.__NVIC_SetPriority  stm32f1xx_hal_cortex.o
    0x08002cae   0x08002cae   0x00000002   Code   RO         3585    i.btn_press_short_callback  button.o
    0x08002cb0   0x08002cb0   0x00000002   Code   RO         3586    i.btn_press_timeout_callback  button.o
    0x08002cb2   0x08002cb2   0x00000002   PAD
    0x08002cb4   0x08002cb4   0x00000150   Code   RO           19    i.btn_pressing_callback  main.o
    0x08002e04   0x08002e04   0x00000002   Code   RO         3588    i.btn_release_callback  button.o
    0x08002e06   0x08002e06   0x00000090   Code   RO         3589    i.button_handle     button.o
    0x08002e96   0x08002e96   0x0000000e   Code   RO         3590    i.button_init       button.o
    0x08002ea4   0x08002ea4   0x00000028   Code   RO         3642    i.check_number      uart_lib.o
    0x08002ecc   0x08002ecc   0x0000008c   Code   RO         3643    i.float_to_string   uart_lib.o
    0x08002f58   0x08002f58   0x00000040   Code   RO           20    i.get_adc_channel   main.o
    0x08002f98   0x08002f98   0x00000048   Code   RO         3644    i.get_gas           uart_lib.o
    0x08002fe0   0x08002fe0   0x00000044   Code   RO         3645    i.get_humidity      uart_lib.o
    0x08003024   0x08003024   0x00000044   Code   RO         3646    i.get_temperature   uart_lib.o
    0x08003068   0x08003068   0x000001fc   Code   RO           21    i.main              main.o
    0x08003264   0x08003264   0x0000002e   Code   RO         3538    i.microDelay        dht11_lib.o
    0x08003292   0x08003292   0x00000002   PAD
    0x08003294   0x08003294   0x000000cc   Code   RO         3539    i.read_3_dht11      dht11_lib.o
    0x08003360   0x08003360   0x0000012c   Code   RO         3647    i.send_message_to_LCD  uart_lib.o
    0x0800348c   0x0800348c   0x00000104   Code   RO         3648    i.send_message_to_computer  uart_lib.o
    0x08003590   0x08003590   0x000004f0   Code   RO         3649    i.tem_string_handle  uart_lib.o
    0x08003a80   0x08003a80   0x00000078   Code   RO         3650    i.threshold_handle  uart_lib.o
    0x08003af8   0x08003af8   0x0000016c   Code   RO         3651    i.uart_receive_handle  uart_lib.o
    0x08003c64   0x08003c64   0x0000002c   Code   RO         3869    locale$$code        c_w.l(lc_ctype_c.o)
    0x08003c90   0x08003c90   0x00000062   Code   RO         3773    x$fpl$d2f           fz_ws.l(d2f.o)
    0x08003cf2   0x08003cf2   0x00000002   PAD
    0x08003cf4   0x08003cf4   0x000002b0   Code   RO         3776    x$fpl$ddiv          fz_ws.l(ddiv.o)
    0x08003fa4   0x08003fa4   0x00000026   Code   RO         3779    x$fpl$dfltu         fz_ws.l(dflt_clz.o)
    0x08003fca   0x08003fca   0x0000009c   Code   RO         3824    x$fpl$dnaninf       fz_ws.l(dnaninf.o)
    0x08004066   0x08004066   0x0000000c   Code   RO         3826    x$fpl$dretinf       fz_ws.l(dretinf.o)
    0x08004072   0x08004072   0x00000002   PAD
    0x08004074   0x08004074   0x000000c4   Code   RO         3785    x$fpl$fadd          fz_ws.l(faddsub_clz.o)
    0x08004138   0x08004138   0x00000018   Code   RO         3828    x$fpl$fcmpinf       fz_ws.l(fcmpi.o)
    0x08004150   0x08004150   0x00000184   Code   RO         3792    x$fpl$fdiv          fz_ws.l(fdiv.o)
    0x080042d4   0x080042d4   0x00000036   Code   RO         3795    x$fpl$ffix          fz_ws.l(ffix.o)
    0x0800430a   0x0800430a   0x00000002   PAD
    0x0800430c   0x0800430c   0x00000030   Code   RO         3800    x$fpl$fflt          fz_ws.l(fflt_clz.o)
    0x0800433c   0x0800433c   0x00000026   Code   RO         3799    x$fpl$ffltu         fz_ws.l(fflt_clz.o)
    0x08004362   0x08004362   0x00000002   PAD
    0x08004364   0x08004364   0x00000068   Code   RO         3805    x$fpl$fleqf         fz_ws.l(fleqf.o)
    0x080043cc   0x080043cc   0x00000102   Code   RO         3807    x$fpl$fmul          fz_ws.l(fmul.o)
    0x080044ce   0x080044ce   0x0000008c   Code   RO         3830    x$fpl$fnaninf       fz_ws.l(fnaninf.o)
    0x0800455a   0x0800455a   0x0000000a   Code   RO         3832    x$fpl$fretinf       fz_ws.l(fretinf.o)
    0x08004564   0x08004564   0x00000014   Code   RO         3786    x$fpl$frsb          fz_ws.l(faddsub_clz.o)
    0x08004578   0x08004578   0x000000ea   Code   RO         3787    x$fpl$fsub          fz_ws.l(faddsub_clz.o)
    0x08004662   0x08004662   0x00000000   Code   RO         3834    x$fpl$usenofp       fz_ws.l(usenofp.o)
    0x08004662   0x08004662   0x00000010   Data   RO         3414    .constdata          system_stm32f1xx.o
    0x08004672   0x08004672   0x00000008   Data   RO         3415    .constdata          system_stm32f1xx.o
    0x0800467a   0x0800467a   0x00000002   PAD
    0x0800467c   0x0800467c   0x0000000c   Data   RO         3540    .constdata          dht11_lib.o
    0x08004688   0x08004688   0x0000032a   Data   RO         3652    .constdata          uart_lib.o
    0x080049b2   0x080049b2   0x00000002   PAD
    0x080049b4   0x080049b4   0x00000020   Data   RO         4005    Region$$Table       anon$$obj.o
    0x080049d4   0x080049d4   0x00000110   Data   RO         3868    locale$$data        c_w.l(lc_ctype_c.o)


    Execution Region RW_IRAM1 (Exec base: 0x20000000, Load base: 0x08004ae4, Size: 0x00000878, Max: 0x00005000, ABSOLUTE)

    Exec Addr    Load Addr    Size         Type   Attr      Idx    E Section Name        Object

    0x20000000   0x08004ae4   0x00000024   Data   RW           23    .data               main.o
    0x20000024   0x08004b08   0x00000001   Data   RW           24    .data               main.o
    0x20000025   0x08004b09   0x00000001   Data   RW           25    .data               main.o
    0x20000026   0x08004b0a   0x00000002   Data   RW           26    .data               main.o
    0x20000028   0x08004b0c   0x00000001   Data   RW           27    .data               main.o
    0x20000029   0x08004b0d   0x00000003   PAD
    0x2000002c   0x08004b10   0x0000000c   Data   RW          700    .data               stm32f1xx_hal.o
    0x20000038   0x08004b1c   0x00000004   Data   RW         3416    .data               system_stm32f1xx.o
    0x2000003c   0x08004b20   0x00000008   Data   RW         3541    .data               dht11_lib.o
    0x20000044        -       0x000001d4   Zero   RW           22    .bss                main.o
    0x20000218        -       0x00000060   Zero   RW         3836    .bss                c_w.l(libspace.o)
    0x20000278        -       0x00000200   Zero   RW            2    HEAP                startup_stm32f103xb.o
    0x20000478        -       0x00000400   Zero   RW            1    STACK               startup_stm32f103xb.o


==============================================================================

Image component sizes


      Code (inc. data)   RO Data    RW Data    ZI Data      Debug   Object Name

       164          0          0          0          0       3057   button.o
       386          0          0          0          0       5270   clcd_i2c.o
       566         26         12          8          0       3929   dht11_lib.o
      1420        168          0         41        468     463652   main.o
        64         26        236          0       1536        780   startup_stm32f103xb.o
       164         28          0         12          0       5653   stm32f1xx_hal.o
      1312         54          0          0          0       6947   stm32f1xx_hal_adc.o
       216          6          0          0          0       1370   stm32f1xx_hal_adc_ex.o
       198         14          0          0          0      28807   stm32f1xx_hal_cortex.o
       222          4          0          0          0       1675   stm32f1xx_hal_dma.o
       500         34          0          0          0       3391   stm32f1xx_hal_gpio.o
      1300         32          0          0          0       8641   stm32f1xx_hal_i2c.o
       408         54          0          0          0       3304   stm32f1xx_hal_msp.o
      1272        100          0          0          0       5004   stm32f1xx_hal_rcc.o
       436         46          0          0          0       2441   stm32f1xx_hal_rcc_ex.o
       636         28          0          0          0       6880   stm32f1xx_hal_tim.o
       104         12          0          0          0       1264   stm32f1xx_hal_tim_ex.o
      1432         10          0          0          0      10096   stm32f1xx_hal_uart.o
        32          6          0          0          0       3994   stm32f1xx_it.o
         2          0         24          4          0       1023   system_stm32f1xx.o
      2696        876        810          0          0       9243   uart_lib.o

    ----------------------------------------------------------------------
     13556       1524       1118         68       2004     576421   Object Totals
         0          0         32          0          0          0   (incl. Generated)
        26          0          4          3          0          0   (incl. Padding)

    ----------------------------------------------------------------------

      Code (inc. data)   RO Data    RW Data    ZI Data      Debug   Library Member Name

         8          0          0          0          0         68   __main.o
       104          0          0          0          0         84   __printf.o
         0          0          0          0          0          0   __rtentry.o
        12          0          0          0          0          0   __rtentry2.o
         6          0          0          0          0          0   __rtentry4.o
        52          8          0          0          0          0   __scatter.o
        26          0          0          0          0          0   __scatter_copy.o
        28          0          0          0          0          0   __scatter_zi.o
        28          0          0          0          0         68   _chval.o
        48          6          0          0          0         96   _printf_char_common.o
         6          0          0          0          0          0   _printf_d.o
       120         16          0          0          0         92   _printf_dec.o
       178          0          0          0          0         88   _printf_intcommon.o
         0          0          0          0          0          0   _printf_percent.o
         4          0          0          0          0          0   _printf_percent_end.o
        10          0          0          0          0         68   _sputc.o
       158          0          0          0          0         92   _strtoul.o
        26          0          0          0          0         80   atoi.o
        18          0          0          0          0         80   exit.o
         6          0          0          0          0        152   heapauxi.o
         0          0          0          0          0          0   indicate_semi.o
        44         10        272          0          0         76   lc_ctype_c.o
         2          0          0          0          0          0   libinit.o
        20          0          0          0          0          0   libinit2.o
         2          0          0          0          0          0   libshutdown.o
         2          0          0          0          0          0   libshutdown2.o
         8          4          0          0         96         68   libspace.o
        40          6          0          0          0         84   noretval__2sprintf.o
        16          4          0          0          0         76   rt_ctype_table.o
         8          4          0          0          0         68   rt_errno_addr_intlibspace.o
         8          4          0          0          0         68   rt_locale_intlibspace.o
        78          0          0          0          0         80   rt_memclr_w.o
       100          0          0          0          0         80   rt_memcpy_w.o
         2          0          0          0          0          0   rtexit.o
        10          0          0          0          0          0   rtexit2.o
        24          0          0          0          0         68   strcat.o
       128          0          0          0          0         68   strcmpv7m.o
        72          0          0          0          0         80   strcpy.o
        62          0          0          0          0         76   strlen.o
        36          0          0          0          0         80   strstr.o
       112          0          0          0          0         88   strtol.o
        12          4          0          0          0         68   sys_exit.o
        74          0          0          0          0         80   sys_stackheap_outer.o
         2          0          0          0          0         68   use_no_semi.o
        98          4          0          0          0         92   d2f.o
       688        140          0          0          0        208   ddiv.o
        38          0          0          0          0         68   dflt_clz.o
       156          4          0          0          0         92   dnaninf.o
        12          0          0          0          0         68   dretinf.o
       450          8          0          0          0        236   faddsub_clz.o
        24          0          0          0          0         68   fcmpi.o
       388         76          0          0          0         96   fdiv.o
        54          4          0          0          0         84   ffix.o
        86          0          0          0          0        136   fflt_clz.o
       104          4          0          0          0         84   fleqf.o
       258          4          0          0          0         84   fmul.o
       140          4          0          0          0         84   fnaninf.o
        10          0          0          0          0         68   fretinf.o
         0          0          0          0          0          0   usenofp.o

    ----------------------------------------------------------------------
      4226        314        272          0         96       3712   Library Totals
        20          0          0          0          0          0   (incl. Padding)

    ----------------------------------------------------------------------

      Code (inc. data)   RO Data    RW Data    ZI Data      Debug   Library Name

      1700         66        272          0         96       2244   c_w.l
      2506        248          0          0          0       1468   fz_ws.l

    ----------------------------------------------------------------------
      4226        314        272          0         96       3712   Library Totals

    ----------------------------------------------------------------------

==============================================================================


      Code (inc. data)   RO Data    RW Data    ZI Data      Debug   

     17782       1838       1390         68       2100     572537   Grand Totals
     17782       1838       1390         68       2100     572537   ELF Image Totals
     17782       1838       1390         68          0          0   ROM Totals

==============================================================================

    Total RO  Size (Code + RO Data)                19172 (  18.72kB)
    Total RW  Size (RW Data + ZI Data)              2168 (   2.12kB)
    Total ROM Size (Code + RO Data + RW Data)      19240 (  18.79kB)

==============================================================================

