Component: ARM Compiler 5.06 update 6 (build 750) Tool: armlink [4d35ed]

==============================================================================

Section Cross References

    startup_stm32f103xb.o(STACK) refers (Special) to heapauxi.o(.text) for __use_two_region_memory
    startup_stm32f103xb.o(HEAP) refers (Special) to heapauxi.o(.text) for __use_two_region_memory
    startup_stm32f103xb.o(RESET) refers (Special) to heapauxi.o(.text) for __use_two_region_memory
    startup_stm32f103xb.o(RESET) refers to startup_stm32f103xb.o(STACK) for __initial_sp
    startup_stm32f103xb.o(RESET) refers to startup_stm32f103xb.o(.text) for Reset_Handler
    startup_stm32f103xb.o(RESET) refers to stm32f1xx_it.o(i.NMI_Handler) for NMI_Handler
    startup_stm32f103xb.o(RESET) refers to stm32f1xx_it.o(i.HardFault_Handler) for HardFault_Handler
    startup_stm32f103xb.o(RESET) refers to stm32f1xx_it.o(i.MemManage_Handler) for MemManage_Handler
    startup_stm32f103xb.o(RESET) refers to stm32f1xx_it.o(i.BusFault_Handler) for BusFault_Handler
    startup_stm32f103xb.o(RESET) refers to stm32f1xx_it.o(i.UsageFault_Handler) for UsageFault_Handler
    startup_stm32f103xb.o(RESET) refers to port.o(.emb_text) for SVC_Handler
    startup_stm32f103xb.o(RESET) refers to stm32f1xx_it.o(i.DebugMon_Handler) for DebugMon_Handler
    startup_stm32f103xb.o(RESET) refers to port.o(i.SysTick_Handler) for SysTick_Handler
    startup_stm32f103xb.o(RESET) refers to stm32f1xx_it.o(i.TIM3_IRQHandler) for TIM3_IRQHandler
    startup_stm32f103xb.o(RESET) refers to stm32f1xx_it.o(i.USART1_IRQHandler) for USART1_IRQHandler
    startup_stm32f103xb.o(.text) refers (Special) to heapauxi.o(.text) for __use_two_region_memory
    startup_stm32f103xb.o(.text) refers to system_stm32f1xx.o(i.SystemInit) for SystemInit
    startup_stm32f103xb.o(.text) refers to __main.o(!!!main) for __main
    startup_stm32f103xb.o(.text) refers to startup_stm32f103xb.o(HEAP) for Heap_Mem
    startup_stm32f103xb.o(.text) refers to startup_stm32f103xb.o(STACK) for Stack_Mem
    main.o(i.HAL_TIM_PeriodElapsedCallback) refers to stm32f1xx_hal.o(i.HAL_IncTick) for HAL_IncTick
    main.o(i.HAL_UART_RxCpltCallback) refers to stm32f1xx_hal_uart.o(i.HAL_UART_Receive_IT) for HAL_UART_Receive_IT
    main.o(i.HAL_UART_RxCpltCallback) refers to main.o(.bss) for .bss
    main.o(i.HAL_UART_RxCpltCallback) refers to main.o(.data) for .data
    main.o(i.MX_ADC1_Init) refers to stm32f1xx_hal_adc.o(i.HAL_ADC_Init) for HAL_ADC_Init
    main.o(i.MX_ADC1_Init) refers to stm32f1xx_hal_adc.o(i.HAL_ADC_ConfigChannel) for HAL_ADC_ConfigChannel
    main.o(i.MX_ADC1_Init) refers to main.o(.bss) for .bss
    main.o(i.MX_GPIO_Init) refers to stm32f1xx_hal_gpio.o(i.HAL_GPIO_WritePin) for HAL_GPIO_WritePin
    main.o(i.MX_GPIO_Init) refers to stm32f1xx_hal_gpio.o(i.HAL_GPIO_Init) for HAL_GPIO_Init
    main.o(i.MX_TIM1_Init) refers to stm32f1xx_hal_tim.o(i.HAL_TIM_Base_Init) for HAL_TIM_Base_Init
    main.o(i.MX_TIM1_Init) refers to stm32f1xx_hal_tim.o(i.HAL_TIM_ConfigClockSource) for HAL_TIM_ConfigClockSource
    main.o(i.MX_TIM1_Init) refers to stm32f1xx_hal_tim_ex.o(i.HAL_TIMEx_MasterConfigSynchronization) for HAL_TIMEx_MasterConfigSynchronization
    main.o(i.MX_TIM1_Init) refers to main.o(.bss) for .bss
    main.o(i.StartDefaultTask) refers to button.o(i.button_handle) for button_handle
    main.o(i.StartDefaultTask) refers to uart_lib.o(i.threshold_handle) for threshold_handle
    main.o(i.StartDefaultTask) refers to event_groups.o(i.xEventGroupClearBits) for xEventGroupClearBits
    main.o(i.StartDefaultTask) refers to tasks.o(i.vTaskResume) for vTaskResume
    main.o(i.StartDefaultTask) refers to tasks.o(i.vTaskSuspend) for vTaskSuspend
    main.o(i.StartDefaultTask) refers to cmsis_os.o(i.osDelay) for osDelay
    main.o(i.StartDefaultTask) refers to main.o(.data) for .data
    main.o(i.StartDefaultTask) refers to main.o(.bss) for .bss
    main.o(i.StartTask02) refers to dht11_lib.o(i.DHT11_Start) for DHT11_Start
    main.o(i.StartTask02) refers to dht11_lib.o(i.read_3_dht11) for read_3_dht11
    main.o(i.StartTask02) refers to uart_lib.o(i.get_temperature) for get_temperature
    main.o(i.StartTask02) refers to uart_lib.o(i.get_humidity) for get_humidity
    main.o(i.StartTask02) refers to cmsis_os.o(i.osDelay) for osDelay
    main.o(i.StartTask02) refers to main.o(.bss) for .bss
    main.o(i.StartTask02) refers to main.o(.data) for .data
    main.o(i.StartTask03) refers to main.o(i.get_adc_channel) for get_adc_channel
    main.o(i.StartTask03) refers to uart_lib.o(i.get_gas) for get_gas
    main.o(i.StartTask03) refers to cmsis_os.o(i.osDelay) for osDelay
    main.o(i.StartTask03) refers to main.o(.data) for .data
    main.o(i.StartTask04) refers to uart_lib.o(i.uart_receive_handle) for uart_receive_handle
    main.o(i.StartTask04) refers to cmsis_os.o(i.osDelay) for osDelay
    main.o(i.StartTask04) refers to main.o(.bss) for .bss
[...]
    _fadd1                                   0x0800519b   Thumb Code     0  faddsub_clz.o(x$fpl$fadd)
    x$fpl$fcmpinf                            0x08005250   Section       24  fcmpi.o(x$fpl$fcmpinf)
    x$fpl$fdiv                               0x08005268   Section      388  fdiv.o(x$fpl$fdiv)
    _fdiv1                                   0x08005269   Thumb Code     0  fdiv.o(x$fpl$fdiv)
    x$fpl$ffix                               0x080053ec   Section       54  ffix.o(x$fpl$ffix)
    x$fpl$fflt                               0x08005424   Section       48  fflt_clz.o(x$fpl$fflt)
    x$fpl$ffltu                              0x08005454   Section       38  fflt_clz.o(x$fpl$ffltu)
    x$fpl$fleqf                              0x0800547c   Section      104  fleqf.o(x$fpl$fleqf)
    x$fpl$fmul                               0x080054e4   Section      258  fmul.o(x$fpl$fmul)
    x$fpl$fnaninf                            0x080055e6   Section      140  fnaninf.o(x$fpl$fnaninf)
    x$fpl$fretinf                            0x08005672   Section       10  fretinf.o(x$fpl$fretinf)
    x$fpl$frsb                               0x0800567c   Section       20  faddsub_clz.o(x$fpl$frsb)
    x$fpl$fsub                               0x08005690   Section      234  faddsub_clz.o(x$fpl$fsub)
    _fsub1                                   0x0800569f   Thumb Code     0  faddsub_clz.o(x$fpl$fsub)
    x$fpl$usenofp                            0x0800577a   Section        0  usenofp.o(x$fpl$usenofp)
    .constdata                               0x0800577c   Section      168  main.o(.constdata)
    .constdata                               0x08005824   Section       16  system_stm32f1xx.o(.constdata)
    .constdata                               0x08005834   Section        8  system_stm32f1xx.o(.constdata)
    .constdata                               0x0800583c   Section       12  dht11_lib.o(.constdata)
    .constdata                               0x08005848   Section      810  uart_lib.o(.constdata)
    .conststring                             0x08005b74   Section       72  main.o(.conststring)
    locale$$data                             0x08005bdc   Section      272  lc_ctype_c.o(locale$$data)
    __lcctype_c_name                         0x08005be0   Data           2  lc_ctype_c.o(locale$$data)
    __lcctype_c_start                        0x08005be8   Data           0  lc_ctype_c.o(locale$$data)
    __lcctype_c_end                          0x08005cec   Data           0  lc_ctype_c.o(locale$$data)
    .data                                    0x20000000   Section       52  main.o(.data)
    .data                                    0x20000034   Section        1  main.o(.data)
    .data                                    0x20000035   Section        1  main.o(.data)
    .data                                    0x20000036   Section        2  main.o(.data)
    .data                                    0x20000038   Section        1  main.o(.data)
    .data                                    0x2000003c   Section       12  stm32f1xx_hal.o(.data)
    .data                                    0x20000048   Section        4  system_stm32f1xx.o(.data)
    .data                                    0x2000004c   Section       60  tasks.o(.data)
    pxDelayedTaskList                        0x20000050   Data           4  tasks.o(.data)
    pxOverflowDelayedTaskList                0x20000054   Data           4  tasks.o(.data)
    uxDeletedTasksWaitingCleanUp             0x20000058   Data           4  tasks.o(.data)
    uxCurrentNumberOfTasks                   0x2000005c   Data           4  tasks.o(.data)
    xTickCount                               0x20000060   Data           4  tasks.o(.data)
    uxTopReadyPriority                       0x20000064   Data           4  tasks.o(.data)
    xSchedulerRunning                        0x20000068   Data           4  tasks.o(.data)
    uxPendedTicks                            0x2000006c   Data           4  tasks.o(.data)
    xYieldPending                            0x20000070   Data           4  tasks.o(.data)
    xNumOfOverflows                          0x20000074   Data           4  tasks.o(.data)
    uxTaskNumber                             0x20000078   Data           4  tasks.o(.data)
    xNextTaskUnblockTime                     0x2000007c   Data           4  tasks.o(.data)
    xIdleTaskHandle                          0x20000080   Data           4  tasks.o(.data)
    uxSchedulerSuspended                     0x20000084   Data           4  tasks.o(.data)
    .data                                    0x20000088   Section       24  heap_4.o(.data)
    pxEnd                                    0x20000088   Data           4  heap_4.o(.data)
    xFreeBytesRemaining                      0x2000008c   Data           4  heap_4.o(.data)
    xMinimumEverFreeBytesRemaining           0x20000090   Data           4  heap_4.o(.data)
    xBlockAllocatedBit                       0x20000094   Data           4  heap_4.o(.data)
    xStart                                   0x20000098   Data           8  heap_4.o(.data)
    .data                                    0x200000a0   Section       12  port.o(.data)
    ucMaxSysCallPriority                     0x200000a0   Data           1  port.o(.data)
    uxCriticalNesting                        0x200000a4   Data           4  port.o(.data)
    ulMaxPRIGROUPValue                       0x200000a8   Data           4  port.o(.data)
    .data                                    0x200000ac   Section        8  dht11_lib.o(.data)
    .bss                                     0x200000b4   Section      468  main.o(.bss)
    .bss                                     0x20000288   Section      512  main.o(.bss)
    .bss                                     0x20000488   Section       84  main.o(.bss)
    .bss                                     0x200004dc   Section      512  main.o(.bss)
    .bss                                     0x200006dc   Section       84  main.o(.bss)
    .bss                                     0x20000730   Section      512  main.o(.bss)
    .bss                                     0x20000930   Section       84  main.o(.bss)
    .bss                                     0x20000984   Section      512  main.o(.bss)
    .bss                                     0x20000b84   Section       84  main.o(.bss)
    .bss                                     0x20000bd8   Section      512  main.o(.bss)
    .bss                                     0x20000dd8   Section       84  main.o(.bss)
    .bss                                     0x20000e2c   Section      512  main.o(.bss)
    .bss                                     0x2000102c   Section       84  main.o(.bss)
    .bss                                     0x20001080   Section      596  freertos.o(.bss)
    xIdleTaskTCBBuffer                       0x20001080   Data          84  freertos.o(.bss)
    xIdleStack                               0x200010d4   Data         512  freertos.o(.bss)
    .bss                                     0x200012d4   Section       72  stm32f1xx_hal_timebase_tim.o(.bss)
    .bss                                     0x2000131c   Section      240  tasks.o(.bss)
    pxReadyTasksLists                        0x2000131c   Data         140  tasks.o(.bss)
    xDelayedTaskList1                        0x200013a8   Data          20  tasks.o(.bss)
    xDelayedTaskList2                        0x200013bc   Data          20  tasks.o(.bss)
    xPendingReadyList                        0x200013d0   Data          20  tasks.o(.bss)
    xTasksWaitingTermination                 0x200013e4   Data          20  tasks.o(.bss)
    xSuspendedTaskList                       0x200013f8   Data          20  tasks.o(.bss)
    .bss                                     0x2000140c   Section     3072  heap_4.o(.bss)
    ucHeap                                   0x2000140c   Data        3072  heap_4.o(.bss)
    .bss                                     0x2000200c   Section       96  libspace.o(.bss)
    HEAP                                     0x20002070   Section      512  startup_stm32f103xb.o(HEAP)
    Heap_Mem                                 0x20002070   Data         512  startup_stm32f103xb.o(HEAP)
    STACK                                    0x20002270   Section     1024  startup_stm32f103xb.o(STACK)
    Stack_Mem                                0x20002270   Data        1024  startup_stm32f103xb.o(STACK)
    __initial_sp                             0x20002670   Data           0  startup_stm32f103xb.o(STACK)

    Global Symbols

    Symbol Name                              Value     Ov Type        Size  Object(Section)

    BuildAttributes$$THM_ISAv4$P$D$K$B$S$PE$A:L22UL41UL21$X:L11$S22US41US21$IEEE1$IW$USESV6$~STKCKD$USESV7$~SHL$OSPACE$ROPI$EBA8$UX$STANDARDLIB$REQ8$PRES8$EABIv2 0x00000000   Number         0  anon$$obj.o ABSOLUTE
    __ARM_use_no_argv                        0x00000000   Number         0  main.o ABSOLUTE
    __ARM_exceptions_init                     - Undefined Weak Reference
    __alloca_initialize                       - Undefined Weak Reference
    __arm_preinit_                            - Undefined Weak Reference
    __cpp_initialize__aeabi_                  - Undefined Weak Reference
    __cxa_finalize                            - Undefined Weak Reference
    __sigvec_lookup                           - Undefined Weak Reference
    _atexit_init                              - Undefined Weak Reference
    _call_atexit_fns                          - Undefined Weak Reference
    _clock_init                               - Undefined Weak Reference
    _fp_trap_init                             - Undefined Weak Reference
    _fp_trap_shutdown                         - Undefined Weak Reference
    _get_lc_collate                           - Undefined Weak Reference
    _get_lc_monetary                          - Undefined Weak Reference
    _get_lc_numeric                           - Undefined Weak Reference
    _get_lc_time                              - Undefined Weak Reference
    _getenv_init                              - Undefined Weak Reference
    _handle_redirection                       - Undefined Weak Reference
    _init_alloc                               - Undefined Weak Reference
    _init_user_alloc                          - Undefined Weak Reference
    _initio                                   - Undefined Weak Reference
    _printf_post_padding                      - Undefined Weak Reference
    _printf_pre_padding                       - Undefined Weak Reference
    _printf_truncate_signed                   - Undefined Weak Reference
    _printf_truncate_unsigned                 - Undefined Weak Reference
    _rand_init                                - Undefined Weak Reference
    _signal_finish                            - Undefined Weak Reference
    _signal_init                              - Undefined Weak Reference
    _terminate_alloc                          - Undefined Weak Reference
    _terminate_user_alloc                     - Undefined Weak Reference
    _terminateio                              - Undefined Weak Reference
    __Vectors_Size                           0x000000ec   Number         0  startup_stm32f103xb.o ABSOLUTE
    __Vectors                                0x08000000   Data           4  startup_stm32f103xb.o(RESET)
    __Vectors_End                            0x080000ec   Data           0  startup_stm32f103xb.o(RESET)
    __main                                   0x080000ed   Thumb Code     8  __main.o(!!!main)
    __scatterload                            0x080000f5   Thumb Code     0  __scatter.o(!!!scatter)
    __scatterload_rt2                        0x080000f5   Thumb Code    44  __scatter.o(!!!scatter)
    __scatterload_rt2_thumb_only             0x080000f5   Thumb Code     0  __scatter.o(!!!scatter)
    __scatterload_null                       0x08000103   Thumb Code     0  __scatter.o(!!!scatter)
    __scatterload_copy                       0x08000129   Thumb Code    26  __scatter_copy.o(!!handler_copy)
    __scatterload_zeroinit                   0x08000145   Thumb Code    28  __scatter_zi.o(!!handler_zi)
    _printf_d                                0x08000161   Thumb Code     0  _printf_d.o(.ARM.Collect$$_printf_percent$$00000009)
    _printf_percent                          0x08000161   Thumb Code     0  _printf_percent.o(.ARM.Collect$$_printf_percent$$00000000)
    _printf_percent_end                      0x08000167   Thumb Code     0  _printf_percent_end.o(.ARM.Collect$$_printf_percent$$00000017)
    __rt_lib_init                            0x0800016b   Thumb Code     0  libinit.o(.ARM.Collect$$libinit$$00000000)
    __rt_lib_init_fp_1                       0x0800016d   Thumb Code     0  libinit2.o(.ARM.Collect$$libinit$$00000002)
    __rt_lib_init_heap_1                     0x0800016d   Thumb Code     0  libinit2.o(.ARM.Collect$$libinit$$0000000A)
    __rt_lib_init_lc_common                  0x0800016d   Thumb Code     0  libinit2.o(.ARM.Collect$$libinit$$0000000F)
    __rt_lib_init_preinit_1                  0x0800016d   Thumb Code     0  libinit2.o(.ARM.Collect$$libinit$$00000004)
    __rt_lib_init_rand_1                     0x0800016d   Thumb Code     0  libinit2.o(.ARM.Collect$$libinit$$0000000E)
    __rt_lib_init_user_alloc_1               0x0800016d   Thumb Code     0  libinit2.o(.ARM.Collect$$libinit$$0000000C)
    __rt_lib_init_lc_collate_1               0x08000173   Thumb Code     0  libinit2.o(.ARM.Collect$$libinit$$00000011)
    __rt_lib_init_lc_ctype_2                 0x08000173   Thumb Code     0  libinit2.o(.ARM.Collect$$libinit$$00000012)
    __rt_lib_init_alloca_1                   0x0800017f   Thumb Code     0  libinit2.o(.ARM.Collect$$libinit$$0000002E)
    __rt_lib_init_argv_1                     0x0800017f   Thumb Code     0  libinit2.o(.ARM.Collect$$libinit$$0000002C)
    __rt_lib_init_atexit_1                   0x0800017f   Thumb Code     0  libinit2.o(.ARM.Collect$$libinit$$0000001B)
    __rt_lib_init_clock_1                    0x0800017f   Thumb Code     0  libinit2.o(.ARM.Collect$$libinit$$00000021)
    __rt_lib_init_cpp_1                      0x0800017f   Thumb Code     0  libinit2.o(.ARM.Collect$$libinit$$00000032)
    __rt_lib_init_exceptions_1               0x0800017f   Thumb Code     0  libinit2.o(.ARM.Collect$$libinit$$00000030)
    __rt_lib_init_fp_trap_1                  0x0800017f   Thumb Code     0  libinit2.o(.ARM.Collect$$libinit$$0000001F)
    __rt_lib_init_getenv_1                   0x0800017f   Thumb Code     0  libinit2.o(.ARM.Collect$$libinit$$00000023)
    __rt_lib_init_lc_ctype_1                 0x0800017f   Thumb Code     0  libinit2.o(.ARM.Collect$$libinit$$00000013)
    __rt_lib_init_lc_monetary_1              0x0800017f   Thumb Code     0  libinit2.o(.ARM.Collect$$libinit$$00000015)
    __rt_lib_init_lc_numeric_1               0x0800017f   Thumb Code     0  libinit2.o(.ARM.Collect$$libinit$$00000017)
    __rt_lib_init_lc_time_1                  0x0800017f   Thumb Code     0  libinit2.o(.ARM.Collect$$libinit$$00000019)
    __rt_lib_init_return                     0x0800017f   Thumb Code     0  libinit2.o(.ARM.Collect$$libinit$$00000033)
    __rt_lib_init_signal_1                   0x0800017f   Thumb Code     0  libinit2.o(.ARM.Collect$$libinit$$0000001D)
    __rt_lib_init_stdio_1                    0x0800017f   Thumb Code     0  libinit2.o(.ARM.Collect$$libinit$$00000025)
    __rt_lib_shutdown                        0x08000181   Thumb Code     0  libshutdown.o(.ARM.Collect$$libshutdown$$00000000)
    __rt_lib_shutdown_cpp_1                  0x08000183   Thumb Code     0  libshutdown2.o(.ARM.Collect$$libshutdown$$00000002)
    __rt_lib_shutdown_fp_trap_1              0x08000183   Thumb Code     0  libshutdown2.o(.ARM.Collect$$libshutdown$$00000007)
    __rt_lib_shutdown_heap_1                 0x08000183   Thumb Code     0  libshutdown2.o(.ARM.Collect$$libshutdown$$0000000F)
    __rt_lib_shutdown_return                 0x08000183   Thumb Code     0  libshutdown2.o(.ARM.Collect$$libshutdown$$00000010)
    __rt_lib_shutdown_signal_1               0x08000183   Thumb Code     0  libshutdown2.o(.ARM.Collect$$libshutdown$$0000000A)
    __rt_lib_shutdown_stdio_1                0x08000183   Thumb Code     0  libshutdown2.o(.ARM.Collect$$libshutdown$$00000004)
    __rt_lib_shutdown_user_alloc_1           0x08000183   Thumb Code     0  libshutdown2.o(.ARM.Collect$$libshutdown$$0000000C)
    __rt_entry                               0x08000185   Thumb Code     0  __rtentry.o(.ARM.Collect$$rtentry$$00000000)
    __rt_entry_presh_1                       0x08000185   Thumb Code     0  __rtentry2.o(.ARM.Collect$$rtentry$$00000002)
    __rt_entry_sh                            0x08000185   Thumb Code     0  __rtentry4.o(.ARM.Collect$$rtentry$$00000004)
    __rt_entry_li                            0x0800018b   Thumb Code     0  __rtentry2.o(.ARM.Collect$$rtentry$$0000000A)
    __rt_entry_postsh_1                      0x0800018b   Thumb Code     0  __rtentry2.o(.ARM.Collect$$rtentry$$00000009)
    __rt_entry_main                          0x0800018f   Thumb Code     0  __rtentry2.o(.ARM.Collect$$rtentry$$0000000D)
    __rt_entry_postli_1                      0x0800018f   Thumb Code     0  __rtentry2.o(.ARM.Collect$$rtentry$$0000000C)
    __rt_exit                                0x08000197   Thumb Code     0  rtexit.o(.ARM.Collect$$rtexit$$00000000)
    __rt_exit_ls                             0x08000199   Thumb Code     0  rtexit2.o(.ARM.Collect$$rtexit$$00000003)
    __rt_exit_prels_1                        0x08000199   Thumb Code     0  rtexit2.o(.ARM.Collect$$rtexit$$00000002)
    __rt_exit_exit                           0x0800019d   Thumb Code     0  rtexit2.o(.ARM.Collect$$rtexit$$00000004)
    SVC_Handler                              0x080001a5   Thumb Code    32  port.o(.emb_text)
    __asm___6_port_c_39a90d8d__prvStartFirstTask 0x080001c9   Thumb Code    28  port.o(.emb_text)
    PendSV_Handler                           0x080001e9   Thumb Code    72  port.o(.emb_text)
    vPortGetIPSR                             0x08000235   Thumb Code     6  port.o(.emb_text)
    Reset_Handler                            0x0800023d   Thumb Code     8  startup_stm32f103xb.o(.text)
    ADC1_2_IRQHandler                        0x08000257   Thumb Code     0  startup_stm32f103xb.o(.text)
    CAN1_RX1_IRQHandler                      0x08000257   Thumb Code     0  startup_stm32f103xb.o(.text)
    CAN1_SCE_IRQHandler                      0x08000257   Thumb Code     0  startup_stm32f103xb.o(.text)
    DMA1_Channel1_IRQHandler                 0x08000257   Thumb Code     0  startup_stm32f103xb.o(.text)
    DMA1_Channel2_IRQHandler                 0x08000257   Thumb Code     0  startup_stm32f103xb.o(.text)
    DMA1_Channel3_IRQHandler                 0x08000257   Thumb Code     0  startup_stm32f103xb.o(.text)
    DMA1_Channel4_IRQHandler                 0x08000257   Thumb Code     0  startup_stm32f103xb.o(.text)
    DMA1_Channel5_IRQHandler                 0x08000257   Thumb Code     0  startup_stm32f103xb.o(.text)
    DMA1_Channel6_IRQHandler                 0x08000257   Thumb Code     0  startup_stm32f103xb.o(.text)
    DMA1_Channel7_IRQHandler                 0x08000257   Thumb Code     0  startup_stm32f103xb.o(.text)
    EXTI0_IRQHandler                         0x08000257   Thumb Code     0  startup_stm32f103xb.o(.text)
    EXTI15_10_IRQHandler                     0x08000257   Thumb Code     0  startup_stm32f103xb.o(.text)
    EXTI1_IRQHandler                         0x08000257   Thumb Code     0  startup_stm32f103xb.o(.text)
    EXTI2_IRQHandler                         0x08000257   Thumb Code     0  startup_stm32f103xb.o(.text)
    EXTI3_IRQHandler                         0x08000257   Thumb Code     0  startup_stm32f103xb.o(.text)
    EXTI4_IRQHandler                         0x08000257   Thumb Code     0  startup_stm32f103xb.o(.text)
    EXTI9_5_IRQHandler                       0x08000257   Thumb Code     0  startup_stm32f103xb.o(.text)
    FLASH_IRQHandler                         0x08000257   Thumb Code     0  startup_stm32f103xb.o(.text)
    I2C1_ER_IRQHandler                       0x08000257   Thumb Code     0  startup_stm32f103xb.o(.text)
    I2C1_EV_IRQHandler                       0x08000257   Thumb Code     0  startup_stm32f103xb.o(.text)
    I2C2_ER_IRQHandler                       0x08000257   Thumb Code     0  startup_stm32f103xb.o(.text)
    I2C2_EV_IRQHandler                       0x08000257   Thumb Code     0  startup_stm32f103xb.o(.text)
    PVD_IRQHandler                           0x08000257   Thumb Code     0  startup_stm32f103xb.o(.text)
    RCC_IRQHandler                           0x08000257   Thumb Code     0  startup_stm32f103xb.o(.text)
    RTC_Alarm_IRQHandler                     0x08000257   Thumb Code     0  startup_stm32f103xb.o(.text)
    RTC_IRQHandler                           0x08000257   Thumb Code     0  startup_stm32f103xb.o(.text)
    SPI1_IRQHandler                          0x08000257   Thumb Code     0  startup_stm32f103xb.o(.text)
    SPI2_IRQHandler                          0x08000257   Thumb Code     0  startup_stm32f103xb.o(.text)
    TAMPER_IRQHandler                        0x08000257   Thumb Code     0  startup_stm32f103xb.o(.text)
    TIM1_BRK_IRQHandler                      0x08000257   Thumb Code     0  startup_stm32f103xb.o(.text)
    TIM1_CC_IRQHandler                       0x08000257   Thumb Code     0  startup_stm32f103xb.o(.text)
    TIM1_TRG_COM_IRQHandler                  0x08000257   Thumb Code     0  startup_stm32f103xb.o(.text)
    TIM1_UP_IRQHandler                       0x08000257   Thumb Code     0  startup_stm32f103xb.o(.text)
    TIM2_IRQHandler                          0x08000257   Thumb Code     0  startup_stm32f103xb.o(.text)
    TIM4_IRQHandler                          0x08000257   Thumb Code     0  startup_stm32f103xb.o(.text)
    USART2_IRQHandler                        0x08000257   Thumb Code     0  startup_stm32f103xb.o(.text)
    USART3_IRQHandler                        0x08000257   Thumb Code     0  startup_stm32f103xb.o(.text)
    USBWakeUp_IRQHandler                     0x08000257   Thumb Code     0  startup_stm32f103xb.o(.text)
    USB_HP_CAN1_TX_IRQHandler                0x08000257   Thumb Code     0  startup_stm32f103xb.o(.text)
    USB_LP_CAN1_RX0_IRQHandler               0x08000257   Thumb Code     0  startup_stm32f103xb.o(.text)
    WWDG_IRQHandler                          0x08000257   Thumb Code     0  startup_stm32f103xb.o(.text)
    __user_initial_stackheap                 0x08000259   Thumb Code     0  startup_stm32f103xb.o(.text)
    __2sprintf                               0x0800027d   Thumb Code    34  noretval__2sprintf.o(.text)
    __printf                                 0x080002a5   Thumb Code   104  __printf.o(.text)
    _printf_int_dec                          0x0800030d   Thumb Code   104  _printf_dec.o(.text)
    atoi                                     0x08000385   Thumb Code    26  atoi.o(.text)
    strstr                                   0x0800039f   Thumb Code    36  strstr.o(.text)
    strcpy                                   0x080003c3   Thumb Code    72  strcpy.o(.text)
    strlen                                   0x0800040b   Thumb Code    62  strlen.o(.text)
    strcat                                   0x08000449   Thumb Code    24  strcat.o(.text)
    __aeabi_memcpy4                          0x08000461   Thumb Code     0  rt_memcpy_w.o(.text)
    __aeabi_memcpy8                          0x08000461   Thumb Code     0  rt_memcpy_w.o(.text)
    __rt_memcpy_w                            0x08000461   Thumb Code   100  rt_memcpy_w.o(.text)
    _memcpy_lastbytes_aligned                0x080004a9   Thumb Code     0  rt_memcpy_w.o(.text)
    __aeabi_memclr4                          0x080004c5   Thumb Code     0  rt_memclr_w.o(.text)
    __aeabi_memclr8                          0x080004c5   Thumb Code     0  rt_memclr_w.o(.text)
    __rt_memclr_w                            0x080004c5   Thumb Code    78  rt_memclr_w.o(.text)
    _memset_w                                0x080004c9   Thumb Code     0  rt_memclr_w.o(.text)
    __use_two_region_memory                  0x08000513   Thumb Code     2  heapauxi.o(.text)
    __rt_heap_escrow$2region                 0x08000515   Thumb Code     2  heapauxi.o(.text)
    __rt_heap_expand$2region                 0x08000517   Thumb Code     2  heapauxi.o(.text)
    __aeabi_errno_addr                       0x08000519   Thumb Code     8  rt_errno_addr_intlibspace.o(.text)
    __errno$intlibspace                      0x08000519   Thumb Code     0  rt_errno_addr_intlibspace.o(.text)
    __rt_errno_addr$intlibspace              0x08000519   Thumb Code     0  rt_errno_addr_intlibspace.o(.text)
    _printf_int_common                       0x08000521   Thumb Code   178  _printf_intcommon.o(.text)
    _printf_char_common                      0x080005df   Thumb Code    32  _printf_char_common.o(.text)
    _sputc                                   0x08000605   Thumb Code    10  _sputc.o(.text)
    strtol                                   0x0800060f   Thumb Code   112  strtol.o(.text)
    __user_libspace                          0x08000681   Thumb Code     8  libspace.o(.text)
    __user_perproc_libspace                  0x08000681   Thumb Code     0  libspace.o(.text)
    __user_perthread_libspace                0x08000681   Thumb Code     0  libspace.o(.text)
    __rt_ctype_table                         0x08000689   Thumb Code    16  rt_ctype_table.o(.text)
    _strtoul                                 0x08000699   Thumb Code   158  _strtoul.o(.text)
    __user_setup_stackheap                   0x08000737   Thumb Code    74  sys_stackheap_outer.o(.text)
    __rt_locale                              0x08000781   Thumb Code     8  rt_locale_intlibspace.o(.text)
    _chval                                   0x08000789   Thumb Code    28  _chval.o(.text)
    exit                                     0x080007a5   Thumb Code    18  exit.o(.text)
    strcmp                                   0x080007b9   Thumb Code   128  strcmpv7m.o(.text)
    _sys_exit                                0x08000839   Thumb Code     8  sys_exit.o(.text)
    __I$use$semihosting                      0x08000845   Thumb Code     0  use_no_semi.o(.text)
    __use_no_semihosting_swi                 0x08000845   Thumb Code     2  use_no_semi.o(.text)
    __semihosting_library_function           0x08000847   Thumb Code     0  indicate_semi.o(.text)
    ADC_ConversionStop_Disable               0x08000849   Thumb Code    86  stm32f1xx_hal_adc.o(i.ADC_ConversionStop_Disable)
    ADC_Enable                               0x080008a1   Thumb Code   114  stm32f1xx_hal_adc.o(i.ADC_Enable)
    BusFault_Handler                         0x0800091d   Thumb Code     2  stm32f1xx_it.o(i.BusFault_Handler)
    CLCD_I2C_Clear                           0x0800091f   Thumb Code    20  clcd_i2c.o(i.CLCD_I2C_Clear)
    CLCD_I2C_Init                            0x08000933   Thumb Code   162  clcd_i2c.o(i.CLCD_I2C_Init)
    CLCD_I2C_SetCursor                       0x080009d5   Thumb Code    68  clcd_i2c.o(i.CLCD_I2C_SetCursor)
    CLCD_I2C_WriteChar                       0x08000a19   Thumb Code     6  clcd_i2c.o(i.CLCD_I2C_WriteChar)
    CLCD_I2C_WriteString                     0x08000a1f   Thumb Code    24  clcd_i2c.o(i.CLCD_I2C_WriteString)
    DHT11_Read                               0x08000aa1   Thumb Code   140  dht11_lib.o(i.DHT11_Read)
    DHT11_Start                              0x08000b31   Thumb Code   166  dht11_lib.o(i.DHT11_Start)
    DebugMon_Handler                         0x08000bdd   Thumb Code     2  stm32f1xx_it.o(i.DebugMon_Handler)
    HAL_ADCEx_Calibration_Start              0x08000be1   Thumb Code   210  stm32f1xx_hal_adc_ex.o(i.HAL_ADCEx_Calibration_Start)
    HAL_ADC_ConfigChannel                    0x08000cb9   Thumb Code   240  stm32f1xx_hal_adc.o(i.HAL_ADC_ConfigChannel)
    HAL_ADC_GetValue                         0x08000db5   Thumb Code     6  stm32f1xx_hal_adc.o(i.HAL_ADC_GetValue)
    HAL_ADC_Init                             0x08000dbd   Thumb Code   272  stm32f1xx_hal_adc.o(i.HAL_ADC_Init)
    HAL_ADC_MspInit                          0x08000ed9   Thumb Code    76  stm32f1xx_hal_msp.o(i.HAL_ADC_MspInit)
    HAL_ADC_PollForConversion                0x08000f31   Thumb Code   304  stm32f1xx_hal_adc.o(i.HAL_ADC_PollForConversion)
    HAL_ADC_Start                            0x0800106d   Thumb Code   184  stm32f1xx_hal_adc.o(i.HAL_ADC_Start)
    HAL_ADC_Stop                             0x0800112d   Thumb Code    52  stm32f1xx_hal_adc.o(i.HAL_ADC_Stop)
    HAL_DMA_Abort                            0x08001161   Thumb Code    70  stm32f1xx_hal_dma.o(i.HAL_DMA_Abort)
    HAL_DMA_Abort_IT                         0x080011a9   Thumb Code   148  stm32f1xx_hal_dma.o(i.HAL_DMA_Abort_IT)
    HAL_Delay                                0x08001241   Thumb Code    32  stm32f1xx_hal.o(i.HAL_Delay)
    HAL_GPIO_Init                            0x08001265   Thumb Code   446  stm32f1xx_hal_gpio.o(i.HAL_GPIO_Init)
    HAL_GPIO_ReadPin                         0x08001445   Thumb Code    10  stm32f1xx_hal_gpio.o(i.HAL_GPIO_ReadPin)
    HAL_GPIO_WritePin                        0x0800144f   Thumb Code    10  stm32f1xx_hal_gpio.o(i.HAL_GPIO_WritePin)
    HAL_GetTick                              0x08001459   Thumb Code     6  stm32f1xx_hal.o(i.HAL_GetTick)
    HAL_I2C_Init                             0x08001465   Thumb Code   376  stm32f1xx_hal_i2c.o(i.HAL_I2C_Init)
    HAL_I2C_Master_Transmit                  0x080015ed   Thumb Code   290  stm32f1xx_hal_i2c.o(i.HAL_I2C_Master_Transmit)
    HAL_I2C_MspInit                          0x08001719   Thumb Code    80  stm32f1xx_hal_msp.o(i.HAL_I2C_MspInit)
    HAL_IncTick                              0x08001775   Thumb Code    12  stm32f1xx_hal.o(i.HAL_IncTick)
    HAL_Init                                 0x08001785   Thumb Code    32  stm32f1xx_hal.o(i.HAL_Init)
    HAL_InitTick                             0x080017a9   Thumb Code   132  stm32f1xx_hal_timebase_tim.o(i.HAL_InitTick)
    HAL_MspInit                              0x08001841   Thumb Code    62  stm32f1xx_hal_msp.o(i.HAL_MspInit)
    HAL_NVIC_EnableIRQ                       0x08001889   Thumb Code    26  stm32f1xx_hal_cortex.o(i.HAL_NVIC_EnableIRQ)
    HAL_NVIC_SetPriority                     0x080018a5   Thumb Code    60  stm32f1xx_hal_cortex.o(i.HAL_NVIC_SetPriority)
    HAL_NVIC_SetPriorityGrouping             0x080018e5   Thumb Code    26  stm32f1xx_hal_cortex.o(i.HAL_NVIC_SetPriorityGrouping)
    HAL_RCCEx_GetPeriphCLKFreq               0x08001909   Thumb Code   166  stm32f1xx_hal_rcc_ex.o(i.HAL_RCCEx_GetPeriphCLKFreq)
    HAL_RCCEx_PeriphCLKConfig                0x080019d1   Thumb Code   224  stm32f1xx_hal_rcc_ex.o(i.HAL_RCCEx_PeriphCLKConfig)
    HAL_RCC_ClockConfig                      0x08001abd   Thumb Code   280  stm32f1xx_hal_rcc.o(i.HAL_RCC_ClockConfig)
    HAL_RCC_GetClockConfig                   0x08001be9   Thumb Code    54  stm32f1xx_hal_rcc.o(i.HAL_RCC_GetClockConfig)
    HAL_RCC_GetPCLK1Freq                     0x08001c29   Thumb Code    20  stm32f1xx_hal_rcc.o(i.HAL_RCC_GetPCLK1Freq)
    HAL_RCC_GetPCLK2Freq                     0x08001c49   Thumb Code    20  stm32f1xx_hal_rcc.o(i.HAL_RCC_GetPCLK2Freq)
    HAL_RCC_GetSysClockFreq                  0x08001c69   Thumb Code    74  stm32f1xx_hal_rcc.o(i.HAL_RCC_GetSysClockFreq)
    HAL_RCC_OscConfig                        0x08001cd5   Thumb Code   778  stm32f1xx_hal_rcc.o(i.HAL_RCC_OscConfig)
    HAL_TIMEx_BreakCallback                  0x08001ff5   Thumb Code     2  stm32f1xx_hal_tim_ex.o(i.HAL_TIMEx_BreakCallback)
    HAL_TIMEx_CommutCallback                 0x08001ff7   Thumb Code     2  stm32f1xx_hal_tim_ex.o(i.HAL_TIMEx_CommutCallback)
    HAL_TIMEx_MasterConfigSynchronization    0x08001ff9   Thumb Code    92  stm32f1xx_hal_tim_ex.o(i.HAL_TIMEx_MasterConfigSynchronization)
    HAL_TIM_Base_Init                        0x08002061   Thumb Code    90  stm32f1xx_hal_tim.o(i.HAL_TIM_Base_Init)
    HAL_TIM_Base_MspInit                     0x080020bd   Thumb Code    30  stm32f1xx_hal_msp.o(i.HAL_TIM_Base_MspInit)
    HAL_TIM_Base_Start                       0x080020e5   Thumb Code    66  stm32f1xx_hal_tim.o(i.HAL_TIM_Base_Start)
    HAL_TIM_Base_Start_IT                    0x08002135   Thumb Code    76  stm32f1xx_hal_tim.o(i.HAL_TIM_Base_Start_IT)
    HAL_TIM_Base_Stop                        0x0800218d   Thumb Code    38  stm32f1xx_hal_tim.o(i.HAL_TIM_Base_Stop)
    HAL_TIM_ConfigClockSource                0x080021b3   Thumb Code   214  stm32f1xx_hal_tim.o(i.HAL_TIM_ConfigClockSource)
    HAL_TIM_IC_CaptureCallback               0x08002289   Thumb Code     2  stm32f1xx_hal_tim.o(i.HAL_TIM_IC_CaptureCallback)
    HAL_TIM_IRQHandler                       0x0800228b   Thumb Code   358  stm32f1xx_hal_tim.o(i.HAL_TIM_IRQHandler)
    HAL_TIM_OC_DelayElapsedCallback          0x080023f1   Thumb Code     2  stm32f1xx_hal_tim.o(i.HAL_TIM_OC_DelayElapsedCallback)
    HAL_TIM_PWM_PulseFinishedCallback        0x080023f3   Thumb Code     2  stm32f1xx_hal_tim.o(i.HAL_TIM_PWM_PulseFinishedCallback)
    HAL_TIM_PeriodElapsedCallback            0x080023f5   Thumb Code    14  main.o(i.HAL_TIM_PeriodElapsedCallback)
    HAL_TIM_TriggerCallback                  0x08002409   Thumb Code     2  stm32f1xx_hal_tim.o(i.HAL_TIM_TriggerCallback)
    HAL_UARTEx_RxEventCallback               0x0800240b   Thumb Code     2  stm32f1xx_hal_uart.o(i.HAL_UARTEx_RxEventCallback)
    HAL_UART_ErrorCallback                   0x0800240d   Thumb Code     2  stm32f1xx_hal_uart.o(i.HAL_UART_ErrorCallback)
    HAL_UART_IRQHandler                      0x08002411   Thumb Code   520  stm32f1xx_hal_uart.o(i.HAL_UART_IRQHandler)
    HAL_UART_Init                            0x0800261d   Thumb Code    98  stm32f1xx_hal_uart.o(i.HAL_UART_Init)
    HAL_UART_MspInit                         0x08002681   Thumb Code   116  stm32f1xx_hal_msp.o(i.HAL_UART_MspInit)
    HAL_UART_Receive_IT                      0x08002701   Thumb Code    42  stm32f1xx_hal_uart.o(i.HAL_UART_Receive_IT)
    HAL_UART_RxCpltCallback                  0x0800272d   Thumb Code    70  main.o(i.HAL_UART_RxCpltCallback)
    HAL_UART_Transmit                        0x0800277d   Thumb Code   178  stm32f1xx_hal_uart.o(i.HAL_UART_Transmit)
    HAL_UART_TxCpltCallback                  0x0800282f   Thumb Code     2  stm32f1xx_hal_uart.o(i.HAL_UART_TxCpltCallback)
    HardFault_Handler                        0x08002831   Thumb Code     2  stm32f1xx_it.o(i.HardFault_Handler)
    MemManage_Handler                        0x08002bbd   Thumb Code     2  stm32f1xx_it.o(i.MemManage_Handler)
    NMI_Handler                              0x08002bbf   Thumb Code     2  stm32f1xx_it.o(i.NMI_Handler)
    StartDefaultTask                         0x08002bc1   Thumb Code    80  main.o(i.StartDefaultTask)
    StartTask02                              0x08002c19   Thumb Code    70  main.o(i.StartTask02)
    StartTask03                              0x08002c6d   Thumb Code    28  main.o(i.StartTask03)
    StartTask04                              0x08002c8d   Thumb Code    14  main.o(i.StartTask04)
    StartTask05                              0x08002ca1   Thumb Code    16  main.o(i.StartTask05)
    StartTask06                              0x08002cb1   Thumb Code    16  main.o(i.StartTask06)
    SysTick_Handler                          0x08002cc5   Thumb Code    38  port.o(i.SysTick_Handler)
    SystemClock_Config                       0x08002cf1   Thumb Code   120  main.o(i.SystemClock_Config)
    SystemInit                               0x08002d69   Thumb Code     2  system_stm32f1xx.o(i.SystemInit)
    TIM3_IRQHandler                          0x08002d6d   Thumb Code     6  stm32f1xx_it.o(i.TIM3_IRQHandler)
    TIM_Base_SetConfig                       0x08002d79   Thumb Code    94  stm32f1xx_hal_tim.o(i.TIM_Base_SetConfig)
    TIM_ETR_SetConfig                        0x08002de5   Thumb Code    20  stm32f1xx_hal_tim.o(i.TIM_ETR_SetConfig)
    UART_Start_Receive_IT                    0x08002ffd   Thumb Code    54  stm32f1xx_hal_uart.o(i.UART_Start_Receive_IT)
    USART1_IRQHandler                        0x08003099   Thumb Code     6  stm32f1xx_it.o(i.USART1_IRQHandler)
    UsageFault_Handler                       0x080030a5   Thumb Code     2  stm32f1xx_it.o(i.UsageFault_Handler)
    btn_press_short_callback                 0x080030c7   Thumb Code     2  button.o(i.btn_press_short_callback)
    btn_press_timeout_callback               0x080030c9   Thumb Code     2  button.o(i.btn_press_timeout_callback)
    btn_pressing_callback                    0x080030cd   Thumb Code   270  main.o(i.btn_pressing_callback)
    btn_release_callback                     0x0800321d   Thumb Code     2  button.o(i.btn_release_callback)
    button_handle                            0x0800321f   Thumb Code   144  button.o(i.button_handle)
    button_init                              0x080032af   Thumb Code    14  button.o(i.button_init)
    check_number                             0x080032bd   Thumb Code    40  uart_lib.o(i.check_number)
    float_to_string                          0x080032e5   Thumb Code   116  uart_lib.o(i.float_to_string)
    get_adc_channel                          0x08003371   Thumb Code    60  main.o(i.get_adc_channel)
    get_gas                                  0x080033b1   Thumb Code    58  uart_lib.o(i.get_gas)
    get_humidity                             0x080033f9   Thumb Code    54  uart_lib.o(i.get_humidity)
    get_temperature                          0x0800343d   Thumb Code    54  uart_lib.o(i.get_temperature)
    main                                     0x08003481   Thumb Code   390  main.o(i.main)
    microDelay                               0x0800364d   Thumb Code    46  dht11_lib.o(i.microDelay)
    osDelay                                  0x0800367b   Thumb Code    14  cmsis_os.o(i.osDelay)
    osKernelStart                            0x08003689   Thumb Code    10  cmsis_os.o(i.osKernelStart)
    osThreadCreate                           0x08003693   Thumb Code    84  cmsis_os.o(i.osThreadCreate)
    pvPortMalloc                             0x08003a61   Thumb Code   210  heap_4.o(i.pvPortMalloc)
    pxPortInitialiseStack                    0x08003b39   Thumb Code    32  port.o(i.pxPortInitialiseStack)
    read_3_dht11                             0x08003b5d   Thumb Code   188  dht11_lib.o(i.read_3_dht11)
    send_message_to_LCD                      0x08003c29   Thumb Code   268  uart_lib.o(i.send_message_to_LCD)
    send_message_to_computer                 0x08003d55   Thumb Code    90  uart_lib.o(i.send_message_to_computer)
    tem_string_handle                        0x08003e59   Thumb Code   692  uart_lib.o(i.tem_string_handle)
    threshold_handle                         0x08004349   Thumb Code   140  uart_lib.o(i.threshold_handle)
    uart_receive_handle                      0x080043f1   Thumb Code   352  uart_lib.o(i.uart_receive_handle)
    uxListRemove                             0x0800455d   Thumb Code    38  list.o(i.uxListRemove)
    vApplicationGetIdleTaskMemory            0x08004585   Thumb Code    16  freertos.o(i.vApplicationGetIdleTaskMemory)
    vListInitialise                          0x08004599   Thumb Code    22  list.o(i.vListInitialise)
    vListInitialiseItem                      0x080045af   Thumb Code     6  list.o(i.vListInitialiseItem)
    vListInsert                              0x080045b5   Thumb Code    48  list.o(i.vListInsert)
    vListInsertEnd                           0x080045e5   Thumb Code    24  list.o(i.vListInsertEnd)
    vPortEnterCritical                       0x080045fd   Thumb Code    54  port.o(i.vPortEnterCritical)
    vPortExitCritical                        0x0800463d   Thumb Code    34  port.o(i.vPortExitCritical)
    vPortFree                                0x08004665   Thumb Code    88  heap_4.o(i.vPortFree)
    vPortSetupTimerInterrupt                 0x080046c1   Thumb Code    32  port.o(i.vPortSetupTimerInterrupt)
    vTaskDelay                               0x080046e5   Thumb Code    66  tasks.o(i.vTaskDelay)
    vTaskRemoveFromUnorderedEventList        0x08004731   Thumb Code   104  tasks.o(i.vTaskRemoveFromUnorderedEventList)
    vTaskResume                              0x080047a1   Thumb Code   112  tasks.o(i.vTaskResume)
    vTaskStartScheduler                      0x0800481d   Thumb Code    90  tasks.o(i.vTaskStartScheduler)
    vTaskSuspend                             0x08004889   Thumb Code   174  tasks.o(i.vTaskSuspend)
    vTaskSuspendAll                          0x08004945   Thumb Code    10  tasks.o(i.vTaskSuspendAll)
    vTaskSwitchContext                       0x08004955   Thumb Code    82  tasks.o(i.vTaskSwitchContext)
    xEventGroupClearBits                     0x080049b1   Thumb Code    64  event_groups.o(i.xEventGroupClearBits)
    xEventGroupCreate                        0x080049f1   Thumb Code    28  event_groups.o(i.xEventGroupCreate)
    xEventGroupSetBits                       0x08004a0d   Thumb Code   140  event_groups.o(i.xEventGroupSetBits)
    xPortStartScheduler                      0x08004a99   Thumb Code   154  port.o(i.xPortStartScheduler)
    xTaskCreate                              0x08004b41   Thumb Code    90  tasks.o(i.xTaskCreate)
    xTaskCreateStatic                        0x08004b9b   Thumb Code    86  tasks.o(i.xTaskCreateStatic)
    xTaskIncrementTick                       0x08004bf1   Thumb Code   192  tasks.o(i.xTaskIncrementTick)
    xTaskResumeAll                           0x08004cb9   Thumb Code   182  tasks.o(i.xTaskResumeAll)
    _get_lc_ctype                            0x08004d7d   Thumb Code    44  lc_ctype_c.o(locale$$code)
    __aeabi_d2f                              0x08004da9   Thumb Code     0  d2f.o(x$fpl$d2f)
    _d2f                                     0x08004da9   Thumb Code    98  d2f.o(x$fpl$d2f)
    __aeabi_ddiv                             0x08004e0d   Thumb Code     0  ddiv.o(x$fpl$ddiv)
    _ddiv                                    0x08004e0d   Thumb Code   552  ddiv.o(x$fpl$ddiv)
    __aeabi_ui2d                             0x080050bd   Thumb Code     0  dflt_clz.o(x$fpl$dfltu)
    _dfltu                                   0x080050bd   Thumb Code    38  dflt_clz.o(x$fpl$dfltu)
    __fpl_dnaninf                            0x080050e3   Thumb Code   156  dnaninf.o(x$fpl$dnaninf)
    __fpl_dretinf                            0x0800517f   Thumb Code    12  dretinf.o(x$fpl$dretinf)
    __aeabi_fadd                             0x0800518d   Thumb Code     0  faddsub_clz.o(x$fpl$fadd)
    _fadd                                    0x0800518d   Thumb Code   196  faddsub_clz.o(x$fpl$fadd)
    __fpl_fcmp_Inf                           0x08005251   Thumb Code    24  fcmpi.o(x$fpl$fcmpinf)
    __aeabi_fdiv                             0x08005269   Thumb Code     0  fdiv.o(x$fpl$fdiv)
    _fdiv                                    0x08005269   Thumb Code   384  fdiv.o(x$fpl$fdiv)
    __aeabi_f2iz                             0x080053ed   Thumb Code     0  ffix.o(x$fpl$ffix)
    _ffix                                    0x080053ed   Thumb Code    54  ffix.o(x$fpl$ffix)
    __aeabi_i2f                              0x08005425   Thumb Code     0  fflt_clz.o(x$fpl$fflt)
    _fflt                                    0x08005425   Thumb Code    48  fflt_clz.o(x$fpl$fflt)
    __aeabi_ui2f                             0x08005455   Thumb Code     0  fflt_clz.o(x$fpl$ffltu)
    _ffltu                                   0x08005455   Thumb Code    38  fflt_clz.o(x$fpl$ffltu)
    __aeabi_cfcmple                          0x0800547d   Thumb Code     0  fleqf.o(x$fpl$fleqf)
    _fcmple                                  0x0800547d   Thumb Code   104  fleqf.o(x$fpl$fleqf)
    __fpl_fcmple_InfNaN                      0x080054cf   Thumb Code     0  fleqf.o(x$fpl$fleqf)
    __aeabi_fmul                             0x080054e5   Thumb Code     0  fmul.o(x$fpl$fmul)
    _fmul                                    0x080054e5   Thumb Code   258  fmul.o(x$fpl$fmul)
    __fpl_fnaninf                            0x080055e7   Thumb Code   140  fnaninf.o(x$fpl$fnaninf)
    __fpl_fretinf                            0x08005673   Thumb Code    10  fretinf.o(x$fpl$fretinf)
    __aeabi_frsub                            0x0800567d   Thumb Code     0  faddsub_clz.o(x$fpl$frsb)
    _frsb                                    0x0800567d   Thumb Code    20  faddsub_clz.o(x$fpl$frsb)
    __aeabi_fsub                             0x08005691   Thumb Code     0  faddsub_clz.o(x$fpl$fsub)
    _fsub                                    0x08005691   Thumb Code   234  faddsub_clz.o(x$fpl$fsub)
    __I$use$fp                               0x0800577a   Number         0  usenofp.o(x$fpl$usenofp)
    AHBPrescTable                            0x08005824   Data          16  system_stm32f1xx.o(.constdata)
    APBPrescTable                            0x08005834   Data           8  system_stm32f1xx.o(.constdata)
    Region$$Table$$Base                      0x08005bbc   Number         0  anon$$obj.o(Region$$Table)
    Region$$Table$$Limit                     0x08005bdc   Number         0  anon$$obj.o(Region$$Table)
    __ctype                                  0x08005be9   Data           0  lc_ctype_c.o(locale$$data)
    data_index                               0x20000000   Data           1  main.o(.data)
    mode_bt                                  0x20000001   Data           1  main.o(.data)
    mode_computer                            0x20000002   Data           1  main.o(.data)
    data_rx                                  0x20000003   Data           1  main.o(.data)
    uart_state                               0x20000004   Data           1  main.o(.data)
    adc_mq2_index                            0x20000006   Data           2  main.o(.data)
    time_delay_dht                           0x20000008   Data           4  main.o(.data)
    time_delay_gas                           0x2000000c   Data           4  main.o(.data)
    time_delay_LCD                           0x20000010   Data           4  main.o(.data)
    defaultTaskHandle                        0x20000014   Data           4  main.o(.data)
    myTask02Handle                           0x20000018   Data           4  main.o(.data)
    myTask03Handle                           0x2000001c   Data           4  main.o(.data)
    myTask04Handle                           0x20000020   Data           4  main.o(.data)
    myTask05Handle                           0x20000024   Data           4  main.o(.data)
    myTask06Handle                           0x20000028   Data           4  main.o(.data)
    computer_sending_eventgroup              0x2000002c   Data           4  main.o(.data)
    computer_sending_bit                     0x20000030   Data           4  main.o(.data)
    tem_threshold                            0x20000034   Data           1  main.o(.data)
    hum_threshold                            0x20000035   Data           1  main.o(.data)
    gas_threshold                            0x20000036   Data           2  main.o(.data)
    string_handle                            0x20000038   Data           1  main.o(.data)
    uwTickFreq                               0x2000003c   Data           1  stm32f1xx_hal.o(.data)
    uwTickPrio                               0x20000040   Data           4  stm32f1xx_hal.o(.data)
    uwTick                                   0x20000044   Data           4  stm32f1xx_hal.o(.data)
    SystemCoreClock                          0x20000048   Data           4  system_stm32f1xx.o(.data)
    pxCurrentTCB                             0x2000004c   Data           4  tasks.o(.data)
    pMillis                                  0x200000ac   Data           4  dht11_lib.o(.data)
    cMillis                                  0x200000b0   Data           4  dht11_lib.o(.data)
    hadc1                                    0x200000b4   Data          48  main.o(.bss)
    hi2c1                                    0x200000e4   Data          84  main.o(.bss)
    htim1                                    0x20000138   Data          72  main.o(.bss)
    huart1                                   0x20000180   Data          68  main.o(.bss)
    index11                                  0x200001c4   Data          12  main.o(.bss)
    LCD1                                     0x200001d0   Data          12  main.o(.bss)
    data                                     0x200001dc   Data         100  main.o(.bss)
    button1                                  0x20000240   Data          24  main.o(.bss)
    button2                                  0x20000258   Data          24  main.o(.bss)
    button3                                  0x20000270   Data          24  main.o(.bss)
    defaultTaskBuffer                        0x20000288   Data         512  main.o(.bss)
    defaultTaskControlBlock                  0x20000488   Data          84  main.o(.bss)
    myTask02Buffer                           0x200004dc   Data         512  main.o(.bss)
    myTask02ControlBlock                     0x200006dc   Data          84  main.o(.bss)
    myTask03Buffer                           0x20000730   Data         512  main.o(.bss)
    myTask03ControlBlock                     0x20000930   Data          84  main.o(.bss)
    myTask04Buffer                           0x20000984   Data         512  main.o(.bss)
    myTask04ControlBlock                     0x20000b84   Data          84  main.o(.bss)
    myTask05Buffer                           0x20000bd8   Data         512  main.o(.bss)
    myTask05ControlBlock                     0x20000dd8   Data          84  main.o(.bss)
    myTask06Buffer                           0x20000e2c   Data         512  main.o(.bss)
    myTask06ControlBlock                     0x2000102c   Data          84  main.o(.bss)
    htim3                                    0x200012d4   Data          72  stm32f1xx_hal_timebase_tim.o(.bss)
    __libspace_start                         0x2000200c   Data          96  libspace.o(.bss)
    __temporary_stack_top$libspace           0x2000206c   Data           0  libspace.o(.bss)



==============================================================================

Memory Map of the image

  Image Entry point : 0x080000ed

  Load Region LR_IROM1 (Base: 0x08000000, Size: 0x00005da0, Max: 0x00010000, ABSOLUTE)

    Execution Region ER_IROM1 (Exec base: 0x08000000, Load base: 0x08000000, Size: 0x00005cec, Max: 0x00010000, ABSOLUTE)

    Exec Addr    Load Addr    Size         Type   Attr      Idx    E Section Name        Object

    0x08000000   0x08000000   0x000000ec   Data   RO            3    RESET               startup_stm32f103xb.o
    0x080000ec   0x080000ec   0x00000008   Code   RO         5202  * !!!main             c_w.l(__main.o)
    0x080000f4   0x080000f4   0x00000034   Code   RO         5440    !!!scatter          c_w.l(__scatter.o)
    0x08000128   0x08000128   0x0000001a   Code   RO         5442    !!handler_copy      c_w.l(__scatter_copy.o)
    0x08000142   0x08000142   0x00000002   PAD
    0x08000144   0x08000144   0x0000001c   Code   RO         5444    !!handler_zi        c_w.l(__scatter_zi.o)
    0x08000160   0x08000160   0x00000000   Code   RO         5181    .ARM.Collect$$_printf_percent$$00000000  c_w.l(_printf_percent.o)
    0x08000160   0x08000160   0x00000006   Code   RO         5180    .ARM.Collect$$_printf_percent$$00000009  c_w.l(_printf_d.o)
    0x08000166   0x08000166   0x00000004   Code   RO         5252    .ARM.Collect$$_printf_percent$$00000017  c_w.l(_printf_percent_end.o)
    0x0800016a   0x0800016a   0x00000002   Code   RO         5311    .ARM.Collect$$libinit$$00000000  c_w.l(libinit.o)
    0x0800016c   0x0800016c   0x00000000   Code   RO         5317    .ARM.Collect$$libinit$$00000002  c_w.l(libinit2.o)
    0x0800016c   0x0800016c   0x00000000   Code   RO         5319    .ARM.Collect$$libinit$$00000004  c_w.l(libinit2.o)
    0x0800016c   0x0800016c   0x00000000   Code   RO         5322    .ARM.Collect$$libinit$$0000000A  c_w.l(libinit2.o)
    0x0800016c   0x0800016c   0x00000000   Code   RO         5324    .ARM.Collect$$libinit$$0000000C  c_w.l(libinit2.o)
    0x0800016c   0x0800016c   0x00000000   Code   RO         5326    .ARM.Collect$$libinit$$0000000E  c_w.l(libinit2.o)
    0x0800016c   0x0800016c   0x00000006   Code   RO         5327    .ARM.Collect$$libinit$$0000000F  c_w.l(libinit2.o)
    0x08000172   0x08000172   0x00000000   Code   RO         5329    .ARM.Collect$$libinit$$00000011  c_w.l(libinit2.o)
    0x08000172   0x08000172   0x0000000c   Code   RO         5330    .ARM.Collect$$libinit$$00000012  c_w.l(libinit2.o)
    0x0800017e   0x0800017e   0x00000000   Code   RO         5331    .ARM.Collect$$libinit$$00000013  c_w.l(libinit2.o)
    0x0800017e   0x0800017e   0x00000000   Code   RO         5333    .ARM.Collect$$libinit$$00000015  c_w.l(libinit2.o)
    0x0800017e   0x0800017e   0x00000000   Code   RO         5335    .ARM.Collect$$libinit$$00000017  c_w.l(libinit2.o)
    0x0800017e   0x0800017e   0x00000000   Code   RO         5337    .ARM.Collect$$libinit$$00000019  c_w.l(libinit2.o)
    0x0800017e   0x0800017e   0x00000000   Code   RO         5339    .ARM.Collect$$libinit$$0000001B  c_w.l(libinit2.o)
    0x0800017e   0x0800017e   0x00000000   Code   RO         5341    .ARM.Collect$$libinit$$0000001D  c_w.l(libinit2.o)
    0x0800017e   0x0800017e   0x00000000   Code   RO         5343    .ARM.Collect$$libinit$$0000001F  c_w.l(libinit2.o)
    0x0800017e   0x0800017e   0x00000000   Code   RO         5345    .ARM.Collect$$libinit$$00000021  c_w.l(libinit2.o)
    0x0800017e   0x0800017e   0x00000000   Code   RO         5347    .ARM.Collect$$libinit$$00000023  c_w.l(libinit2.o)
    0x0800017e   0x0800017e   0x00000000   Code   RO         5349    .ARM.Collect$$libinit$$00000025  c_w.l(libinit2.o)
    0x0800017e   0x0800017e   0x00000000   Code   RO         5353    .ARM.Collect$$libinit$$0000002C  c_w.l(libinit2.o)
    0x0800017e   0x0800017e   0x00000000   Code   RO         5355    .ARM.Collect$$libinit$$0000002E  c_w.l(libinit2.o)
    0x0800017e   0x0800017e   0x00000000   Code   RO         5357    .ARM.Collect$$libinit$$00000030  c_w.l(libinit2.o)
    0x0800017e   0x0800017e   0x00000000   Code   RO         5359    .ARM.Collect$$libinit$$00000032  c_w.l(libinit2.o)
    0x0800017e   0x0800017e   0x00000002   Code   RO         5360    .ARM.Collect$$libinit$$00000033  c_w.l(libinit2.o)
    0x08000180   0x08000180   0x00000002   Code   RO         5380    .ARM.Collect$$libshutdown$$00000000  c_w.l(libshutdown.o)
    0x08000182   0x08000182   0x00000000   Code   RO         5393    .ARM.Collect$$libshutdown$$00000002  c_w.l(libshutdown2.o)
    0x08000182   0x08000182   0x00000000   Code   RO         5395    .ARM.Collect$$libshutdown$$00000004  c_w.l(libshutdown2.o)
    0x08000182   0x08000182   0x00000000   Code   RO         5398    .ARM.Collect$$libshutdown$$00000007  c_w.l(libshutdown2.o)
    0x08000182   0x08000182   0x00000000   Code   RO         5401    .ARM.Collect$$libshutdown$$0000000A  c_w.l(libshutdown2.o)
    0x08000182   0x08000182   0x00000000   Code   RO         5403    .ARM.Collect$$libshutdown$$0000000C  c_w.l(libshutdown2.o)
    0x08000182   0x08000182   0x00000000   Code   RO         5406    .ARM.Collect$$libshutdown$$0000000F  c_w.l(libshutdown2.o)
    0x08000182   0x08000182   0x00000002   Code   RO         5407    .ARM.Collect$$libshutdown$$00000010  c_w.l(libshutdown2.o)
    0x08000184   0x08000184   0x00000000   Code   RO         5240    .ARM.Collect$$rtentry$$00000000  c_w.l(__rtentry.o)
    0x08000184   0x08000184   0x00000000   Code   RO         5272    .ARM.Collect$$rtentry$$00000002  c_w.l(__rtentry2.o)
    0x08000184   0x08000184   0x00000006   Code   RO         5284    .ARM.Collect$$rtentry$$00000004  c_w.l(__rtentry4.o)
    0x0800018a   0x0800018a   0x00000000   Code   RO         5274    .ARM.Collect$$rtentry$$00000009  c_w.l(__rtentry2.o)
    0x0800018a   0x0800018a   0x00000004   Code   RO         5275    .ARM.Collect$$rtentry$$0000000A  c_w.l(__rtentry2.o)
    0x0800018e   0x0800018e   0x00000000   Code   RO         5277    .ARM.Collect$$rtentry$$0000000C  c_w.l(__rtentry2.o)
    0x0800018e   0x0800018e   0x00000008   Code   RO         5278    .ARM.Collect$$rtentry$$0000000D  c_w.l(__rtentry2.o)
    0x08000196   0x08000196   0x00000002   Code   RO         5312    .ARM.Collect$$rtexit$$00000000  c_w.l(rtexit.o)
    0x08000198   0x08000198   0x00000000   Code   RO         5362    .ARM.Collect$$rtexit$$00000002  c_w.l(rtexit2.o)
    0x08000198   0x08000198   0x00000004   Code   RO         5363    .ARM.Collect$$rtexit$$00000003  c_w.l(rtexit2.o)
    0x0800019c   0x0800019c   0x00000006   Code   RO         5364    .ARM.Collect$$rtexit$$00000004  c_w.l(rtexit2.o)
    0x080001a2   0x080001a2   0x00000002   PAD
    0x080001a4   0x080001a4   0x00000096   Code   RO         4797    .emb_text           port.o
    0x0800023a   0x0800023a   0x00000002   PAD
    0x0800023c   0x0800023c   0x00000040   Code   RO            4    .text               startup_stm32f103xb.o
    0x0800027c   0x0800027c   0x00000028   Code   RO         5154    .text               c_w.l(noretval__2sprintf.o)
    0x080002a4   0x080002a4   0x00000068   Code   RO         5156    .text               c_w.l(__printf.o)
    0x0800030c   0x0800030c   0x00000078   Code   RO         5158    .text               c_w.l(_printf_dec.o)
    0x08000384   0x08000384   0x0000001a   Code   RO         5182    .text               c_w.l(atoi.o)
    0x0800039e   0x0800039e   0x00000024   Code   RO         5184    .text               c_w.l(strstr.o)
    0x080003c2   0x080003c2   0x00000048   Code   RO         5186    .text               c_w.l(strcpy.o)
    0x0800040a   0x0800040a   0x0000003e   Code   RO         5188    .text               c_w.l(strlen.o)
    0x08000448   0x08000448   0x00000018   Code   RO         5190    .text               c_w.l(strcat.o)
    0x08000460   0x08000460   0x00000064   Code   RO         5194    .text               c_w.l(rt_memcpy_w.o)
    0x080004c4   0x080004c4   0x0000004e   Code   RO         5198    .text               c_w.l(rt_memclr_w.o)
    0x08000512   0x08000512   0x00000006   Code   RO         5200    .text               c_w.l(heapauxi.o)
    0x08000518   0x08000518   0x00000008   Code   RO         5244    .text               c_w.l(rt_errno_addr_intlibspace.o)
    0x08000520   0x08000520   0x000000b2   Code   RO         5246    .text               c_w.l(_printf_intcommon.o)
    0x080005d2   0x080005d2   0x00000002   PAD
    0x080005d4   0x080005d4   0x00000030   Code   RO         5248    .text               c_w.l(_printf_char_common.o)
    0x08000604   0x08000604   0x0000000a   Code   RO         5250    .text               c_w.l(_sputc.o)
    0x0800060e   0x0800060e   0x00000070   Code   RO         5253    .text               c_w.l(strtol.o)
    0x0800067e   0x0800067e   0x00000002   PAD
    0x08000680   0x08000680   0x00000008   Code   RO         5268    .text               c_w.l(libspace.o)
    0x08000688   0x08000688   0x00000010   Code   RO         5286    .text               c_w.l(rt_ctype_table.o)
    0x08000698   0x08000698   0x0000009e   Code   RO         5290    .text               c_w.l(_strtoul.o)
    0x08000736   0x08000736   0x0000004a   Code   RO         5292    .text               c_w.l(sys_stackheap_outer.o)
    0x08000780   0x08000780   0x00000008   Code   RO         5297    .text               c_w.l(rt_locale_intlibspace.o)
    0x08000788   0x08000788   0x0000001c   Code   RO         5299    .text               c_w.l(_chval.o)
    0x080007a4   0x080007a4   0x00000012   Code   RO         5304    .text               c_w.l(exit.o)
    0x080007b6   0x080007b6   0x00000002   PAD
    0x080007b8   0x080007b8   0x00000080   Code   RO         5314    .text               c_w.l(strcmpv7m.o)
    0x08000838   0x08000838   0x0000000c   Code   RO         5372    .text               c_w.l(sys_exit.o)
    0x08000844   0x08000844   0x00000002   Code   RO         5383    .text               c_w.l(use_no_semi.o)
    0x08000846   0x08000846   0x00000000   Code   RO         5385    .text               c_w.l(indicate_semi.o)
    0x08000846   0x08000846   0x00000002   PAD
    0x08000848   0x08000848   0x00000056   Code   RO          559    i.ADC_ConversionStop_Disable  stm32f1xx_hal_adc.o
    0x0800089e   0x0800089e   0x00000002   PAD
    0x080008a0   0x080008a0   0x0000007c   Code   RO          563    i.ADC_Enable        stm32f1xx_hal_adc.o
    0x0800091c   0x0800091c   0x00000002   Code   RO          342    i.BusFault_Handler  stm32f1xx_it.o
    0x0800091e   0x0800091e   0x00000014   Code   RO         4936    i.CLCD_I2C_Clear    clcd_i2c.o
    0x08000932   0x08000932   0x000000a2   Code   RO         4939    i.CLCD_I2C_Init     clcd_i2c.o
    0x080009d4   0x080009d4   0x00000044   Code   RO         4941    i.CLCD_I2C_SetCursor  clcd_i2c.o
    0x08000a18   0x08000a18   0x00000006   Code   RO         4942    i.CLCD_I2C_WriteChar  clcd_i2c.o
    0x08000a1e   0x08000a1e   0x00000018   Code   RO         4943    i.CLCD_I2C_WriteString  clcd_i2c.o
    0x08000a36   0x08000a36   0x0000006a   Code   RO         4944    i.CLCD_WriteI2C     clcd_i2c.o
    0x08000aa0   0x08000aa0   0x00000090   Code   RO         5020    i.DHT11_Read        dht11_lib.o
    0x08000b30   0x08000b30   0x000000ac   Code   RO         5021    i.DHT11_Start       dht11_lib.o
    0x08000bdc   0x08000bdc   0x00000002   Code   RO          343    i.DebugMon_Handler  stm32f1xx_it.o
    0x08000bde   0x08000bde   0x00000002   PAD
    0x08000be0   0x08000be0   0x000000d8   Code   RO          739    i.HAL_ADCEx_Calibration_Start  stm32f1xx_hal_adc_ex.o
    0x08000cb8   0x08000cb8   0x000000fc   Code   RO          565    i.HAL_ADC_ConfigChannel  stm32f1xx_hal_adc.o
    0x08000db4   0x08000db4   0x00000006   Code   RO          572    i.HAL_ADC_GetValue  stm32f1xx_hal_adc.o
    0x08000dba   0x08000dba   0x00000002   PAD
    0x08000dbc   0x08000dbc   0x0000011c   Code   RO          574    i.HAL_ADC_Init      stm32f1xx_hal_adc.o
    0x08000ed8   0x08000ed8   0x00000058   Code   RO          413    i.HAL_ADC_MspInit   stm32f1xx_hal_msp.o
    0x08000f30   0x08000f30   0x0000013c   Code   RO          578    i.HAL_ADC_PollForConversion  stm32f1xx_hal_adc.o
    0x0800106c   0x0800106c   0x000000c0   Code   RO          580    i.HAL_ADC_Start     stm32f1xx_hal_adc.o
    0x0800112c   0x0800112c   0x00000034   Code   RO          583    i.HAL_ADC_Stop      stm32f1xx_hal_adc.o
    0x08001160   0x08001160   0x00000046   Code   RO         1214    i.HAL_DMA_Abort     stm32f1xx_hal_dma.o
    0x080011a6   0x080011a6   0x00000002   PAD
    0x080011a8   0x080011a8   0x00000098   Code   RO         1215    i.HAL_DMA_Abort_IT  stm32f1xx_hal_dma.o
    0x08001240   0x08001240   0x00000024   Code   RO          842    i.HAL_Delay         stm32f1xx_hal.o
    0x08001264   0x08001264   0x000001e0   Code   RO         1150    i.HAL_GPIO_Init     stm32f1xx_hal_gpio.o
    0x08001444   0x08001444   0x0000000a   Code   RO         1152    i.HAL_GPIO_ReadPin  stm32f1xx_hal_gpio.o
    0x0800144e   0x0800144e   0x0000000a   Code   RO         1154    i.HAL_GPIO_WritePin  stm32f1xx_hal_gpio.o
    0x08001458   0x08001458   0x0000000c   Code   RO          846    i.HAL_GetTick       stm32f1xx_hal.o
    0x08001464   0x08001464   0x00000188   Code   RO         1821    i.HAL_I2C_Init      stm32f1xx_hal_i2c.o
    0x080015ec   0x080015ec   0x0000012c   Code   RO         1834    i.HAL_I2C_Master_Transmit  stm32f1xx_hal_i2c.o
    0x08001718   0x08001718   0x0000005c   Code   RO          415    i.HAL_I2C_MspInit   stm32f1xx_hal_msp.o
    0x08001774   0x08001774   0x00000010   Code   RO          852    i.HAL_IncTick       stm32f1xx_hal.o
    0x08001784   0x08001784   0x00000024   Code   RO          853    i.HAL_Init          stm32f1xx_hal.o
    0x080017a8   0x080017a8   0x00000098   Code   RO          484    i.HAL_InitTick      stm32f1xx_hal_timebase_tim.o
    0x08001840   0x08001840   0x00000048   Code   RO          416    i.HAL_MspInit       stm32f1xx_hal_msp.o
    0x08001888   0x08001888   0x0000001a   Code   RO         1310    i.HAL_NVIC_EnableIRQ  stm32f1xx_hal_cortex.o
    0x080018a2   0x080018a2   0x00000002   PAD
    0x080018a4   0x080018a4   0x00000040   Code   RO         1316    i.HAL_NVIC_SetPriority  stm32f1xx_hal_cortex.o
    0x080018e4   0x080018e4   0x00000024   Code   RO         1317    i.HAL_NVIC_SetPriorityGrouping  stm32f1xx_hal_cortex.o
    0x08001908   0x08001908   0x000000c8   Code   RO         1112    i.HAL_RCCEx_GetPeriphCLKFreq  stm32f1xx_hal_rcc_ex.o
    0x080019d0   0x080019d0   0x000000ec   Code   RO         1113    i.HAL_RCCEx_PeriphCLKConfig  stm32f1xx_hal_rcc_ex.o
    0x08001abc   0x08001abc   0x0000012c   Code   RO         1010    i.HAL_RCC_ClockConfig  stm32f1xx_hal_rcc.o
    0x08001be8   0x08001be8   0x00000040   Code   RO         1014    i.HAL_RCC_GetClockConfig  stm32f1xx_hal_rcc.o
    0x08001c28   0x08001c28   0x00000020   Code   RO         1017    i.HAL_RCC_GetPCLK1Freq  stm32f1xx_hal_rcc.o
    0x08001c48   0x08001c48   0x00000020   Code   RO         1018    i.HAL_RCC_GetPCLK2Freq  stm32f1xx_hal_rcc.o
    0x08001c68   0x08001c68   0x0000006c   Code   RO         1019    i.HAL_RCC_GetSysClockFreq  stm32f1xx_hal_rcc.o
    0x08001cd4   0x08001cd4   0x00000320   Code   RO         1022    i.HAL_RCC_OscConfig  stm32f1xx_hal_rcc.o
    0x08001ff4   0x08001ff4   0x00000002   Code   RO         2948    i.HAL_TIMEx_BreakCallback  stm32f1xx_hal_tim_ex.o
    0x08001ff6   0x08001ff6   0x00000002   Code   RO         2949    i.HAL_TIMEx_CommutCallback  stm32f1xx_hal_tim_ex.o
    0x08001ff8   0x08001ff8   0x00000068   Code   RO         2967    i.HAL_TIMEx_MasterConfigSynchronization  stm32f1xx_hal_tim_ex.o
    0x08002060   0x08002060   0x0000005a   Code   RO         2244    i.HAL_TIM_Base_Init  stm32f1xx_hal_tim.o
    0x080020ba   0x080020ba   0x00000002   PAD
    0x080020bc   0x080020bc   0x00000028   Code   RO          418    i.HAL_TIM_Base_MspInit  stm32f1xx_hal_msp.o
    0x080020e4   0x080020e4   0x00000050   Code   RO         2247    i.HAL_TIM_Base_Start  stm32f1xx_hal_tim.o
    0x08002134   0x08002134   0x00000058   Code   RO         2249    i.HAL_TIM_Base_Start_IT  stm32f1xx_hal_tim.o
    0x0800218c   0x0800218c   0x00000026   Code   RO         2250    i.HAL_TIM_Base_Stop  stm32f1xx_hal_tim.o
    0x080021b2   0x080021b2   0x000000d6   Code   RO         2253    i.HAL_TIM_ConfigClockSource  stm32f1xx_hal_tim.o
    0x08002288   0x08002288   0x00000002   Code   RO         2278    i.HAL_TIM_IC_CaptureCallback  stm32f1xx_hal_tim.o
    0x0800228a   0x0800228a   0x00000166   Code   RO         2292    i.HAL_TIM_IRQHandler  stm32f1xx_hal_tim.o
    0x080023f0   0x080023f0   0x00000002   Code   RO         2295    i.HAL_TIM_OC_DelayElapsedCallback  stm32f1xx_hal_tim.o
    0x080023f2   0x080023f2   0x00000002   Code   RO         2322    i.HAL_TIM_PWM_PulseFinishedCallback  stm32f1xx_hal_tim.o
    0x080023f4   0x080023f4   0x00000014   Code   RO           14    i.HAL_TIM_PeriodElapsedCallback  main.o
    0x08002408   0x08002408   0x00000002   Code   RO         2335    i.HAL_TIM_TriggerCallback  stm32f1xx_hal_tim.o
    0x0800240a   0x0800240a   0x00000002   Code   RO         3226    i.HAL_UARTEx_RxEventCallback  stm32f1xx_hal_uart.o
    0x0800240c   0x0800240c   0x00000002   Code   RO         3240    i.HAL_UART_ErrorCallback  stm32f1xx_hal_uart.o
    0x0800240e   0x0800240e   0x00000002   PAD
    0x08002410   0x08002410   0x0000020c   Code   RO         3243    i.HAL_UART_IRQHandler  stm32f1xx_hal_uart.o
    0x0800261c   0x0800261c   0x00000062   Code   RO         3244    i.HAL_UART_Init     stm32f1xx_hal_uart.o
    0x0800267e   0x0800267e   0x00000002   PAD
    0x08002680   0x08002680   0x00000080   Code   RO          420    i.HAL_UART_MspInit  stm32f1xx_hal_msp.o
    0x08002700   0x08002700   0x0000002a   Code   RO         3249    i.HAL_UART_Receive_IT  stm32f1xx_hal_uart.o
    0x0800272a   0x0800272a   0x00000002   PAD
    0x0800272c   0x0800272c   0x00000050   Code   RO           15    i.HAL_UART_RxCpltCallback  main.o
    0x0800277c   0x0800277c   0x000000b2   Code   RO         3252    i.HAL_UART_Transmit  stm32f1xx_hal_uart.o
    0x0800282e   0x0800282e   0x00000002   Code   RO         3255    i.HAL_UART_TxCpltCallback  stm32f1xx_hal_uart.o
    0x08002830   0x08002830   0x00000002   Code   RO          344    i.HardFault_Handler  stm32f1xx_it.o
    0x08002832   0x08002832   0x0000002e   Code   RO         1863    i.I2C_IsAcknowledgeFailed  stm32f1xx_hal_i2c.o
    0x08002860   0x08002860   0x0000009c   Code   RO         1867    i.I2C_MasterRequestWrite  stm32f1xx_hal_i2c.o
    0x080028fc   0x080028fc   0x0000004c   Code   RO         1878    i.I2C_WaitOnBTFFlagUntilTimeout  stm32f1xx_hal_i2c.o
    0x08002948   0x08002948   0x00000068   Code   RO         1879    i.I2C_WaitOnFlagUntilTimeout  stm32f1xx_hal_i2c.o
    0x080029b0   0x080029b0   0x00000096   Code   RO         1880    i.I2C_WaitOnMasterAddressFlagUntilTimeout  stm32f1xx_hal_i2c.o
    0x08002a46   0x08002a46   0x0000004c   Code   RO         1882    i.I2C_WaitOnTXEFlagUntilTimeout  stm32f1xx_hal_i2c.o
    0x08002a92   0x08002a92   0x00000002   PAD
    0x08002a94   0x08002a94   0x0000004c   Code   RO           16    i.MX_ADC1_Init      main.o
    0x08002ae0   0x08002ae0   0x00000074   Code   RO           17    i.MX_GPIO_Init      main.o
    0x08002b54   0x08002b54   0x00000068   Code   RO           18    i.MX_TIM1_Init      main.o
    0x08002bbc   0x08002bbc   0x00000002   Code   RO          345    i.MemManage_Handler  stm32f1xx_it.o
    0x08002bbe   0x08002bbe   0x00000002   Code   RO          346    i.NMI_Handler       stm32f1xx_it.o
    0x08002bc0   0x08002bc0   0x00000058   Code   RO           19    i.StartDefaultTask  main.o
    0x08002c18   0x08002c18   0x00000054   Code   RO           20    i.StartTask02       main.o
    0x08002c6c   0x08002c6c   0x00000020   Code   RO           21    i.StartTask03       main.o
    0x08002c8c   0x08002c8c   0x00000014   Code   RO           22    i.StartTask04       main.o
    0x08002ca0   0x08002ca0   0x00000010   Code   RO           23    i.StartTask05       main.o
    0x08002cb0   0x08002cb0   0x00000014   Code   RO           24    i.StartTask06       main.o
    0x08002cc4   0x08002cc4   0x0000002c   Code   RO         4798    i.SysTick_Handler   port.o
    0x08002cf0   0x08002cf0   0x00000078   Code   RO           25    i.SystemClock_Config  main.o
    0x08002d68   0x08002d68   0x00000002   Code   RO         3573    i.SystemInit        system_stm32f1xx.o
    0x08002d6a   0x08002d6a   0x00000002   PAD
    0x08002d6c   0x08002d6c   0x0000000c   Code   RO          347    i.TIM3_IRQHandler   stm32f1xx_it.o
    0x08002d78   0x08002d78   0x0000006c   Code   RO         2337    i.TIM_Base_SetConfig  stm32f1xx_hal_tim.o
    0x08002de4   0x08002de4   0x00000014   Code   RO         2348    i.TIM_ETR_SetConfig  stm32f1xx_hal_tim.o
    0x08002df8   0x08002df8   0x00000010   Code   RO         2349    i.TIM_ITRx_SetConfig  stm32f1xx_hal_tim.o
    0x08002e08   0x08002e08   0x00000022   Code   RO         2355    i.TIM_TI1_ConfigInputStage  stm32f1xx_hal_tim.o
    0x08002e2a   0x08002e2a   0x00000024   Code   RO         2357    i.TIM_TI2_ConfigInputStage  stm32f1xx_hal_tim.o
    0x08002e4e   0x08002e4e   0x00000010   Code   RO         3257    i.UART_DMAAbortOnError  stm32f1xx_hal_uart.o
    0x08002e5e   0x08002e5e   0x00000030   Code   RO         3267    i.UART_EndRxTransfer  stm32f1xx_hal_uart.o
    0x08002e8e   0x08002e8e   0x000000b6   Code   RO         3269    i.UART_Receive_IT   stm32f1xx_hal_uart.o
    0x08002f44   0x08002f44   0x000000b8   Code   RO         3270    i.UART_SetConfig    stm32f1xx_hal_uart.o
    0x08002ffc   0x08002ffc   0x00000036   Code   RO         3272    i.UART_Start_Receive_IT  stm32f1xx_hal_uart.o
    0x08003032   0x08003032   0x00000064   Code   RO         3273    i.UART_WaitOnFlagUntilTimeout  stm32f1xx_hal_uart.o
    0x08003096   0x08003096   0x00000002   PAD
    0x08003098   0x08003098   0x0000000c   Code   RO          348    i.USART1_IRQHandler  stm32f1xx_it.o
    0x080030a4   0x080030a4   0x00000002   Code   RO          349    i.UsageFault_Handler  stm32f1xx_it.o
    0x080030a6   0x080030a6   0x00000020   Code   RO         1323    i.__NVIC_SetPriority  stm32f1xx_hal_cortex.o
    0x080030c6   0x080030c6   0x00000002   Code   RO         4877    i.btn_press_short_callback  button.o
    0x080030c8   0x080030c8   0x00000002   Code   RO         4878    i.btn_press_timeout_callback  button.o
    0x080030ca   0x080030ca   0x00000002   PAD
    0x080030cc   0x080030cc   0x00000150   Code   RO           26    i.btn_pressing_callback  main.o
    0x0800321c   0x0800321c   0x00000002   Code   RO         4880    i.btn_release_callback  button.o
    0x0800321e   0x0800321e   0x00000090   Code   RO         4881    i.button_handle     button.o
    0x080032ae   0x080032ae   0x0000000e   Code   RO         4882    i.button_init       button.o
    0x080032bc   0x080032bc   0x00000028   Code   RO         5069    i.check_number      uart_lib.o
    0x080032e4   0x080032e4   0x0000008c   Code   RO         5070    i.float_to_string   uart_lib.o
    0x08003370   0x08003370   0x00000040   Code   RO           27    i.get_adc_channel   main.o
    0x080033b0   0x080033b0   0x00000048   Code   RO         5071    i.get_gas           uart_lib.o
    0x080033f8   0x080033f8   0x00000044   Code   RO         5072    i.get_humidity      uart_lib.o
    0x0800343c   0x0800343c   0x00000044   Code   RO         5073    i.get_temperature   uart_lib.o
    0x08003480   0x08003480   0x000001c0   Code   RO           28    i.main              main.o
    0x08003640   0x08003640   0x0000000c   Code   RO         4369    i.makeFreeRtosPriority  cmsis_os.o
    0x0800364c   0x0800364c   0x0000002e   Code   RO         5022    i.microDelay        dht11_lib.o
    0x0800367a   0x0800367a   0x0000000e   Code   RO         4371    i.osDelay           cmsis_os.o
    0x08003688   0x08003688   0x0000000a   Code   RO         4374    i.osKernelStart     cmsis_os.o
    0x08003692   0x08003692   0x00000054   Code   RO         4408    i.osThreadCreate    cmsis_os.o
    0x080036e6   0x080036e6   0x00000002   PAD
    0x080036e8   0x080036e8   0x00000070   Code   RO         4066    i.prvAddCurrentTaskToDelayedList  tasks.o
    0x08003758   0x08003758   0x000000d0   Code   RO         4067    i.prvAddNewTaskToReadyList  tasks.o
    0x08003828   0x08003828   0x00000034   Code   RO         4068    i.prvDeleteTCB      tasks.o
    0x0800385c   0x0800385c   0x0000004c   Code   RO         4736    i.prvHeapInit       heap_4.o
    0x080038a8   0x080038a8   0x00000060   Code   RO         4069    i.prvIdleTask       tasks.o
    0x08003908   0x08003908   0x0000008e   Code   RO         4070    i.prvInitialiseNewTask  tasks.o
    0x08003996   0x08003996   0x00000002   PAD
    0x08003998   0x08003998   0x0000004c   Code   RO         4737    i.prvInsertBlockIntoFreeList  heap_4.o
    0x080039e4   0x080039e4   0x00000020   Code   RO         4071    i.prvResetNextTaskUnblockTime  tasks.o
    0x08003a04   0x08003a04   0x00000028   Code   RO         4799    i.prvTaskExitError  port.o
    0x08003a2c   0x08003a2c   0x00000034   Code   RO         4072    i.prvTaskIsTaskSuspended  tasks.o
    0x08003a60   0x08003a60   0x000000d8   Code   RO         4738    i.pvPortMalloc      heap_4.o
    0x08003b38   0x08003b38   0x00000024   Code   RO         4800    i.pxPortInitialiseStack  port.o
    0x08003b5c   0x08003b5c   0x000000cc   Code   RO         5023    i.read_3_dht11      dht11_lib.o
    0x08003c28   0x08003c28   0x0000012c   Code   RO         5074    i.send_message_to_LCD  uart_lib.o
    0x08003d54   0x08003d54   0x00000104   Code   RO         5075    i.send_message_to_computer  uart_lib.o
    0x08003e58   0x08003e58   0x000004f0   Code   RO         5076    i.tem_string_handle  uart_lib.o
    0x08004348   0x08004348   0x000000a8   Code   RO         5077    i.threshold_handle  uart_lib.o
    0x080043f0   0x080043f0   0x0000016c   Code   RO         5078    i.uart_receive_handle  uart_lib.o
    0x0800455c   0x0800455c   0x00000026   Code   RO         3711    i.uxListRemove      list.o
    0x08004582   0x08004582   0x00000002   PAD
    0x08004584   0x08004584   0x00000014   Code   RO          308    i.vApplicationGetIdleTaskMemory  freertos.o
    0x08004598   0x08004598   0x00000016   Code   RO         3712    i.vListInitialise   list.o
    0x080045ae   0x080045ae   0x00000006   Code   RO         3713    i.vListInitialiseItem  list.o
    0x080045b4   0x080045b4   0x00000030   Code   RO         3714    i.vListInsert       list.o
    0x080045e4   0x080045e4   0x00000018   Code   RO         3715    i.vListInsertEnd    list.o
    0x080045fc   0x080045fc   0x00000040   Code   RO         4802    i.vPortEnterCritical  port.o
    0x0800463c   0x0800463c   0x00000028   Code   RO         4803    i.vPortExitCritical  port.o
    0x08004664   0x08004664   0x0000005c   Code   RO         4739    i.vPortFree         heap_4.o
    0x080046c0   0x080046c0   0x00000024   Code   RO         4804    i.vPortSetupTimerInterrupt  port.o
    0x080046e4   0x080046e4   0x0000004c   Code   RO         4079    i.vTaskDelay        tasks.o
    0x08004730   0x08004730   0x00000070   Code   RO         4089    i.vTaskRemoveFromUnorderedEventList  tasks.o
    0x080047a0   0x080047a0   0x0000007c   Code   RO         4090    i.vTaskResume       tasks.o
    0x0800481c   0x0800481c   0x0000006c   Code   RO         4092    i.vTaskStartScheduler  tasks.o
    0x08004888   0x08004888   0x000000bc   Code   RO         4093    i.vTaskSuspend      tasks.o
    0x08004944   0x08004944   0x00000010   Code   RO         4094    i.vTaskSuspendAll   tasks.o
    0x08004954   0x08004954   0x0000005c   Code   RO         4095    i.vTaskSwitchContext  tasks.o
    0x080049b0   0x080049b0   0x00000040   Code   RO         3620    i.xEventGroupClearBits  event_groups.o
    0x080049f0   0x080049f0   0x0000001c   Code   RO         3621    i.xEventGroupCreate  event_groups.o
    0x08004a0c   0x08004a0c   0x0000008c   Code   RO         3624    i.xEventGroupSetBits  event_groups.o
    0x08004a98   0x08004a98   0x000000a8   Code   RO         4806    i.xPortStartScheduler  port.o
    0x08004b40   0x08004b40   0x0000005a   Code   RO         4097    i.xTaskCreate       tasks.o
    0x08004b9a   0x08004b9a   0x00000056   Code   RO         4098    i.xTaskCreateStatic  tasks.o
    0x08004bf0   0x08004bf0   0x000000c8   Code   RO         4105    i.xTaskIncrementTick  tasks.o
    0x08004cb8   0x08004cb8   0x000000c4   Code   RO         4111    i.xTaskResumeAll    tasks.o
    0x08004d7c   0x08004d7c   0x0000002c   Code   RO         5302    locale$$code        c_w.l(lc_ctype_c.o)
    0x08004da8   0x08004da8   0x00000062   Code   RO         5204    x$fpl$d2f           fz_ws.l(d2f.o)
    0x08004e0a   0x08004e0a   0x00000002   PAD
    0x08004e0c   0x08004e0c   0x000002b0   Code   RO         5207    x$fpl$ddiv          fz_ws.l(ddiv.o)
    0x080050bc   0x080050bc   0x00000026   Code   RO         5210    x$fpl$dfltu         fz_ws.l(dflt_clz.o)
    0x080050e2   0x080050e2   0x0000009c   Code   RO         5257    x$fpl$dnaninf       fz_ws.l(dnaninf.o)
    0x0800517e   0x0800517e   0x0000000c   Code   RO         5259    x$fpl$dretinf       fz_ws.l(dretinf.o)
    0x0800518a   0x0800518a   0x00000002   PAD
    0x0800518c   0x0800518c   0x000000c4   Code   RO         5216    x$fpl$fadd          fz_ws.l(faddsub_clz.o)
    0x08005250   0x08005250   0x00000018   Code   RO         5261    x$fpl$fcmpinf       fz_ws.l(fcmpi.o)
    0x08005268   0x08005268   0x00000184   Code   RO         5223    x$fpl$fdiv          fz_ws.l(fdiv.o)
    0x080053ec   0x080053ec   0x00000036   Code   RO         5226    x$fpl$ffix          fz_ws.l(ffix.o)
    0x08005422   0x08005422   0x00000002   PAD
    0x08005424   0x08005424   0x00000030   Code   RO         5231    x$fpl$fflt          fz_ws.l(fflt_clz.o)
    0x08005454   0x08005454   0x00000026   Code   RO         5230    x$fpl$ffltu         fz_ws.l(fflt_clz.o)
    0x0800547a   0x0800547a   0x00000002   PAD
    0x0800547c   0x0800547c   0x00000068   Code   RO         5236    x$fpl$fleqf         fz_ws.l(fleqf.o)
    0x080054e4   0x080054e4   0x00000102   Code   RO         5238    x$fpl$fmul          fz_ws.l(fmul.o)
    0x080055e6   0x080055e6   0x0000008c   Code   RO         5263    x$fpl$fnaninf       fz_ws.l(fnaninf.o)
    0x08005672   0x08005672   0x0000000a   Code   RO         5265    x$fpl$fretinf       fz_ws.l(fretinf.o)
    0x0800567c   0x0800567c   0x00000014   Code   RO         5217    x$fpl$frsb          fz_ws.l(faddsub_clz.o)
    0x08005690   0x08005690   0x000000ea   Code   RO         5218    x$fpl$fsub          fz_ws.l(faddsub_clz.o)
    0x0800577a   0x0800577a   0x00000000   Code   RO         5267    x$fpl$usenofp       fz_ws.l(usenofp.o)
    0x0800577a   0x0800577a   0x00000002   PAD
    0x0800577c   0x0800577c   0x000000a8   Data   RO           42    .constdata          main.o
    0x08005824   0x08005824   0x00000010   Data   RO         3574    .constdata          system_stm32f1xx.o
    0x08005834   0x08005834   0x00000008   Data   RO         3575    .constdata          system_stm32f1xx.o
    0x0800583c   0x0800583c   0x0000000c   Data   RO         5024    .constdata          dht11_lib.o
    0x08005848   0x08005848   0x0000032a   Data   RO         5079    .constdata          uart_lib.o
    0x08005b72   0x08005b72   0x00000002   PAD
    0x08005b74   0x08005b74   0x00000048   Data   RO           43    .conststring        main.o
    0x08005bbc   0x08005bbc   0x00000020   Data   RO         5438    Region$$Table       anon$$obj.o
    0x08005bdc   0x08005bdc   0x00000110   Data   RO         5301    locale$$data        c_w.l(lc_ctype_c.o)


    Execution Region RW_IRAM1 (Exec base: 0x20000000, Load base: 0x08005cec, Size: 0x00002670, Max: 0x00005000, ABSOLUTE)

    Exec Addr    Load Addr    Size         Type   Attr      Idx    E Section Name        Object

    0x20000000   0x08005cec   0x00000034   Data   RW           44    .data               main.o
    0x20000034   0x08005d20   0x00000001   Data   RW           46    .data               main.o
    0x20000035   0x08005d21   0x00000001   Data   RW           47    .data               main.o
    0x20000036   0x08005d22   0x00000002   Data   RW           48    .data               main.o
    0x20000038   0x08005d24   0x00000001   Data   RW           49    .data               main.o
    0x20000039   0x08005d25   0x00000003   PAD
    0x2000003c   0x08005d28   0x0000000c   Data   RW          860    .data               stm32f1xx_hal.o
    0x20000048   0x08005d34   0x00000004   Data   RW         3576    .data               system_stm32f1xx.o
    0x2000004c   0x08005d38   0x0000003c   Data   RW         4114    .data               tasks.o
    0x20000088   0x08005d74   0x00000018   Data   RW         4744    .data               heap_4.o
    0x200000a0   0x08005d8c   0x0000000c   Data   RW         4807    .data               port.o
    0x200000ac   0x08005d98   0x00000008   Data   RW         5025    .data               dht11_lib.o
    0x200000b4        -       0x000001d4   Zero   RW           29    .bss                main.o
    0x20000288        -       0x00000200   Zero   RW           30    .bss                main.o
    0x20000488        -       0x00000054   Zero   RW           31    .bss                main.o
    0x200004dc        -       0x00000200   Zero   RW           32    .bss                main.o
    0x200006dc        -       0x00000054   Zero   RW           33    .bss                main.o
    0x20000730        -       0x00000200   Zero   RW           34    .bss                main.o
    0x20000930        -       0x00000054   Zero   RW           35    .bss                main.o
    0x20000984        -       0x00000200   Zero   RW           36    .bss                main.o
    0x20000b84        -       0x00000054   Zero   RW           37    .bss                main.o
    0x20000bd8        -       0x00000200   Zero   RW           38    .bss                main.o
    0x20000dd8        -       0x00000054   Zero   RW           39    .bss                main.o
    0x20000e2c        -       0x00000200   Zero   RW           40    .bss                main.o
    0x2000102c        -       0x00000054   Zero   RW           41    .bss                main.o
    0x20001080        -       0x00000254   Zero   RW          309    .bss                freertos.o
    0x200012d4        -       0x00000048   Zero   RW          487    .bss                stm32f1xx_hal_timebase_tim.o
    0x2000131c        -       0x000000f0   Zero   RW         4113    .bss                tasks.o
    0x2000140c        -       0x00000c00   Zero   RW         4743    .bss                heap_4.o
    0x2000200c        -       0x00000060   Zero   RW         5269    .bss                c_w.l(libspace.o)
    0x2000206c   0x08005da0   0x00000004   PAD
    0x20002070        -       0x00000200   Zero   RW            2    HEAP                startup_stm32f103xb.o
    0x20002270        -       0x00000400   Zero   RW            1    STACK               startup_stm32f103xb.o


==============================================================================

Image component sizes


      Code (inc. data)   RO Data    RW Data    ZI Data      Debug   Object Name

       164          0          0          0          0       3121   button.o
       386          0          0          0          0       5342   clcd_i2c.o
       120          0          0          0          0      22269   cmsis_os.o
       566         26         12          8          0       3997   dht11_lib.o
       232          0          0          0          0      22964   event_groups.o
        20          4          0          0        596       1172   freertos.o
       460         24          0         24       3072       7127   heap_4.o
       138          0          0          0          0       3310   list.o
      1624        210        240         57       4044     500539   main.o
       578         60          0         12          0      10100   port.o
        64         26        236          0       1536        788   startup_stm32f103xb.o
       100         18          0         12          0       5094   stm32f1xx_hal.o
      1312         54          0          0          0       7031   stm32f1xx_hal_adc.o
       216          6          0          0          0       1386   stm32f1xx_hal_adc_ex.o
       158         14          0          0          0      28122   stm32f1xx_hal_cortex.o
       222          4          0          0          0       1703   stm32f1xx_hal_dma.o
       500         34          0          0          0       3423   stm32f1xx_hal_gpio.o
      1300         32          0          0          0       8713   stm32f1xx_hal_i2c.o
       420         56          0          0          0       3356   stm32f1xx_hal_msp.o
      1336        110          0          0          0       5665   stm32f1xx_hal_rcc.o
       436         46          0          0          0       2465   stm32f1xx_hal_rcc_ex.o
      1090         40          0          0          0      10522   stm32f1xx_hal_tim.o
       108         12          0          0          0       2281   stm32f1xx_hal_tim_ex.o
       152         20          0          0         72       1411   stm32f1xx_hal_timebase_tim.o
      1432         10          0          0          0      10212   stm32f1xx_hal_uart.o
        36         12          0          0          0       3279   stm32f1xx_it.o
         0          0          0          0          0        488   stream_buffer.o
         2          0         24          4          0       1047   system_stm32f1xx.o
      1982        148          0         60        240      19155   tasks.o
      2744        880        810          0          0       9660   uart_lib.o

    ----------------------------------------------------------------------
     17932       1846       1356        180       9560     705742   Object Totals
         0          0         32          0          0          0   (incl. Generated)
        34          0          2          3          0          0   (incl. Padding)

    ----------------------------------------------------------------------

      Code (inc. data)   RO Data    RW Data    ZI Data      Debug   Library Member Name

         8          0          0          0          0         68   __main.o
       104          0          0          0          0         84   __printf.o
         0          0          0          0          0          0   __rtentry.o
        12          0          0          0          0          0   __rtentry2.o
         6          0          0          0          0          0   __rtentry4.o
        52          8          0          0          0          0   __scatter.o
        26          0          0          0          0          0   __scatter_copy.o
        28          0          0          0          0          0   __scatter_zi.o
        28          0          0          0          0         68   _chval.o
        48          6          0          0          0         96   _printf_char_common.o
         6          0          0          0          0          0   _printf_d.o
       120         16          0          0          0         92   _printf_dec.o
       178          0          0          0          0         88   _printf_intcommon.o
         0          0          0          0          0          0   _printf_percent.o
         4          0          0          0          0          0   _printf_percent_end.o
        10          0          0          0          0         68   _sputc.o
       158          0          0          0          0         92   _strtoul.o
        26          0          0          0          0         80   atoi.o
        18          0          0          0          0         80   exit.o
         6          0          0          0          0        152   heapauxi.o
         0          0          0          0          0          0   indicate_semi.o
        44         10        272          0          0         76   lc_ctype_c.o
         2          0          0          0          0          0   libinit.o
        20          0          0          0          0          0   libinit2.o
         2          0          0          0          0          0   libshutdown.o
         2          0          0          0          0          0   libshutdown2.o
         8          4          0          0         96         68   libspace.o
        40          6          0          0          0         84   noretval__2sprintf.o
        16          4          0          0          0         76   rt_ctype_table.o
         8          4          0          0          0         68   rt_errno_addr_intlibspace.o
         8          4          0          0          0         68   rt_locale_intlibspace.o
        78          0          0          0          0         80   rt_memclr_w.o
       100          0          0          0          0         80   rt_memcpy_w.o
         2          0          0          0          0          0   rtexit.o
        10          0          0          0          0          0   rtexit2.o
        24          0          0          0          0         68   strcat.o
       128          0          0          0          0         68   strcmpv7m.o
        72          0          0          0          0         80   strcpy.o
        62          0          0          0          0         76   strlen.o
        36          0          0          0          0         80   strstr.o
       112          0          0          0          0         88   strtol.o
        12          4          0          0          0         68   sys_exit.o
        74          0          0          0          0         80   sys_stackheap_outer.o
         2          0          0          0          0         68   use_no_semi.o
        98          4          0          0          0         92   d2f.o
       688        140          0          0          0        208   ddiv.o
        38          0          0          0          0         68   dflt_clz.o
       156          4          0          0          0         92   dnaninf.o
        12          0          0          0          0         68   dretinf.o
       450          8          0          0          0        236   faddsub_clz.o
        24          0          0          0          0         68   fcmpi.o
       388         76          0          0          0         96   fdiv.o
        54          4          0          0          0         84   ffix.o
        86          0          0          0          0        136   fflt_clz.o
       104          4          0          0          0         84   fleqf.o
       258          4          0          0          0         84   fmul.o
       140          4          0          0          0         84   fnaninf.o
        10          0          0          0          0         68   fretinf.o
         0          0          0          0          0          0   usenofp.o

    ----------------------------------------------------------------------
      4228        314        272          0        100       3712   Library Totals
        22          0          0          0          4          0   (incl. Padding)

    ----------------------------------------------------------------------

      Code (inc. data)   RO Data    RW Data    ZI Data      Debug   Library Name

      1700         66        272          0         96       2244   c_w.l
      2506        248          0          0          0       1468   fz_ws.l

    ----------------------------------------------------------------------
      4228        314        272          0        100       3712   Library Totals

    ----------------------------------------------------------------------

==============================================================================


      Code (inc. data)   RO Data    RW Data    ZI Data      Debug   

     22160       2160       1628        180       9660     698946   Grand Totals
     22160       2160       1628        180       9660     698946   ELF Image Totals
     22160       2160       1628        180          0          0   ROM Totals

==============================================================================

    Total RO  Size (Code + RO Data)                23788 (  23.23kB)
    Total RW  Size (RW Data + ZI Data)              9840 (   9.61kB)
    Total ROM Size (Code + RO Data + RW Data)      23968 (  23.41kB)

==============================================================================

